[0.006s] Invoking command in '/home/talon/ros2_ws/src/Sensor_drivers/ws_livox/build/livox_sdk2': /usr/bin/cmake /home/talon/ros2_ws/src/Sensor_drivers/ws_livox/src/Livox-SDK2 -DROS_EDITION=ROS2 -DHUMBLE_ROS=humble -DCMAKE_INSTALL_PREFIX=/home/talon/ros2_ws/src/Sensor_drivers/ws_livox/install/livox_sdk2
[0.052s] -- The C compiler identification is GNU 11.4.0
[0.098s] -- The CXX compiler identification is GNU 11.4.0
[0.103s] -- Detecting C compiler ABI info
[0.149s] -- Detecting C compiler ABI info - done
[0.154s] -- Check for working C compiler: /usr/bin/cc - skipped
[0.154s] -- Detecting C compile features
[0.154s] -- Detecting C compile features - done
[0.156s] -- Detecting CXX compiler ABI info
[0.221s] -- Detecting CXX compiler ABI info - done
[0.226s] -- Check for working CXX compiler: /usr/bin/c++ - skipped
[0.226s] -- Detecting CXX compile features
[0.227s] -- Detecting CXX compile features - done
[0.227s] -- main project dir: /home/talon/ros2_ws/src/Sensor_drivers/ws_livox/src/Livox-SDK2
[0.228s] -- main project dir: /home/talon/ros2_ws/src/Sensor_drivers/ws_livox/src/Livox-SDK2/samples
[0.229s] -- Configuring done
[0.241s] -- Generating done
[0.241s] [33mCMake Warning:
[0.241s]   Manually-specified variables were not used by the project:
[0.241s] 
[0.242s]     HUMBLE_ROS
[0.242s]     ROS_EDITION
[0.242s] 
[0.242s] [0m
[0.243s] -- Build files have been written to: /home/talon/ros2_ws/src/Sensor_drivers/ws_livox/build/livox_sdk2
