[0.034s] Invoking command in '/home/talon/ros2_ws/src/Sensor_drivers/ws_livox/build/livox_ros_driver2': CMAKE_PREFIX_PATH=${CMAKE_PREFIX_PATH}:/home/talon/ros2_humble/install/rqt_bag_plugins:/home/talon/ros2_humble/install/rqt_bag:/home/talon/ros2_humble/install/launch_testing_examples:/home/talon/ros2_humble/install/ros2bag:/home/talon/ros2_humble/install/tracetools_test:/home/talon/ros2_humble/install/tracetools_launch:/home/talon/ros2_humble/install/topic_monitor:/home/talon/ros2_humble/install/tf2_tools:/home/talon/ros2_humble/install/examples_tf2_py:/home/talon/ros2_humble/install/tf2_ros_py:/home/talon/ros2_humble/install/sros2:/home/talon/ros2_humble/install/rqt_topic:/home/talon/ros2_humble/install/rqt_srv:/home/talon/ros2_humble/install/rqt_shell:/home/talon/ros2_humble/install/rqt_service_caller:/home/talon/ros2_humble/install/rqt_reconfigure:/home/talon/ros2_humble/install/rqt_py_console:/home/talon/ros2_humble/install/rqt_publisher:/home/talon/ros2_humble/install/rqt_plot:/home/talon/ros2_humble/install/rqt_action:/home/talon/ros2_humble/install/rqt_msg:/home/talon/ros2_humble/install/rqt_console:/home/talon/ros2_humble/install/rqt:/home/talon/ros2_humble/install/rqt_graph:/home/talon/ros2_humble/install/rqt_gui_py:/home/talon/ros2_humble/install/rqt_gui:/home/talon/ros2_humble/install/ros2trace:/home/talon/ros2_humble/install/ros2topic:/home/talon/ros2_humble/install/ros2test:/home/talon/ros2_humble/install/ros2component:/home/talon/ros2_humble/install/ros2param:/home/talon/ros2_humble/install/ros2lifecycle:/home/talon/ros2_humble/install/ros2service:/home/talon/ros2_humble/install/ros2run:/home/talon/ros2_humble/install/ros2launch:/home/talon/ros2_humble/install/ros2pkg:/home/talon/ros2_humble/install/ros2node:/home/talon/ros2_humble/install/ros2multicast:/home/talon/ros2_humble/install/ros2interface:/home/talon/ros2_humble/install/ros2doctor:/home/talon/ros2_humble/install/ros2action:/home/talon/ros2_humble/install/ros2cli:/home/talon/ros2_humble/install/quality_of_service_demo_py:/home/talon/ros2_humble/install/lifecycle_py:/home/talon/ros2_humble/install/launch_testing_ros:/home/talon/ros2_humble/install/launch_ros:/home/talon/ros2_humble/install/examples_rclpy_pointcloud_publisher:/home/talon/ros2_humble/install/examples_rclpy_minimal_subscriber:/home/talon/ros2_humble/install/examples_rclpy_minimal_service:/home/talon/ros2_humble/install/examples_rclpy_minimal_publisher:/home/talon/ros2_humble/install/examples_rclpy_minimal_client:/home/talon/ros2_humble/install/examples_rclpy_minimal_action_server:/home/talon/ros2_humble/install/examples_rclpy_minimal_action_client:/home/talon/ros2_humble/install/examples_rclpy_guard_conditions:/home/talon/ros2_humble/install/examples_rclpy_executors:/home/talon/ros2_humble/install/demo_nodes_py:/home/talon/ros2_humble/install/camera_info_manager_py:/home/talon/ros2_humble/install/action_tutorials_py:/home/talon/ros2_humble/install/ament_uncrustify:/home/talon/ros2_humble/install/tracetools_trace:/home/talon/ros2_humble/install/tracetools_read:/home/talon/ros2_humble/install/test_tracetools_launch:/home/talon/ros2_humble/install/test_launch_ros:/home/talon/ros2_humble/install/sensor_msgs_py:/home/talon/ros2_humble/install/rpyutils:/home/talon/ros2_humble/install/rosidl_runtime_py:/home/talon/ros2_humble/install/rosidl_cli:/home/talon/ros2_humble/install/launch_pytest:/home/talon/ros2_humble/install/launch_testing:/home/talon/ros2_humble/install/launch_yaml:/home/talon/ros2_humble/install/launch_xml:/home/talon/ros2_humble/install/launch:/home/talon/ros2_humble/install/osrf_pycommon:/home/talon/ros2_humble/install/domain_coordinator:/home/talon/ros2_humble/install/ament_xmllint:/home/talon/ros2_humble/install/ament_pyflakes:/home/talon/ros2_humble/install/ament_pycodestyle:/home/talon/ros2_humble/install/ament_pep257:/home/talon/ros2_humble/install/ament_pclint:/home/talon/ros2_humble/install/ament_package:/home/talon/ros2_humble/install/ament_mypy:/home/talon/ros2_humble/install/ament_lint_cmake:/home/talon/ros2_humble/install/ament_flake8:/home/talon/ros2_humble/install/ament_copyright:/home/talon/ros2_humble/install/ament_lint:/home/talon/ros2_humble/install/ament_index_python:/home/talon/ros2_humble/install/ament_cpplint:/home/talon/ros2_humble/install/ament_cppcheck:/home/talon/ros2_humble/install/ament_clang_tidy:/home/talon/ros2_humble/install/ament_clang_format:/opt/ros/humble /usr/bin/cmake /home/talon/ros2_ws/src/Sensor_drivers/ws_livox/src/livox_ros_driver2 -DROS_EDITION=ROS2 -DHUMBLE_ROS=humble -DCMAKE_INSTALL_PREFIX=/home/talon/ros2_ws/src/Sensor_drivers/ws_livox/install/livox_ros_driver2
[0.117s] -- The C compiler identification is GNU 11.4.0
[0.171s] -- The CXX compiler identification is GNU 11.4.0
[0.180s] -- Detecting C compiler ABI info
[0.269s] -- Detecting C compiler ABI info - done
[0.273s] -- Check for working C compiler: /usr/bin/cc - skipped
[0.273s] -- Detecting C compile features
[0.273s] -- Detecting C compile features - done
[0.275s] -- Detecting CXX compiler ABI info
[0.383s] -- Detecting CXX compiler ABI info - done
[0.391s] -- Check for working CXX compiler: /usr/bin/c++ - skipped
[0.391s] -- Detecting CXX compile features
[0.392s] -- Detecting CXX compile features - done
[0.393s] -- livox_ros_driver2 version: 1.2.4
[0.402s] -- Found ament_cmake_auto: 1.3.11 (/home/talon/ros2_humble/install/ament_cmake_auto/share/ament_cmake_auto/cmake)
[2.057s] -- Found Python3: /usr/bin/python3 (found version "3.10.12") found components: Interpreter 
[4.088s] -- Using all available rosidl_typesupport_c: rosidl_typesupport_introspection_c;rosidl_typesupport_fastrtps_c
[4.128s] -- Found rosidl_adapter: 3.1.6 (/home/talon/ros2_humble/install/rosidl_adapter/share/rosidl_adapter/cmake)
[4.338s] -- Using all available rosidl_typesupport_cpp: rosidl_typesupport_introspection_cpp;rosidl_typesupport_fastrtps_cpp
[4.673s] -- Found rmw_implementation_cmake: 6.1.2 (/home/talon/ros2_humble/install/rmw_implementation_cmake/share/rmw_implementation_cmake/cmake)
[4.710s] -- Found rmw_fastrtps_cpp: 6.2.7 (/home/talon/ros2_humble/install/rmw_fastrtps_cpp/share/rmw_fastrtps_cpp/cmake)
[5.295s] -- Found OpenSSL: /usr/lib/x86_64-linux-gnu/libcrypto.so (found version "3.0.2")  
[5.441s] -- Found FastRTPS: /home/talon/ros2_humble/install/fastrtps/include  
[5.595s] -- Using RMW implementation 'rmw_fastrtps_cpp' as default
[5.644s] -- Looking for pthread.h
[6.045s] -- Looking for pthread.h - found
[6.046s] -- Performing Test CMAKE_HAVE_LIBC_PTHREAD
[6.404s] -- Performing Test CMAKE_HAVE_LIBC_PTHREAD - Success
[6.404s] -- Found Threads: TRUE  
[6.900s] -- Checking for module 'eigen3'
[7.013s] --   Found eigen3, version 3.4.0
[7.243s] -- Found Eigen: /usr/include/eigen3 (Required is at least version "3.1") 
[7.250s] -- Eigen found (include: /usr/include/eigen3, version: 3.4.0)
[7.532s] -- Checking for module 'flann'
[7.612s] --   Found flann, version 1.9.1
[7.915s] -- Found FLANN: /usr/lib/x86_64-linux-gnu/libflann_cpp.so  
[7.916s] -- FLANN found (include: /usr/include, lib: /usr/lib/x86_64-linux-gnu/libflann_cpp.so)
[11.225s] -- Checking for module 'libusb-1.0'
[11.286s] --   Found libusb-1.0, version 1.0.25
[11.376s] -- Found libusb: /usr/lib/x86_64-linux-gnu/libusb-1.0.so  
[11.377s] -- OpenNI found (version: 1.5.4.0, include: /usr/include/ni, lib: /usr/lib/libOpenNI.so;libusb::libusb)
[11.511s] -- OpenNI2 found (version: 2.2.0.33, include: /usr/include/openni2, lib: /usr/lib/x86_64-linux-gnu/libOpenNI2.so;libusb::libusb)
[11.935s] -- Eigen found (include: /usr/include/eigen3, version: 3.4.0)
[11.945s] -- OpenNI found (version: 1.5.4.0, include: /usr/include/ni, lib: /usr/lib/libOpenNI.so;libusb::libusb)
[11.957s] -- OpenNI2 found (version: 2.2.0.33, include: /usr/include/openni2, lib: /usr/lib/x86_64-linux-gnu/libOpenNI2.so;libusb::libusb)
[12.248s] -- Found Qhull version 8.0.2
[12.674s] -- OpenNI found (version: 1.5.4.0, include: /usr/include/ni, lib: /usr/lib/libOpenNI.so;libusb::libusb)
[13.152s] -- Found PCL_COMMON: /usr/lib/x86_64-linux-gnu/libpcl_common.so  
[13.153s] -- Found PCL_KDTREE: /usr/lib/x86_64-linux-gnu/libpcl_kdtree.so  
[13.154s] -- Found PCL_OCTREE: /usr/lib/x86_64-linux-gnu/libpcl_octree.so  
[13.155s] -- Found PCL_SEARCH: /usr/lib/x86_64-linux-gnu/libpcl_search.so  
[13.156s] -- Found PCL_SAMPLE_CONSENSUS: /usr/lib/x86_64-linux-gnu/libpcl_sample_consensus.so  
[13.156s] -- Found PCL_FILTERS: /usr/lib/x86_64-linux-gnu/libpcl_filters.so  
[13.157s] -- Found PCL_2D: /usr/include/pcl-1.12  
[13.157s] -- Found PCL_GEOMETRY: /usr/include/pcl-1.12  
[13.158s] -- Found PCL_IO: /usr/lib/x86_64-linux-gnu/libpcl_io.so  
[13.159s] -- Found PCL_FEATURES: /usr/lib/x86_64-linux-gnu/libpcl_features.so  
[13.160s] -- Found PCL_ML: /usr/lib/x86_64-linux-gnu/libpcl_ml.so  
[13.161s] -- Found PCL_SEGMENTATION: /usr/lib/x86_64-linux-gnu/libpcl_segmentation.so  
[13.162s] -- Found PCL_VISUALIZATION: /usr/lib/x86_64-linux-gnu/libpcl_visualization.so  
[13.163s] -- Found PCL_SURFACE: /usr/lib/x86_64-linux-gnu/libpcl_surface.so  
[13.164s] -- Found PCL_REGISTRATION: /usr/lib/x86_64-linux-gnu/libpcl_registration.so  
[13.165s] -- Found PCL_KEYPOINTS: /usr/lib/x86_64-linux-gnu/libpcl_keypoints.so  
[13.166s] -- Found PCL_TRACKING: /usr/lib/x86_64-linux-gnu/libpcl_tracking.so  
[13.167s] -- Found PCL_RECOGNITION: /usr/lib/x86_64-linux-gnu/libpcl_recognition.so  
[13.168s] -- Found PCL_STEREO: /usr/lib/x86_64-linux-gnu/libpcl_stereo.so  
[13.169s] -- Found PCL_APPS: /usr/lib/x86_64-linux-gnu/libpcl_apps.so  
[13.170s] -- Found PCL_IN_HAND_SCANNER: /usr/include/pcl-1.12  
[13.170s] -- Found PCL_MODELER: /usr/include/pcl-1.12  
[13.171s] -- Found PCL_POINT_CLOUD_EDITOR: /usr/include/pcl-1.12  
[13.172s] -- Found PCL_OUTOFCORE: /usr/lib/x86_64-linux-gnu/libpcl_outofcore.so  
[13.173s] -- Found PCL_PEOPLE: /usr/lib/x86_64-linux-gnu/libpcl_people.so  
[13.291s] -- Found PkgConfig: /usr/bin/pkg-config (found version "0.29.2") 
[13.292s] -- Checking for module 'apr-1'
[13.351s] --   Found apr-1, version 1.7.0
[13.444s] [0m/usr/include/apr-1.0[0m
[13.444s] [0mapr-1[0m
[13.995s] -- Found ament_cmake_ros: 0.10.0 (/home/talon/ros2_humble/install/ament_cmake_ros/share/ament_cmake_ros/cmake)
[14.296s] -- Using all available rosidl_typesupport_c: rosidl_typesupport_introspection_c;rosidl_typesupport_fastrtps_c
[14.829s] -- Using all available rosidl_typesupport_cpp: rosidl_typesupport_introspection_cpp;rosidl_typesupport_fastrtps_cpp
[14.879s] -- Found PythonInterp: /usr/bin/python3 (found suitable version "3.10.12", minimum required is "3.6") 
[14.888s] -- Found python_cmake_module: 0.10.0 (/home/talon/ros2_humble/install/python_cmake_module/share/python_cmake_module/cmake)
[14.947s] -- Found PythonLibs: /usr/lib/x86_64-linux-gnu/libpython3.10.so (found suitable version "3.10.12", minimum required is "3.5") 
[14.947s] -- Using PYTHON_EXECUTABLE: /usr/bin/python3
[14.947s] -- Using PYTHON_INCLUDE_DIRS: /usr/include/python3.10
[14.947s] -- Using PYTHON_LIBRARIES: /usr/lib/x86_64-linux-gnu/libpython3.10.so
[14.995s] -- Found PythonExtra: .so  
[15.670s] -- Found ament_lint_auto: 0.12.11 (/home/talon/ros2_humble/install/ament_lint_auto/share/ament_lint_auto/cmake)
[15.738s] -- Added test 'copyright' to check source files copyright and LICENSE
[15.743s] -- Added test 'cppcheck' to perform static code analysis on C / C++ code
[15.743s] -- Configured cppcheck include dirs: /home/talon/ros2_ws/src/Sensor_drivers/ws_livox/src/livox_ros_driver2/3rdparty;/home/talon/ros2_ws/src/Sensor_drivers/ws_livox/src/livox_ros_driver2/src
[15.743s] -- Configured cppcheck exclude dirs and/or files: 
[15.748s] -- Added test 'cpplint' to check C / C++ code against the Google style
[15.748s] -- Configured cpplint exclude dirs and/or files: 
[15.750s] -- Added test 'flake8' to check Python code syntax and style conventions
[15.753s] -- Added test 'lint_cmake' to check CMake code style
[15.756s] -- Added test 'pep257' to check Python code against some of the docstring style conventions in PEP 257
[15.760s] -- Added test 'uncrustify' to check C / C++ code style
[15.760s] -- Configured uncrustify additional arguments: 
[15.763s] -- Added test 'xmllint' to check XML markup files
[15.769s] -- Configuring done
[15.833s] -- Generating done
[15.846s] -- Build files have been written to: /home/talon/ros2_ws/src/Sensor_drivers/ws_livox/build/livox_ros_driver2
[15.864s] Invoked command in '/home/talon/ros2_ws/src/Sensor_drivers/ws_livox/build/livox_ros_driver2' returned '0': CMAKE_PREFIX_PATH=${CMAKE_PREFIX_PATH}:/home/talon/ros2_humble/install/rqt_bag_plugins:/home/talon/ros2_humble/install/rqt_bag:/home/talon/ros2_humble/install/launch_testing_examples:/home/talon/ros2_humble/install/ros2bag:/home/talon/ros2_humble/install/tracetools_test:/home/talon/ros2_humble/install/tracetools_launch:/home/talon/ros2_humble/install/topic_monitor:/home/talon/ros2_humble/install/tf2_tools:/home/talon/ros2_humble/install/examples_tf2_py:/home/talon/ros2_humble/install/tf2_ros_py:/home/talon/ros2_humble/install/sros2:/home/talon/ros2_humble/install/rqt_topic:/home/talon/ros2_humble/install/rqt_srv:/home/talon/ros2_humble/install/rqt_shell:/home/talon/ros2_humble/install/rqt_service_caller:/home/talon/ros2_humble/install/rqt_reconfigure:/home/talon/ros2_humble/install/rqt_py_console:/home/talon/ros2_humble/install/rqt_publisher:/home/talon/ros2_humble/install/rqt_plot:/home/talon/ros2_humble/install/rqt_action:/home/talon/ros2_humble/install/rqt_msg:/home/talon/ros2_humble/install/rqt_console:/home/talon/ros2_humble/install/rqt:/home/talon/ros2_humble/install/rqt_graph:/home/talon/ros2_humble/install/rqt_gui_py:/home/talon/ros2_humble/install/rqt_gui:/home/talon/ros2_humble/install/ros2trace:/home/talon/ros2_humble/install/ros2topic:/home/talon/ros2_humble/install/ros2test:/home/talon/ros2_humble/install/ros2component:/home/talon/ros2_humble/install/ros2param:/home/talon/ros2_humble/install/ros2lifecycle:/home/talon/ros2_humble/install/ros2service:/home/talon/ros2_humble/install/ros2run:/home/talon/ros2_humble/install/ros2launch:/home/talon/ros2_humble/install/ros2pkg:/home/talon/ros2_humble/install/ros2node:/home/talon/ros2_humble/install/ros2multicast:/home/talon/ros2_humble/install/ros2interface:/home/talon/ros2_humble/install/ros2doctor:/home/talon/ros2_humble/install/ros2action:/home/talon/ros2_humble/install/ros2cli:/home/talon/ros2_humble/install/quality_of_service_demo_py:/home/talon/ros2_humble/install/lifecycle_py:/home/talon/ros2_humble/install/launch_testing_ros:/home/talon/ros2_humble/install/launch_ros:/home/talon/ros2_humble/install/examples_rclpy_pointcloud_publisher:/home/talon/ros2_humble/install/examples_rclpy_minimal_subscriber:/home/talon/ros2_humble/install/examples_rclpy_minimal_service:/home/talon/ros2_humble/install/examples_rclpy_minimal_publisher:/home/talon/ros2_humble/install/examples_rclpy_minimal_client:/home/talon/ros2_humble/install/examples_rclpy_minimal_action_server:/home/talon/ros2_humble/install/examples_rclpy_minimal_action_client:/home/talon/ros2_humble/install/examples_rclpy_guard_conditions:/home/talon/ros2_humble/install/examples_rclpy_executors:/home/talon/ros2_humble/install/demo_nodes_py:/home/talon/ros2_humble/install/camera_info_manager_py:/home/talon/ros2_humble/install/action_tutorials_py:/home/talon/ros2_humble/install/ament_uncrustify:/home/talon/ros2_humble/install/tracetools_trace:/home/talon/ros2_humble/install/tracetools_read:/home/talon/ros2_humble/install/test_tracetools_launch:/home/talon/ros2_humble/install/test_launch_ros:/home/talon/ros2_humble/install/sensor_msgs_py:/home/talon/ros2_humble/install/rpyutils:/home/talon/ros2_humble/install/rosidl_runtime_py:/home/talon/ros2_humble/install/rosidl_cli:/home/talon/ros2_humble/install/launch_pytest:/home/talon/ros2_humble/install/launch_testing:/home/talon/ros2_humble/install/launch_yaml:/home/talon/ros2_humble/install/launch_xml:/home/talon/ros2_humble/install/launch:/home/talon/ros2_humble/install/osrf_pycommon:/home/talon/ros2_humble/install/domain_coordinator:/home/talon/ros2_humble/install/ament_xmllint:/home/talon/ros2_humble/install/ament_pyflakes:/home/talon/ros2_humble/install/ament_pycodestyle:/home/talon/ros2_humble/install/ament_pep257:/home/talon/ros2_humble/install/ament_pclint:/home/talon/ros2_humble/install/ament_package:/home/talon/ros2_humble/install/ament_mypy:/home/talon/ros2_humble/install/ament_lint_cmake:/home/talon/ros2_humble/install/ament_flake8:/home/talon/ros2_humble/install/ament_copyright:/home/talon/ros2_humble/install/ament_lint:/home/talon/ros2_humble/install/ament_index_python:/home/talon/ros2_humble/install/ament_cpplint:/home/talon/ros2_humble/install/ament_cppcheck:/home/talon/ros2_humble/install/ament_clang_tidy:/home/talon/ros2_humble/install/ament_clang_format:/opt/ros/humble /usr/bin/cmake /home/talon/ros2_ws/src/Sensor_drivers/ws_livox/src/livox_ros_driver2 -DROS_EDITION=ROS2 -DHUMBLE_ROS=humble -DCMAKE_INSTALL_PREFIX=/home/talon/ros2_ws/src/Sensor_drivers/ws_livox/install/livox_ros_driver2
[15.866s] Invoking command in '/home/talon/ros2_ws/src/Sensor_drivers/ws_livox/build/livox_ros_driver2': CMAKE_PREFIX_PATH=${CMAKE_PREFIX_PATH}:/home/talon/ros2_humble/install/rqt_bag_plugins:/home/talon/ros2_humble/install/rqt_bag:/home/talon/ros2_humble/install/launch_testing_examples:/home/talon/ros2_humble/install/ros2bag:/home/talon/ros2_humble/install/tracetools_test:/home/talon/ros2_humble/install/tracetools_launch:/home/talon/ros2_humble/install/topic_monitor:/home/talon/ros2_humble/install/tf2_tools:/home/talon/ros2_humble/install/examples_tf2_py:/home/talon/ros2_humble/install/tf2_ros_py:/home/talon/ros2_humble/install/sros2:/home/talon/ros2_humble/install/rqt_topic:/home/talon/ros2_humble/install/rqt_srv:/home/talon/ros2_humble/install/rqt_shell:/home/talon/ros2_humble/install/rqt_service_caller:/home/talon/ros2_humble/install/rqt_reconfigure:/home/talon/ros2_humble/install/rqt_py_console:/home/talon/ros2_humble/install/rqt_publisher:/home/talon/ros2_humble/install/rqt_plot:/home/talon/ros2_humble/install/rqt_action:/home/talon/ros2_humble/install/rqt_msg:/home/talon/ros2_humble/install/rqt_console:/home/talon/ros2_humble/install/rqt:/home/talon/ros2_humble/install/rqt_graph:/home/talon/ros2_humble/install/rqt_gui_py:/home/talon/ros2_humble/install/rqt_gui:/home/talon/ros2_humble/install/ros2trace:/home/talon/ros2_humble/install/ros2topic:/home/talon/ros2_humble/install/ros2test:/home/talon/ros2_humble/install/ros2component:/home/talon/ros2_humble/install/ros2param:/home/talon/ros2_humble/install/ros2lifecycle:/home/talon/ros2_humble/install/ros2service:/home/talon/ros2_humble/install/ros2run:/home/talon/ros2_humble/install/ros2launch:/home/talon/ros2_humble/install/ros2pkg:/home/talon/ros2_humble/install/ros2node:/home/talon/ros2_humble/install/ros2multicast:/home/talon/ros2_humble/install/ros2interface:/home/talon/ros2_humble/install/ros2doctor:/home/talon/ros2_humble/install/ros2action:/home/talon/ros2_humble/install/ros2cli:/home/talon/ros2_humble/install/quality_of_service_demo_py:/home/talon/ros2_humble/install/lifecycle_py:/home/talon/ros2_humble/install/launch_testing_ros:/home/talon/ros2_humble/install/launch_ros:/home/talon/ros2_humble/install/examples_rclpy_pointcloud_publisher:/home/talon/ros2_humble/install/examples_rclpy_minimal_subscriber:/home/talon/ros2_humble/install/examples_rclpy_minimal_service:/home/talon/ros2_humble/install/examples_rclpy_minimal_publisher:/home/talon/ros2_humble/install/examples_rclpy_minimal_client:/home/talon/ros2_humble/install/examples_rclpy_minimal_action_server:/home/talon/ros2_humble/install/examples_rclpy_minimal_action_client:/home/talon/ros2_humble/install/examples_rclpy_guard_conditions:/home/talon/ros2_humble/install/examples_rclpy_executors:/home/talon/ros2_humble/install/demo_nodes_py:/home/talon/ros2_humble/install/camera_info_manager_py:/home/talon/ros2_humble/install/action_tutorials_py:/home/talon/ros2_humble/install/ament_uncrustify:/home/talon/ros2_humble/install/tracetools_trace:/home/talon/ros2_humble/install/tracetools_read:/home/talon/ros2_humble/install/test_tracetools_launch:/home/talon/ros2_humble/install/test_launch_ros:/home/talon/ros2_humble/install/sensor_msgs_py:/home/talon/ros2_humble/install/rpyutils:/home/talon/ros2_humble/install/rosidl_runtime_py:/home/talon/ros2_humble/install/rosidl_cli:/home/talon/ros2_humble/install/launch_pytest:/home/talon/ros2_humble/install/launch_testing:/home/talon/ros2_humble/install/launch_yaml:/home/talon/ros2_humble/install/launch_xml:/home/talon/ros2_humble/install/launch:/home/talon/ros2_humble/install/osrf_pycommon:/home/talon/ros2_humble/install/domain_coordinator:/home/talon/ros2_humble/install/ament_xmllint:/home/talon/ros2_humble/install/ament_pyflakes:/home/talon/ros2_humble/install/ament_pycodestyle:/home/talon/ros2_humble/install/ament_pep257:/home/talon/ros2_humble/install/ament_pclint:/home/talon/ros2_humble/install/ament_package:/home/talon/ros2_humble/install/ament_mypy:/home/talon/ros2_humble/install/ament_lint_cmake:/home/talon/ros2_humble/install/ament_flake8:/home/talon/ros2_humble/install/ament_copyright:/home/talon/ros2_humble/install/ament_lint:/home/talon/ros2_humble/install/ament_index_python:/home/talon/ros2_humble/install/ament_cpplint:/home/talon/ros2_humble/install/ament_cppcheck:/home/talon/ros2_humble/install/ament_clang_tidy:/home/talon/ros2_humble/install/ament_clang_format:/opt/ros/humble /usr/bin/cmake --build /home/talon/ros2_ws/src/Sensor_drivers/ws_livox/build/livox_ros_driver2 -- -j18 -l18
[15.930s] [  1%] [34m[1mGenerating C code for ROS interfaces[0m
[15.942s] [  3%] [34m[1mGenerating C++ code for ROS interfaces[0m
[15.944s] [  5%] [32mBuilding CXX object CMakeFiles/livox_ros_driver2_node.dir/rclcpp_components/node_main_livox_ros_driver2_node.cpp.o[0m
[15.957s] [  5%] Built target ament_cmake_python_copy_livox_ros_driver2
[16.294s] running egg_info
[16.294s] creating livox_ros_driver2.egg-info
[16.295s] writing livox_ros_driver2.egg-info/PKG-INFO
[16.295s] writing dependency_links to livox_ros_driver2.egg-info/dependency_links.txt
[16.295s] writing top-level names to livox_ros_driver2.egg-info/top_level.txt
[16.299s] writing manifest file 'livox_ros_driver2.egg-info/SOURCES.txt'
[16.300s] reading manifest file 'livox_ros_driver2.egg-info/SOURCES.txt'
[16.300s] writing manifest file 'livox_ros_driver2.egg-info/SOURCES.txt'
[16.335s] [  5%] Built target ament_cmake_python_build_livox_ros_driver2_egg
[16.359s] [  5%] Built target livox_interfaces2__cpp
[16.381s] [  8%] [34m[1mGenerating C++ type support for eProsima Fast-RTPS[0m
[16.381s] [  8%] [34m[1mGenerating C++ type support dispatch for ROS interfaces[0m
[16.382s] [ 10%] [34m[1mGenerating C++ introspection for ROS interfaces[0m
[16.523s] [ 12%] [32mBuilding C object CMakeFiles/livox_interfaces2__rosidl_generator_c.dir/rosidl_generator_c/livox_ros_driver2/msg/detail/custom_msg__functions.c.o[0m
[16.525s] [ 14%] [32mBuilding C object CMakeFiles/livox_interfaces2__rosidl_generator_c.dir/rosidl_generator_c/livox_ros_driver2/msg/detail/custom_point__functions.c.o[0m
[16.590s] [ 15%] [32m[1mLinking C shared library liblivox_ros_driver2__rosidl_generator_c.so[0m
[16.641s] [ 15%] Built target livox_interfaces2__rosidl_generator_c
[16.659s] [ 17%] [34m[1mGenerating C type support for eProsima Fast-RTPS[0m
[16.663s] [ 21%] [34m[1mGenerating C type support dispatch for ROS interfaces[0m
[16.663s] [ 21%] [34m[1mGenerating C introspection for ROS interfaces[0m
[16.809s] [ 24%] [32mBuilding CXX object CMakeFiles/livox_interfaces2__rosidl_typesupport_fastrtps_cpp.dir/rosidl_typesupport_fastrtps_cpp/livox_ros_driver2/msg/detail/dds_fastrtps/custom_point__type_support.cpp.o[0m
[16.809s] [ 24%] [32mBuilding CXX object CMakeFiles/livox_interfaces2__rosidl_typesupport_fastrtps_cpp.dir/rosidl_typesupport_fastrtps_cpp/livox_ros_driver2/msg/detail/dds_fastrtps/custom_msg__type_support.cpp.o[0m
[16.971s] [ 26%] [32mBuilding CXX object CMakeFiles/livox_interfaces2__rosidl_typesupport_cpp.dir/rosidl_typesupport_cpp/livox_ros_driver2/msg/custom_point__type_support.cpp.o[0m
[16.981s] [ 28%] [32mBuilding CXX object CMakeFiles/livox_interfaces2__rosidl_typesupport_cpp.dir/rosidl_typesupport_cpp/livox_ros_driver2/msg/custom_msg__type_support.cpp.o[0m
[17.003s] [ 29%] [32mBuilding CXX object CMakeFiles/livox_interfaces2__rosidl_typesupport_introspection_cpp.dir/rosidl_typesupport_introspection_cpp/livox_ros_driver2/msg/detail/custom_msg__type_support.cpp.o[0m
[17.012s] [ 31%] [32mBuilding CXX object CMakeFiles/livox_interfaces2__rosidl_typesupport_introspection_cpp.dir/rosidl_typesupport_introspection_cpp/livox_ros_driver2/msg/detail/custom_point__type_support.cpp.o[0m
[17.115s] [ 33%] [32mBuilding CXX object CMakeFiles/livox_interfaces2__rosidl_typesupport_c.dir/rosidl_typesupport_c/livox_ros_driver2/msg/custom_point__type_support.cpp.o[0m
[17.124s] [ 35%] [32mBuilding CXX object CMakeFiles/livox_interfaces2__rosidl_typesupport_c.dir/rosidl_typesupport_c/livox_ros_driver2/msg/custom_msg__type_support.cpp.o[0m
[17.143s] [ 36%] [32mBuilding C object CMakeFiles/livox_interfaces2__rosidl_typesupport_introspection_c.dir/rosidl_typesupport_introspection_c/livox_ros_driver2/msg/detail/custom_point__type_support.c.o[0m
[17.152s] [ 38%] [32mBuilding C object CMakeFiles/livox_interfaces2__rosidl_typesupport_introspection_c.dir/rosidl_typesupport_introspection_c/livox_ros_driver2/msg/detail/custom_msg__type_support.c.o[0m
[17.169s] [ 40%] [32m[1mLinking CXX shared library liblivox_ros_driver2__rosidl_typesupport_c.so[0m
[17.223s] [ 42%] [32m[1mLinking C shared library liblivox_ros_driver2__rosidl_typesupport_introspection_c.so[0m
[17.254s] [ 42%] Built target livox_interfaces2__rosidl_typesupport_c
[17.294s] [ 43%] [32m[1mLinking CXX shared library liblivox_ros_driver2__rosidl_typesupport_fastrtps_cpp.so[0m
[17.295s] [ 43%] Built target livox_interfaces2__rosidl_typesupport_introspection_c
[17.328s] [ 45%] [32m[1mLinking CXX shared library liblivox_ros_driver2__rosidl_typesupport_cpp.so[0m
[17.364s] [ 47%] [32mBuilding CXX object CMakeFiles/livox_interfaces2__rosidl_typesupport_fastrtps_c.dir/rosidl_typesupport_fastrtps_c/livox_ros_driver2/msg/detail/custom_point__type_support_c.cpp.o[0m
[17.365s] [ 49%] [32mBuilding CXX object CMakeFiles/livox_interfaces2__rosidl_typesupport_fastrtps_c.dir/rosidl_typesupport_fastrtps_c/livox_ros_driver2/msg/detail/custom_msg__type_support_c.cpp.o[0m
[17.381s] [ 49%] Built target livox_interfaces2__rosidl_typesupport_fastrtps_cpp
[17.406s] [ 49%] Built target livox_interfaces2__rosidl_typesupport_cpp
[17.459s] [ 50%] [32m[1mLinking CXX shared library liblivox_ros_driver2__rosidl_typesupport_introspection_cpp.so[0m
[17.463s] [ 57%] [32mBuilding CXX object CMakeFiles/livox_ros_driver2.dir/src/driver_node.cpp.o[0m
[17.464s] [ 59%] [32mBuilding CXX object CMakeFiles/livox_ros_driver2.dir/src/comm/lidar_imu_data_queue.cpp.o[0m
[17.464s] [ 59%] [32mBuilding CXX object CMakeFiles/livox_ros_driver2.dir/src/lddc.cpp.o[0m
[17.464s] [ 59%] [32mBuilding CXX object CMakeFiles/livox_ros_driver2.dir/src/lds_lidar.cpp.o[0m
[17.466s] [ 59%] [32mBuilding CXX object CMakeFiles/livox_ros_driver2.dir/src/comm/comm.cpp.o[0m
[17.466s] [ 64%] [32mBuilding CXX object CMakeFiles/livox_ros_driver2.dir/src/lds.cpp.o[0m
[17.466s] [ 64%] [32mBuilding CXX object CMakeFiles/livox_ros_driver2.dir/src/livox_ros_driver2.cpp.o[0m
[17.469s] [ 64%] [32mBuilding CXX object CMakeFiles/livox_ros_driver2.dir/src/comm/semaphore.cpp.o[0m
[17.469s] [ 66%] [32mBuilding CXX object CMakeFiles/livox_ros_driver2.dir/src/comm/pub_handler.cpp.o[0m
[17.477s] [ 70%] [32mBuilding CXX object CMakeFiles/livox_ros_driver2.dir/src/comm/ldq.cpp.o[0m
[17.477s] [ 70%] [32mBuilding CXX object CMakeFiles/livox_ros_driver2.dir/src/parse_cfg_file/parse_cfg_file.cpp.o[0m
[17.477s] [ 71%] [32mBuilding CXX object CMakeFiles/livox_ros_driver2.dir/src/call_back/lidar_common_callback.cpp.o[0m
[17.477s] [ 75%] [32mBuilding CXX object CMakeFiles/livox_ros_driver2.dir/src/parse_cfg_file/parse_livox_lidar_cfg.cpp.o[0m
[17.477s] [ 73%] [32mBuilding CXX object CMakeFiles/livox_ros_driver2.dir/src/comm/cache_index.cpp.o[0m
[17.652s] [ 77%] [32mBuilding CXX object CMakeFiles/livox_ros_driver2.dir/src/call_back/livox_lidar_callback.cpp.o[0m
[17.728s] [ 78%] [32m[1mLinking CXX shared library liblivox_ros_driver2__rosidl_typesupport_fastrtps_c.so[0m
[17.743s] [ 78%] Built target livox_interfaces2__rosidl_typesupport_introspection_cpp
[17.964s] [ 78%] Built target livox_interfaces2__rosidl_typesupport_fastrtps_c
[18.031s] [ 78%] Built target livox_interfaces2
[18.085s] [ 80%] [34m[1mGenerating Python code for ROS interfaces[0m
[18.691s] [ 80%] Built target livox_interfaces2__py
[18.731s] [ 82%] [32mBuilding C object CMakeFiles/livox_interfaces2__rosidl_generator_py.dir/rosidl_generator_py/livox_ros_driver2/msg/_custom_msg_s.c.o[0m
[18.734s] [ 84%] [32mBuilding C object CMakeFiles/livox_interfaces2__rosidl_generator_py.dir/rosidl_generator_py/livox_ros_driver2/msg/_custom_point_s.c.o[0m
[18.744s] [ 85%] [32m[1mLinking CXX executable livox_ros_driver2_node[0m
[18.823s] [ 87%] [32m[1mLinking C shared library rosidl_generator_py/livox_ros_driver2/liblivox_interfaces2__rosidl_generator_py.so[0m
[18.882s] [ 87%] Built target livox_interfaces2__rosidl_generator_py
[18.932s] [ 89%] [32mBuilding C object CMakeFiles/livox_ros_driver2__rosidl_typesupport_introspection_c__pyext.dir/rosidl_generator_py/livox_ros_driver2/_livox_ros_driver2_s.ep.rosidl_typesupport_introspection_c.c.o[0m
[18.935s] [ 92%] [32mBuilding C object CMakeFiles/livox_ros_driver2__rosidl_typesupport_c__pyext.dir/rosidl_generator_py/livox_ros_driver2/_livox_ros_driver2_s.ep.rosidl_typesupport_c.c.o[0m
[18.935s] [ 92%] [32mBuilding C object CMakeFiles/livox_ros_driver2__rosidl_typesupport_fastrtps_c__pyext.dir/rosidl_generator_py/livox_ros_driver2/_livox_ros_driver2_s.ep.rosidl_typesupport_fastrtps_c.c.o[0m
[19.025s] [ 94%] [32m[1mLinking C shared library rosidl_generator_py/livox_ros_driver2/livox_ros_driver2_s__rosidl_typesupport_c.cpython-310-x86_64-linux-gnu.so[0m
[19.028s] [ 96%] [32m[1mLinking C shared library rosidl_generator_py/livox_ros_driver2/livox_ros_driver2_s__rosidl_typesupport_introspection_c.cpython-310-x86_64-linux-gnu.so[0m
[19.084s] [ 98%] [32m[1mLinking C shared library rosidl_generator_py/livox_ros_driver2/livox_ros_driver2_s__rosidl_typesupport_fastrtps_c.cpython-310-x86_64-linux-gnu.so[0m
[19.106s] [ 98%] Built target livox_ros_driver2__rosidl_typesupport_c__pyext
[19.108s] [ 98%] Built target livox_ros_driver2__rosidl_typesupport_introspection_c__pyext
[19.155s] [ 98%] Built target livox_ros_driver2_node
[19.161s] [ 98%] Built target livox_ros_driver2__rosidl_typesupport_fastrtps_c__pyext
[23.991s] [100%] [32m[1mLinking CXX shared library liblivox_ros_driver2.so[0m
[25.232s] [100%] Built target livox_ros_driver2
[25.247s] Invoked command in '/home/talon/ros2_ws/src/Sensor_drivers/ws_livox/build/livox_ros_driver2' returned '0': CMAKE_PREFIX_PATH=${CMAKE_PREFIX_PATH}:/home/talon/ros2_humble/install/rqt_bag_plugins:/home/talon/ros2_humble/install/rqt_bag:/home/talon/ros2_humble/install/launch_testing_examples:/home/talon/ros2_humble/install/ros2bag:/home/talon/ros2_humble/install/tracetools_test:/home/talon/ros2_humble/install/tracetools_launch:/home/talon/ros2_humble/install/topic_monitor:/home/talon/ros2_humble/install/tf2_tools:/home/talon/ros2_humble/install/examples_tf2_py:/home/talon/ros2_humble/install/tf2_ros_py:/home/talon/ros2_humble/install/sros2:/home/talon/ros2_humble/install/rqt_topic:/home/talon/ros2_humble/install/rqt_srv:/home/talon/ros2_humble/install/rqt_shell:/home/talon/ros2_humble/install/rqt_service_caller:/home/talon/ros2_humble/install/rqt_reconfigure:/home/talon/ros2_humble/install/rqt_py_console:/home/talon/ros2_humble/install/rqt_publisher:/home/talon/ros2_humble/install/rqt_plot:/home/talon/ros2_humble/install/rqt_action:/home/talon/ros2_humble/install/rqt_msg:/home/talon/ros2_humble/install/rqt_console:/home/talon/ros2_humble/install/rqt:/home/talon/ros2_humble/install/rqt_graph:/home/talon/ros2_humble/install/rqt_gui_py:/home/talon/ros2_humble/install/rqt_gui:/home/talon/ros2_humble/install/ros2trace:/home/talon/ros2_humble/install/ros2topic:/home/talon/ros2_humble/install/ros2test:/home/talon/ros2_humble/install/ros2component:/home/talon/ros2_humble/install/ros2param:/home/talon/ros2_humble/install/ros2lifecycle:/home/talon/ros2_humble/install/ros2service:/home/talon/ros2_humble/install/ros2run:/home/talon/ros2_humble/install/ros2launch:/home/talon/ros2_humble/install/ros2pkg:/home/talon/ros2_humble/install/ros2node:/home/talon/ros2_humble/install/ros2multicast:/home/talon/ros2_humble/install/ros2interface:/home/talon/ros2_humble/install/ros2doctor:/home/talon/ros2_humble/install/ros2action:/home/talon/ros2_humble/install/ros2cli:/home/talon/ros2_humble/install/quality_of_service_demo_py:/home/talon/ros2_humble/install/lifecycle_py:/home/talon/ros2_humble/install/launch_testing_ros:/home/talon/ros2_humble/install/launch_ros:/home/talon/ros2_humble/install/examples_rclpy_pointcloud_publisher:/home/talon/ros2_humble/install/examples_rclpy_minimal_subscriber:/home/talon/ros2_humble/install/examples_rclpy_minimal_service:/home/talon/ros2_humble/install/examples_rclpy_minimal_publisher:/home/talon/ros2_humble/install/examples_rclpy_minimal_client:/home/talon/ros2_humble/install/examples_rclpy_minimal_action_server:/home/talon/ros2_humble/install/examples_rclpy_minimal_action_client:/home/talon/ros2_humble/install/examples_rclpy_guard_conditions:/home/talon/ros2_humble/install/examples_rclpy_executors:/home/talon/ros2_humble/install/demo_nodes_py:/home/talon/ros2_humble/install/camera_info_manager_py:/home/talon/ros2_humble/install/action_tutorials_py:/home/talon/ros2_humble/install/ament_uncrustify:/home/talon/ros2_humble/install/tracetools_trace:/home/talon/ros2_humble/install/tracetools_read:/home/talon/ros2_humble/install/test_tracetools_launch:/home/talon/ros2_humble/install/test_launch_ros:/home/talon/ros2_humble/install/sensor_msgs_py:/home/talon/ros2_humble/install/rpyutils:/home/talon/ros2_humble/install/rosidl_runtime_py:/home/talon/ros2_humble/install/rosidl_cli:/home/talon/ros2_humble/install/launch_pytest:/home/talon/ros2_humble/install/launch_testing:/home/talon/ros2_humble/install/launch_yaml:/home/talon/ros2_humble/install/launch_xml:/home/talon/ros2_humble/install/launch:/home/talon/ros2_humble/install/osrf_pycommon:/home/talon/ros2_humble/install/domain_coordinator:/home/talon/ros2_humble/install/ament_xmllint:/home/talon/ros2_humble/install/ament_pyflakes:/home/talon/ros2_humble/install/ament_pycodestyle:/home/talon/ros2_humble/install/ament_pep257:/home/talon/ros2_humble/install/ament_pclint:/home/talon/ros2_humble/install/ament_package:/home/talon/ros2_humble/install/ament_mypy:/home/talon/ros2_humble/install/ament_lint_cmake:/home/talon/ros2_humble/install/ament_flake8:/home/talon/ros2_humble/install/ament_copyright:/home/talon/ros2_humble/install/ament_lint:/home/talon/ros2_humble/install/ament_index_python:/home/talon/ros2_humble/install/ament_cpplint:/home/talon/ros2_humble/install/ament_cppcheck:/home/talon/ros2_humble/install/ament_clang_tidy:/home/talon/ros2_humble/install/ament_clang_format:/opt/ros/humble /usr/bin/cmake --build /home/talon/ros2_ws/src/Sensor_drivers/ws_livox/build/livox_ros_driver2 -- -j18 -l18
[25.250s] Invoking command in '/home/talon/ros2_ws/src/Sensor_drivers/ws_livox/build/livox_ros_driver2': CMAKE_PREFIX_PATH=${CMAKE_PREFIX_PATH}:/home/talon/ros2_humble/install/rqt_bag_plugins:/home/talon/ros2_humble/install/rqt_bag:/home/talon/ros2_humble/install/launch_testing_examples:/home/talon/ros2_humble/install/ros2bag:/home/talon/ros2_humble/install/tracetools_test:/home/talon/ros2_humble/install/tracetools_launch:/home/talon/ros2_humble/install/topic_monitor:/home/talon/ros2_humble/install/tf2_tools:/home/talon/ros2_humble/install/examples_tf2_py:/home/talon/ros2_humble/install/tf2_ros_py:/home/talon/ros2_humble/install/sros2:/home/talon/ros2_humble/install/rqt_topic:/home/talon/ros2_humble/install/rqt_srv:/home/talon/ros2_humble/install/rqt_shell:/home/talon/ros2_humble/install/rqt_service_caller:/home/talon/ros2_humble/install/rqt_reconfigure:/home/talon/ros2_humble/install/rqt_py_console:/home/talon/ros2_humble/install/rqt_publisher:/home/talon/ros2_humble/install/rqt_plot:/home/talon/ros2_humble/install/rqt_action:/home/talon/ros2_humble/install/rqt_msg:/home/talon/ros2_humble/install/rqt_console:/home/talon/ros2_humble/install/rqt:/home/talon/ros2_humble/install/rqt_graph:/home/talon/ros2_humble/install/rqt_gui_py:/home/talon/ros2_humble/install/rqt_gui:/home/talon/ros2_humble/install/ros2trace:/home/talon/ros2_humble/install/ros2topic:/home/talon/ros2_humble/install/ros2test:/home/talon/ros2_humble/install/ros2component:/home/talon/ros2_humble/install/ros2param:/home/talon/ros2_humble/install/ros2lifecycle:/home/talon/ros2_humble/install/ros2service:/home/talon/ros2_humble/install/ros2run:/home/talon/ros2_humble/install/ros2launch:/home/talon/ros2_humble/install/ros2pkg:/home/talon/ros2_humble/install/ros2node:/home/talon/ros2_humble/install/ros2multicast:/home/talon/ros2_humble/install/ros2interface:/home/talon/ros2_humble/install/ros2doctor:/home/talon/ros2_humble/install/ros2action:/home/talon/ros2_humble/install/ros2cli:/home/talon/ros2_humble/install/quality_of_service_demo_py:/home/talon/ros2_humble/install/lifecycle_py:/home/talon/ros2_humble/install/launch_testing_ros:/home/talon/ros2_humble/install/launch_ros:/home/talon/ros2_humble/install/examples_rclpy_pointcloud_publisher:/home/talon/ros2_humble/install/examples_rclpy_minimal_subscriber:/home/talon/ros2_humble/install/examples_rclpy_minimal_service:/home/talon/ros2_humble/install/examples_rclpy_minimal_publisher:/home/talon/ros2_humble/install/examples_rclpy_minimal_client:/home/talon/ros2_humble/install/examples_rclpy_minimal_action_server:/home/talon/ros2_humble/install/examples_rclpy_minimal_action_client:/home/talon/ros2_humble/install/examples_rclpy_guard_conditions:/home/talon/ros2_humble/install/examples_rclpy_executors:/home/talon/ros2_humble/install/demo_nodes_py:/home/talon/ros2_humble/install/camera_info_manager_py:/home/talon/ros2_humble/install/action_tutorials_py:/home/talon/ros2_humble/install/ament_uncrustify:/home/talon/ros2_humble/install/tracetools_trace:/home/talon/ros2_humble/install/tracetools_read:/home/talon/ros2_humble/install/test_tracetools_launch:/home/talon/ros2_humble/install/test_launch_ros:/home/talon/ros2_humble/install/sensor_msgs_py:/home/talon/ros2_humble/install/rpyutils:/home/talon/ros2_humble/install/rosidl_runtime_py:/home/talon/ros2_humble/install/rosidl_cli:/home/talon/ros2_humble/install/launch_pytest:/home/talon/ros2_humble/install/launch_testing:/home/talon/ros2_humble/install/launch_yaml:/home/talon/ros2_humble/install/launch_xml:/home/talon/ros2_humble/install/launch:/home/talon/ros2_humble/install/osrf_pycommon:/home/talon/ros2_humble/install/domain_coordinator:/home/talon/ros2_humble/install/ament_xmllint:/home/talon/ros2_humble/install/ament_pyflakes:/home/talon/ros2_humble/install/ament_pycodestyle:/home/talon/ros2_humble/install/ament_pep257:/home/talon/ros2_humble/install/ament_pclint:/home/talon/ros2_humble/install/ament_package:/home/talon/ros2_humble/install/ament_mypy:/home/talon/ros2_humble/install/ament_lint_cmake:/home/talon/ros2_humble/install/ament_flake8:/home/talon/ros2_humble/install/ament_copyright:/home/talon/ros2_humble/install/ament_lint:/home/talon/ros2_humble/install/ament_index_python:/home/talon/ros2_humble/install/ament_cpplint:/home/talon/ros2_humble/install/ament_cppcheck:/home/talon/ros2_humble/install/ament_clang_tidy:/home/talon/ros2_humble/install/ament_clang_format:/opt/ros/humble /usr/bin/cmake --install /home/talon/ros2_ws/src/Sensor_drivers/ws_livox/build/livox_ros_driver2
[25.259s] -- Install configuration: ""
[25.259s] -- Installing: /home/talon/ros2_ws/src/Sensor_drivers/ws_livox/install/livox_ros_driver2/share/ament_index/resource_index/rosidl_interfaces/livox_ros_driver2
[25.259s] -- Installing: /home/talon/ros2_ws/src/Sensor_drivers/ws_livox/install/livox_ros_driver2/include/livox_ros_driver2/livox_ros_driver2
[25.259s] -- Installing: /home/talon/ros2_ws/src/Sensor_drivers/ws_livox/install/livox_ros_driver2/include/livox_ros_driver2/livox_ros_driver2/msg
[25.259s] -- Installing: /home/talon/ros2_ws/src/Sensor_drivers/ws_livox/install/livox_ros_driver2/include/livox_ros_driver2/livox_ros_driver2/msg/detail
[25.259s] -- Installing: /home/talon/ros2_ws/src/Sensor_drivers/ws_livox/install/livox_ros_driver2/include/livox_ros_driver2/livox_ros_driver2/msg/detail/custom_msg__struct.h
[25.259s] -- Installing: /home/talon/ros2_ws/src/Sensor_drivers/ws_livox/install/livox_ros_driver2/include/livox_ros_driver2/livox_ros_driver2/msg/detail/custom_point__type_support.h
[25.259s] -- Installing: /home/talon/ros2_ws/src/Sensor_drivers/ws_livox/install/livox_ros_driver2/include/livox_ros_driver2/livox_ros_driver2/msg/detail/custom_msg__type_support.h
[25.260s] -- Installing: /home/talon/ros2_ws/src/Sensor_drivers/ws_livox/install/livox_ros_driver2/include/livox_ros_driver2/livox_ros_driver2/msg/detail/custom_msg__functions.c
[25.260s] -- Installing: /home/talon/ros2_ws/src/Sensor_drivers/ws_livox/install/livox_ros_driver2/include/livox_ros_driver2/livox_ros_driver2/msg/detail/custom_point__functions.c
[25.260s] -- Installing: /home/talon/ros2_ws/src/Sensor_drivers/ws_livox/install/livox_ros_driver2/include/livox_ros_driver2/livox_ros_driver2/msg/detail/custom_point__struct.h
[25.260s] -- Installing: /home/talon/ros2_ws/src/Sensor_drivers/ws_livox/install/livox_ros_driver2/include/livox_ros_driver2/livox_ros_driver2/msg/detail/custom_msg__functions.h
[25.260s] -- Installing: /home/talon/ros2_ws/src/Sensor_drivers/ws_livox/install/livox_ros_driver2/include/livox_ros_driver2/livox_ros_driver2/msg/detail/custom_point__functions.h
[25.260s] -- Installing: /home/talon/ros2_ws/src/Sensor_drivers/ws_livox/install/livox_ros_driver2/include/livox_ros_driver2/livox_ros_driver2/msg/custom_msg.h
[25.260s] -- Installing: /home/talon/ros2_ws/src/Sensor_drivers/ws_livox/install/livox_ros_driver2/include/livox_ros_driver2/livox_ros_driver2/msg/custom_point.h
[25.260s] -- Installing: /home/talon/ros2_ws/src/Sensor_drivers/ws_livox/install/livox_ros_driver2/include/livox_ros_driver2/livox_ros_driver2/msg/rosidl_generator_c__visibility_control.h
[25.260s] -- Installing: /home/talon/ros2_ws/src/Sensor_drivers/ws_livox/install/livox_ros_driver2/share/livox_ros_driver2/environment/library_path.sh
[25.260s] -- Installing: /home/talon/ros2_ws/src/Sensor_drivers/ws_livox/install/livox_ros_driver2/share/livox_ros_driver2/environment/library_path.dsv
[25.260s] -- Installing: /home/talon/ros2_ws/src/Sensor_drivers/ws_livox/install/livox_ros_driver2/lib/liblivox_ros_driver2__rosidl_generator_c.so
[25.261s] -- Set runtime path of "/home/talon/ros2_ws/src/Sensor_drivers/ws_livox/install/livox_ros_driver2/lib/liblivox_ros_driver2__rosidl_generator_c.so" to ""
[25.261s] -- Up-to-date: /home/talon/ros2_ws/src/Sensor_drivers/ws_livox/install/livox_ros_driver2/include/livox_ros_driver2/livox_ros_driver2
[25.261s] -- Up-to-date: /home/talon/ros2_ws/src/Sensor_drivers/ws_livox/install/livox_ros_driver2/include/livox_ros_driver2/livox_ros_driver2/msg
[25.261s] -- Up-to-date: /home/talon/ros2_ws/src/Sensor_drivers/ws_livox/install/livox_ros_driver2/include/livox_ros_driver2/livox_ros_driver2/msg/detail
[25.261s] -- Installing: /home/talon/ros2_ws/src/Sensor_drivers/ws_livox/install/livox_ros_driver2/include/livox_ros_driver2/livox_ros_driver2/msg/detail/custom_msg__type_support.c
[25.261s] -- Installing: /home/talon/ros2_ws/src/Sensor_drivers/ws_livox/install/livox_ros_driver2/include/livox_ros_driver2/livox_ros_driver2/msg/detail/custom_point__type_support.c
[25.261s] -- Installing: /home/talon/ros2_ws/src/Sensor_drivers/ws_livox/install/livox_ros_driver2/include/livox_ros_driver2/livox_ros_driver2/msg/detail/custom_point__rosidl_typesupport_introspection_c.h
[25.261s] -- Installing: /home/talon/ros2_ws/src/Sensor_drivers/ws_livox/install/livox_ros_driver2/include/livox_ros_driver2/livox_ros_driver2/msg/detail/custom_msg__rosidl_typesupport_introspection_c.h
[25.261s] -- Installing: /home/talon/ros2_ws/src/Sensor_drivers/ws_livox/install/livox_ros_driver2/include/livox_ros_driver2/livox_ros_driver2/msg/rosidl_typesupport_introspection_c__visibility_control.h
[25.261s] -- Installing: /home/talon/ros2_ws/src/Sensor_drivers/ws_livox/install/livox_ros_driver2/lib/liblivox_ros_driver2__rosidl_typesupport_introspection_c.so
[25.261s] -- Set runtime path of "/home/talon/ros2_ws/src/Sensor_drivers/ws_livox/install/livox_ros_driver2/lib/liblivox_ros_driver2__rosidl_typesupport_introspection_c.so" to ""
[25.261s] -- Up-to-date: /home/talon/ros2_ws/src/Sensor_drivers/ws_livox/install/livox_ros_driver2/include/livox_ros_driver2/livox_ros_driver2
[25.261s] -- Up-to-date: /home/talon/ros2_ws/src/Sensor_drivers/ws_livox/install/livox_ros_driver2/include/livox_ros_driver2/livox_ros_driver2/msg
[25.261s] -- Installing: /home/talon/ros2_ws/src/Sensor_drivers/ws_livox/install/livox_ros_driver2/include/livox_ros_driver2/livox_ros_driver2/msg/rosidl_typesupport_fastrtps_c__visibility_control.h
[25.261s] -- Up-to-date: /home/talon/ros2_ws/src/Sensor_drivers/ws_livox/install/livox_ros_driver2/include/livox_ros_driver2/livox_ros_driver2/msg/detail
[25.262s] -- Installing: /home/talon/ros2_ws/src/Sensor_drivers/ws_livox/install/livox_ros_driver2/include/livox_ros_driver2/livox_ros_driver2/msg/detail/custom_point__rosidl_typesupport_fastrtps_c.h
[25.262s] -- Installing: /home/talon/ros2_ws/src/Sensor_drivers/ws_livox/install/livox_ros_driver2/include/livox_ros_driver2/livox_ros_driver2/msg/detail/custom_msg__rosidl_typesupport_fastrtps_c.h
[25.262s] -- Installing: /home/talon/ros2_ws/src/Sensor_drivers/ws_livox/install/livox_ros_driver2/lib/liblivox_ros_driver2__rosidl_typesupport_fastrtps_c.so
[25.262s] -- Set runtime path of "/home/talon/ros2_ws/src/Sensor_drivers/ws_livox/install/livox_ros_driver2/lib/liblivox_ros_driver2__rosidl_typesupport_fastrtps_c.so" to ""
[25.262s] -- Installing: /home/talon/ros2_ws/src/Sensor_drivers/ws_livox/install/livox_ros_driver2/lib/liblivox_ros_driver2__rosidl_typesupport_c.so
[25.262s] -- Set runtime path of "/home/talon/ros2_ws/src/Sensor_drivers/ws_livox/install/livox_ros_driver2/lib/liblivox_ros_driver2__rosidl_typesupport_c.so" to ""
[25.262s] -- Up-to-date: /home/talon/ros2_ws/src/Sensor_drivers/ws_livox/install/livox_ros_driver2/include/livox_ros_driver2/livox_ros_driver2
[25.262s] -- Up-to-date: /home/talon/ros2_ws/src/Sensor_drivers/ws_livox/install/livox_ros_driver2/include/livox_ros_driver2/livox_ros_driver2/msg
[25.262s] -- Installing: /home/talon/ros2_ws/src/Sensor_drivers/ws_livox/install/livox_ros_driver2/include/livox_ros_driver2/livox_ros_driver2/msg/custom_msg.hpp
[25.262s] -- Installing: /home/talon/ros2_ws/src/Sensor_drivers/ws_livox/install/livox_ros_driver2/include/livox_ros_driver2/livox_ros_driver2/msg/custom_point.hpp
[25.262s] -- Up-to-date: /home/talon/ros2_ws/src/Sensor_drivers/ws_livox/install/livox_ros_driver2/include/livox_ros_driver2/livox_ros_driver2/msg/detail
[25.262s] -- Installing: /home/talon/ros2_ws/src/Sensor_drivers/ws_livox/install/livox_ros_driver2/include/livox_ros_driver2/livox_ros_driver2/msg/detail/custom_point__traits.hpp
[25.263s] -- Installing: /home/talon/ros2_ws/src/Sensor_drivers/ws_livox/install/livox_ros_driver2/include/livox_ros_driver2/livox_ros_driver2/msg/detail/custom_point__type_support.hpp
[25.263s] -- Installing: /home/talon/ros2_ws/src/Sensor_drivers/ws_livox/install/livox_ros_driver2/include/livox_ros_driver2/livox_ros_driver2/msg/detail/custom_msg__builder.hpp
[25.263s] -- Installing: /home/talon/ros2_ws/src/Sensor_drivers/ws_livox/install/livox_ros_driver2/include/livox_ros_driver2/livox_ros_driver2/msg/detail/custom_msg__traits.hpp
[25.263s] -- Installing: /home/talon/ros2_ws/src/Sensor_drivers/ws_livox/install/livox_ros_driver2/include/livox_ros_driver2/livox_ros_driver2/msg/detail/custom_point__builder.hpp
[25.263s] -- Installing: /home/talon/ros2_ws/src/Sensor_drivers/ws_livox/install/livox_ros_driver2/include/livox_ros_driver2/livox_ros_driver2/msg/detail/custom_msg__type_support.hpp
[25.263s] -- Installing: /home/talon/ros2_ws/src/Sensor_drivers/ws_livox/install/livox_ros_driver2/include/livox_ros_driver2/livox_ros_driver2/msg/detail/custom_point__struct.hpp
[25.263s] -- Installing: /home/talon/ros2_ws/src/Sensor_drivers/ws_livox/install/livox_ros_driver2/include/livox_ros_driver2/livox_ros_driver2/msg/detail/custom_msg__struct.hpp
[25.263s] -- Installing: /home/talon/ros2_ws/src/Sensor_drivers/ws_livox/install/livox_ros_driver2/include/livox_ros_driver2/livox_ros_driver2/msg/rosidl_generator_cpp__visibility_control.hpp
[25.263s] -- Up-to-date: /home/talon/ros2_ws/src/Sensor_drivers/ws_livox/install/livox_ros_driver2/include/livox_ros_driver2/livox_ros_driver2
[25.263s] -- Up-to-date: /home/talon/ros2_ws/src/Sensor_drivers/ws_livox/install/livox_ros_driver2/include/livox_ros_driver2/livox_ros_driver2/msg
[25.263s] -- Up-to-date: /home/talon/ros2_ws/src/Sensor_drivers/ws_livox/install/livox_ros_driver2/include/livox_ros_driver2/livox_ros_driver2/msg/detail
[25.263s] -- Installing: /home/talon/ros2_ws/src/Sensor_drivers/ws_livox/install/livox_ros_driver2/include/livox_ros_driver2/livox_ros_driver2/msg/detail/custom_point__type_support.cpp
[25.263s] -- Installing: /home/talon/ros2_ws/src/Sensor_drivers/ws_livox/install/livox_ros_driver2/include/livox_ros_driver2/livox_ros_driver2/msg/detail/custom_msg__type_support.cpp
[25.263s] -- Installing: /home/talon/ros2_ws/src/Sensor_drivers/ws_livox/install/livox_ros_driver2/include/livox_ros_driver2/livox_ros_driver2/msg/detail/custom_msg__rosidl_typesupport_introspection_cpp.hpp
[25.263s] -- Installing: /home/talon/ros2_ws/src/Sensor_drivers/ws_livox/install/livox_ros_driver2/include/livox_ros_driver2/livox_ros_driver2/msg/detail/custom_point__rosidl_typesupport_introspection_cpp.hpp
[25.263s] -- Installing: /home/talon/ros2_ws/src/Sensor_drivers/ws_livox/install/livox_ros_driver2/lib/liblivox_ros_driver2__rosidl_typesupport_introspection_cpp.so
[25.264s] -- Set runtime path of "/home/talon/ros2_ws/src/Sensor_drivers/ws_livox/install/livox_ros_driver2/lib/liblivox_ros_driver2__rosidl_typesupport_introspection_cpp.so" to ""
[25.264s] -- Up-to-date: /home/talon/ros2_ws/src/Sensor_drivers/ws_livox/install/livox_ros_driver2/include/livox_ros_driver2/livox_ros_driver2
[25.264s] -- Up-to-date: /home/talon/ros2_ws/src/Sensor_drivers/ws_livox/install/livox_ros_driver2/include/livox_ros_driver2/livox_ros_driver2/msg
[25.264s] -- Up-to-date: /home/talon/ros2_ws/src/Sensor_drivers/ws_livox/install/livox_ros_driver2/include/livox_ros_driver2/livox_ros_driver2/msg/detail
[25.264s] -- Installing: /home/talon/ros2_ws/src/Sensor_drivers/ws_livox/install/livox_ros_driver2/include/livox_ros_driver2/livox_ros_driver2/msg/detail/custom_msg__rosidl_typesupport_fastrtps_cpp.hpp
[25.264s] -- Installing: /home/talon/ros2_ws/src/Sensor_drivers/ws_livox/install/livox_ros_driver2/include/livox_ros_driver2/livox_ros_driver2/msg/detail/custom_point__rosidl_typesupport_fastrtps_cpp.hpp
[25.264s] -- Installing: /home/talon/ros2_ws/src/Sensor_drivers/ws_livox/install/livox_ros_driver2/include/livox_ros_driver2/livox_ros_driver2/msg/detail/dds_fastrtps
[25.264s] -- Installing: /home/talon/ros2_ws/src/Sensor_drivers/ws_livox/install/livox_ros_driver2/include/livox_ros_driver2/livox_ros_driver2/msg/rosidl_typesupport_fastrtps_cpp__visibility_control.h
[25.264s] -- Installing: /home/talon/ros2_ws/src/Sensor_drivers/ws_livox/install/livox_ros_driver2/lib/liblivox_ros_driver2__rosidl_typesupport_fastrtps_cpp.so
[25.264s] -- Set runtime path of "/home/talon/ros2_ws/src/Sensor_drivers/ws_livox/install/livox_ros_driver2/lib/liblivox_ros_driver2__rosidl_typesupport_fastrtps_cpp.so" to ""
[25.264s] -- Installing: /home/talon/ros2_ws/src/Sensor_drivers/ws_livox/install/livox_ros_driver2/lib/liblivox_ros_driver2__rosidl_typesupport_cpp.so
[25.264s] -- Set runtime path of "/home/talon/ros2_ws/src/Sensor_drivers/ws_livox/install/livox_ros_driver2/lib/liblivox_ros_driver2__rosidl_typesupport_cpp.so" to ""
[25.264s] -- Installing: /home/talon/ros2_ws/src/Sensor_drivers/ws_livox/install/livox_ros_driver2/share/livox_ros_driver2/environment/pythonpath.sh
[25.264s] -- Installing: /home/talon/ros2_ws/src/Sensor_drivers/ws_livox/install/livox_ros_driver2/share/livox_ros_driver2/environment/pythonpath.dsv
[25.264s] -- Installing: /home/talon/ros2_ws/src/Sensor_drivers/ws_livox/install/livox_ros_driver2/local/lib/python3.10/dist-packages/livox_ros_driver2-1.0.0-py3.10.egg-info
[25.264s] -- Installing: /home/talon/ros2_ws/src/Sensor_drivers/ws_livox/install/livox_ros_driver2/local/lib/python3.10/dist-packages/livox_ros_driver2-1.0.0-py3.10.egg-info/PKG-INFO
[25.264s] -- Installing: /home/talon/ros2_ws/src/Sensor_drivers/ws_livox/install/livox_ros_driver2/local/lib/python3.10/dist-packages/livox_ros_driver2-1.0.0-py3.10.egg-info/top_level.txt
[25.264s] -- Installing: /home/talon/ros2_ws/src/Sensor_drivers/ws_livox/install/livox_ros_driver2/local/lib/python3.10/dist-packages/livox_ros_driver2-1.0.0-py3.10.egg-info/SOURCES.txt
[25.264s] -- Installing: /home/talon/ros2_ws/src/Sensor_drivers/ws_livox/install/livox_ros_driver2/local/lib/python3.10/dist-packages/livox_ros_driver2-1.0.0-py3.10.egg-info/dependency_links.txt
[25.264s] -- Installing: /home/talon/ros2_ws/src/Sensor_drivers/ws_livox/install/livox_ros_driver2/local/lib/python3.10/dist-packages/livox_ros_driver2
[25.264s] -- Installing: /home/talon/ros2_ws/src/Sensor_drivers/ws_livox/install/livox_ros_driver2/local/lib/python3.10/dist-packages/livox_ros_driver2/_livox_ros_driver2_s.ep.rosidl_typesupport_introspection_c.c
[25.264s] -- Installing: /home/talon/ros2_ws/src/Sensor_drivers/ws_livox/install/livox_ros_driver2/local/lib/python3.10/dist-packages/livox_ros_driver2/livox_ros_driver2_s__rosidl_typesupport_introspection_c.cpython-310-x86_64-linux-gnu.so
[25.264s] -- Installing: /home/talon/ros2_ws/src/Sensor_drivers/ws_livox/install/livox_ros_driver2/local/lib/python3.10/dist-packages/livox_ros_driver2/liblivox_interfaces2__rosidl_generator_py.so
[25.264s] -- Installing: /home/talon/ros2_ws/src/Sensor_drivers/ws_livox/install/livox_ros_driver2/local/lib/python3.10/dist-packages/livox_ros_driver2/__init__.py
[25.264s] -- Installing: /home/talon/ros2_ws/src/Sensor_drivers/ws_livox/install/livox_ros_driver2/local/lib/python3.10/dist-packages/livox_ros_driver2/msg
[25.265s] -- Installing: /home/talon/ros2_ws/src/Sensor_drivers/ws_livox/install/livox_ros_driver2/local/lib/python3.10/dist-packages/livox_ros_driver2/msg/_custom_msg.py
[25.265s] -- Installing: /home/talon/ros2_ws/src/Sensor_drivers/ws_livox/install/livox_ros_driver2/local/lib/python3.10/dist-packages/livox_ros_driver2/msg/__init__.py
[25.265s] -- Installing: /home/talon/ros2_ws/src/Sensor_drivers/ws_livox/install/livox_ros_driver2/local/lib/python3.10/dist-packages/livox_ros_driver2/msg/_custom_msg_s.c
[25.265s] -- Installing: /home/talon/ros2_ws/src/Sensor_drivers/ws_livox/install/livox_ros_driver2/local/lib/python3.10/dist-packages/livox_ros_driver2/msg/_custom_point.py
[25.265s] -- Installing: /home/talon/ros2_ws/src/Sensor_drivers/ws_livox/install/livox_ros_driver2/local/lib/python3.10/dist-packages/livox_ros_driver2/msg/_custom_point_s.c
[25.265s] -- Installing: /home/talon/ros2_ws/src/Sensor_drivers/ws_livox/install/livox_ros_driver2/local/lib/python3.10/dist-packages/livox_ros_driver2/_livox_ros_driver2_s.ep.rosidl_typesupport_fastrtps_c.c
[25.265s] -- Installing: /home/talon/ros2_ws/src/Sensor_drivers/ws_livox/install/livox_ros_driver2/local/lib/python3.10/dist-packages/livox_ros_driver2/_livox_ros_driver2_s.ep.rosidl_typesupport_c.c
[25.265s] -- Installing: /home/talon/ros2_ws/src/Sensor_drivers/ws_livox/install/livox_ros_driver2/local/lib/python3.10/dist-packages/livox_ros_driver2/livox_ros_driver2_s__rosidl_typesupport_c.cpython-310-x86_64-linux-gnu.so
[25.265s] -- Installing: /home/talon/ros2_ws/src/Sensor_drivers/ws_livox/install/livox_ros_driver2/local/lib/python3.10/dist-packages/livox_ros_driver2/livox_ros_driver2_s__rosidl_typesupport_fastrtps_c.cpython-310-x86_64-linux-gnu.so
[25.354s] Listing '/home/talon/ros2_ws/src/Sensor_drivers/ws_livox/install/livox_ros_driver2/local/lib/python3.10/dist-packages/livox_ros_driver2'...
[25.354s] Compiling '/home/talon/ros2_ws/src/Sensor_drivers/ws_livox/install/livox_ros_driver2/local/lib/python3.10/dist-packages/livox_ros_driver2/__init__.py'...
[25.354s] Listing '/home/talon/ros2_ws/src/Sensor_drivers/ws_livox/install/livox_ros_driver2/local/lib/python3.10/dist-packages/livox_ros_driver2/msg'...
[25.354s] Compiling '/home/talon/ros2_ws/src/Sensor_drivers/ws_livox/install/livox_ros_driver2/local/lib/python3.10/dist-packages/livox_ros_driver2/msg/__init__.py'...
[25.354s] Compiling '/home/talon/ros2_ws/src/Sensor_drivers/ws_livox/install/livox_ros_driver2/local/lib/python3.10/dist-packages/livox_ros_driver2/msg/_custom_msg.py'...
[25.354s] Compiling '/home/talon/ros2_ws/src/Sensor_drivers/ws_livox/install/livox_ros_driver2/local/lib/python3.10/dist-packages/livox_ros_driver2/msg/_custom_point.py'...
[25.357s] -- Installing: /home/talon/ros2_ws/src/Sensor_drivers/ws_livox/install/livox_ros_driver2/local/lib/python3.10/dist-packages/livox_ros_driver2/livox_ros_driver2_s__rosidl_typesupport_introspection_c.cpython-310-x86_64-linux-gnu.so
[25.358s] -- Set runtime path of "/home/talon/ros2_ws/src/Sensor_drivers/ws_livox/install/livox_ros_driver2/local/lib/python3.10/dist-packages/livox_ros_driver2/livox_ros_driver2_s__rosidl_typesupport_introspection_c.cpython-310-x86_64-linux-gnu.so" to ""
[25.358s] -- Installing: /home/talon/ros2_ws/src/Sensor_drivers/ws_livox/install/livox_ros_driver2/local/lib/python3.10/dist-packages/livox_ros_driver2/livox_ros_driver2_s__rosidl_typesupport_fastrtps_c.cpython-310-x86_64-linux-gnu.so
[25.358s] -- Set runtime path of "/home/talon/ros2_ws/src/Sensor_drivers/ws_livox/install/livox_ros_driver2/local/lib/python3.10/dist-packages/livox_ros_driver2/livox_ros_driver2_s__rosidl_typesupport_fastrtps_c.cpython-310-x86_64-linux-gnu.so" to ""
[25.358s] -- Installing: /home/talon/ros2_ws/src/Sensor_drivers/ws_livox/install/livox_ros_driver2/local/lib/python3.10/dist-packages/livox_ros_driver2/livox_ros_driver2_s__rosidl_typesupport_c.cpython-310-x86_64-linux-gnu.so
[25.358s] -- Set runtime path of "/home/talon/ros2_ws/src/Sensor_drivers/ws_livox/install/livox_ros_driver2/local/lib/python3.10/dist-packages/livox_ros_driver2/livox_ros_driver2_s__rosidl_typesupport_c.cpython-310-x86_64-linux-gnu.so" to ""
[25.359s] -- Installing: /home/talon/ros2_ws/src/Sensor_drivers/ws_livox/install/livox_ros_driver2/lib/liblivox_interfaces2__rosidl_generator_py.so
[25.359s] -- Set runtime path of "/home/talon/ros2_ws/src/Sensor_drivers/ws_livox/install/livox_ros_driver2/lib/liblivox_interfaces2__rosidl_generator_py.so" to ""
[25.359s] -- Installing: /home/talon/ros2_ws/src/Sensor_drivers/ws_livox/install/livox_ros_driver2/share/livox_ros_driver2/msg/CustomPoint.idl
[25.359s] -- Installing: /home/talon/ros2_ws/src/Sensor_drivers/ws_livox/install/livox_ros_driver2/share/livox_ros_driver2/msg/CustomMsg.idl
[25.359s] -- Installing: /home/talon/ros2_ws/src/Sensor_drivers/ws_livox/install/livox_ros_driver2/share/livox_ros_driver2/msg/CustomPoint.msg
[25.359s] -- Installing: /home/talon/ros2_ws/src/Sensor_drivers/ws_livox/install/livox_ros_driver2/share/livox_ros_driver2/msg/CustomMsg.msg
[25.359s] -- Installing: /home/talon/ros2_ws/src/Sensor_drivers/ws_livox/install/livox_ros_driver2/lib/livox_ros_driver2/livox_ros_driver2_node
[25.359s] -- Set runtime path of "/home/talon/ros2_ws/src/Sensor_drivers/ws_livox/install/livox_ros_driver2/lib/livox_ros_driver2/livox_ros_driver2_node" to ""
[25.359s] -- Installing: /home/talon/ros2_ws/src/Sensor_drivers/ws_livox/install/livox_ros_driver2/lib/liblivox_ros_driver2.so
[25.360s] -- Set runtime path of "/home/talon/ros2_ws/src/Sensor_drivers/ws_livox/install/livox_ros_driver2/lib/liblivox_ros_driver2.so" to ""
[25.360s] -- Installing: /home/talon/ros2_ws/src/Sensor_drivers/ws_livox/install/livox_ros_driver2/share/livox_ros_driver2/config
[25.361s] -- Installing: /home/talon/ros2_ws/src/Sensor_drivers/ws_livox/install/livox_ros_driver2/share/livox_ros_driver2/config/display_point_cloud_ROS2_front.rviz
[25.361s] -- Installing: /home/talon/ros2_ws/src/Sensor_drivers/ws_livox/install/livox_ros_driver2/share/livox_ros_driver2/config/display_point_cloud_ROS2_rear.rviz
[25.361s] -- Installing: /home/talon/ros2_ws/src/Sensor_drivers/ws_livox/install/livox_ros_driver2/share/livox_ros_driver2/config/mixed_HAP_MID360_config.json
[25.361s] -- Installing: /home/talon/ros2_ws/src/Sensor_drivers/ws_livox/install/livox_ros_driver2/share/livox_ros_driver2/config/display_point_cloud_ROS1.rviz
[25.361s] -- Installing: /home/talon/ros2_ws/src/Sensor_drivers/ws_livox/install/livox_ros_driver2/share/livox_ros_driver2/config/mixed_MID360.json
[25.361s] -- Installing: /home/talon/ros2_ws/src/Sensor_drivers/ws_livox/install/livox_ros_driver2/share/livox_ros_driver2/config/HAP_config.json
[25.361s] -- Installing: /home/talon/ros2_ws/src/Sensor_drivers/ws_livox/install/livox_ros_driver2/share/livox_ros_driver2/config/MID360_front_config.json
[25.361s] -- Installing: /home/talon/ros2_ws/src/Sensor_drivers/ws_livox/install/livox_ros_driver2/share/livox_ros_driver2/config/MID360_rear_config.json
[25.361s] -- Installing: /home/talon/ros2_ws/src/Sensor_drivers/ws_livox/install/livox_ros_driver2/share/livox_ros_driver2/launch_ROS2
[25.361s] -- Installing: /home/talon/ros2_ws/src/Sensor_drivers/ws_livox/install/livox_ros_driver2/share/livox_ros_driver2/launch_ROS2/rviz_MID360_front_launch.py
[25.361s] -- Installing: /home/talon/ros2_ws/src/Sensor_drivers/ws_livox/install/livox_ros_driver2/share/livox_ros_driver2/launch_ROS2/msg_HAP_launch.py
[25.361s] -- Installing: /home/talon/ros2_ws/src/Sensor_drivers/ws_livox/install/livox_ros_driver2/share/livox_ros_driver2/launch_ROS2/mixed_MID360.launch.py
[25.361s] -- Installing: /home/talon/ros2_ws/src/Sensor_drivers/ws_livox/install/livox_ros_driver2/share/livox_ros_driver2/launch_ROS2/msg_MID360_launch.py
[25.361s] -- Installing: /home/talon/ros2_ws/src/Sensor_drivers/ws_livox/install/livox_ros_driver2/share/livox_ros_driver2/launch_ROS2/rviz_HAP_launch.py
[25.361s] -- Installing: /home/talon/ros2_ws/src/Sensor_drivers/ws_livox/install/livox_ros_driver2/share/livox_ros_driver2/launch_ROS2/rviz_mixed.py
[25.361s] -- Installing: /home/talon/ros2_ws/src/Sensor_drivers/ws_livox/install/livox_ros_driver2/share/livox_ros_driver2/launch_ROS2/rviz_MID360_rear_launch.py
[25.362s] -- Installing: /home/talon/ros2_ws/src/Sensor_drivers/ws_livox/install/livox_ros_driver2/share/ament_index/resource_index/package_run_dependencies/livox_ros_driver2
[25.362s] -- Installing: /home/talon/ros2_ws/src/Sensor_drivers/ws_livox/install/livox_ros_driver2/share/ament_index/resource_index/parent_prefix_path/livox_ros_driver2
[25.362s] -- Installing: /home/talon/ros2_ws/src/Sensor_drivers/ws_livox/install/livox_ros_driver2/share/livox_ros_driver2/environment/ament_prefix_path.sh
[25.362s] -- Installing: /home/talon/ros2_ws/src/Sensor_drivers/ws_livox/install/livox_ros_driver2/share/livox_ros_driver2/environment/ament_prefix_path.dsv
[25.362s] -- Installing: /home/talon/ros2_ws/src/Sensor_drivers/ws_livox/install/livox_ros_driver2/share/livox_ros_driver2/environment/path.sh
[25.362s] -- Installing: /home/talon/ros2_ws/src/Sensor_drivers/ws_livox/install/livox_ros_driver2/share/livox_ros_driver2/environment/path.dsv
[25.362s] -- Installing: /home/talon/ros2_ws/src/Sensor_drivers/ws_livox/install/livox_ros_driver2/share/livox_ros_driver2/local_setup.bash
[25.362s] -- Installing: /home/talon/ros2_ws/src/Sensor_drivers/ws_livox/install/livox_ros_driver2/share/livox_ros_driver2/local_setup.sh
[25.362s] -- Installing: /home/talon/ros2_ws/src/Sensor_drivers/ws_livox/install/livox_ros_driver2/share/livox_ros_driver2/local_setup.zsh
[25.362s] -- Installing: /home/talon/ros2_ws/src/Sensor_drivers/ws_livox/install/livox_ros_driver2/share/livox_ros_driver2/local_setup.dsv
[25.362s] -- Installing: /home/talon/ros2_ws/src/Sensor_drivers/ws_livox/install/livox_ros_driver2/share/livox_ros_driver2/package.dsv
[25.362s] -- Installing: /home/talon/ros2_ws/src/Sensor_drivers/ws_livox/install/livox_ros_driver2/share/ament_index/resource_index/packages/livox_ros_driver2
[25.362s] -- Installing: /home/talon/ros2_ws/src/Sensor_drivers/ws_livox/install/livox_ros_driver2/share/livox_ros_driver2/cmake/export_livox_interfaces2__rosidl_generator_cExport.cmake
[25.362s] -- Installing: /home/talon/ros2_ws/src/Sensor_drivers/ws_livox/install/livox_ros_driver2/share/livox_ros_driver2/cmake/export_livox_interfaces2__rosidl_generator_cExport-noconfig.cmake
[25.362s] -- Installing: /home/talon/ros2_ws/src/Sensor_drivers/ws_livox/install/livox_ros_driver2/share/livox_ros_driver2/cmake/livox_interfaces2__rosidl_typesupport_introspection_cExport.cmake
[25.362s] -- Installing: /home/talon/ros2_ws/src/Sensor_drivers/ws_livox/install/livox_ros_driver2/share/livox_ros_driver2/cmake/livox_interfaces2__rosidl_typesupport_introspection_cExport-noconfig.cmake
[25.362s] -- Installing: /home/talon/ros2_ws/src/Sensor_drivers/ws_livox/install/livox_ros_driver2/share/livox_ros_driver2/cmake/export_livox_interfaces2__rosidl_typesupport_fastrtps_cExport.cmake
[25.362s] -- Installing: /home/talon/ros2_ws/src/Sensor_drivers/ws_livox/install/livox_ros_driver2/share/livox_ros_driver2/cmake/export_livox_interfaces2__rosidl_typesupport_fastrtps_cExport-noconfig.cmake
[25.362s] -- Installing: /home/talon/ros2_ws/src/Sensor_drivers/ws_livox/install/livox_ros_driver2/share/livox_ros_driver2/cmake/livox_interfaces2__rosidl_typesupport_cExport.cmake
[25.362s] -- Installing: /home/talon/ros2_ws/src/Sensor_drivers/ws_livox/install/livox_ros_driver2/share/livox_ros_driver2/cmake/livox_interfaces2__rosidl_typesupport_cExport-noconfig.cmake
[25.362s] -- Installing: /home/talon/ros2_ws/src/Sensor_drivers/ws_livox/install/livox_ros_driver2/share/livox_ros_driver2/cmake/export_livox_interfaces2__rosidl_generator_cppExport.cmake
[25.362s] -- Installing: /home/talon/ros2_ws/src/Sensor_drivers/ws_livox/install/livox_ros_driver2/share/livox_ros_driver2/cmake/livox_interfaces2__rosidl_typesupport_introspection_cppExport.cmake
[25.362s] -- Installing: /home/talon/ros2_ws/src/Sensor_drivers/ws_livox/install/livox_ros_driver2/share/livox_ros_driver2/cmake/livox_interfaces2__rosidl_typesupport_introspection_cppExport-noconfig.cmake
[25.363s] -- Installing: /home/talon/ros2_ws/src/Sensor_drivers/ws_livox/install/livox_ros_driver2/share/livox_ros_driver2/cmake/export_livox_interfaces2__rosidl_typesupport_fastrtps_cppExport.cmake
[25.363s] -- Installing: /home/talon/ros2_ws/src/Sensor_drivers/ws_livox/install/livox_ros_driver2/share/livox_ros_driver2/cmake/export_livox_interfaces2__rosidl_typesupport_fastrtps_cppExport-noconfig.cmake
[25.363s] -- Installing: /home/talon/ros2_ws/src/Sensor_drivers/ws_livox/install/livox_ros_driver2/share/livox_ros_driver2/cmake/livox_interfaces2__rosidl_typesupport_cppExport.cmake
[25.363s] -- Installing: /home/talon/ros2_ws/src/Sensor_drivers/ws_livox/install/livox_ros_driver2/share/livox_ros_driver2/cmake/livox_interfaces2__rosidl_typesupport_cppExport-noconfig.cmake
[25.363s] -- Installing: /home/talon/ros2_ws/src/Sensor_drivers/ws_livox/install/livox_ros_driver2/share/livox_ros_driver2/cmake/export_livox_interfaces2__rosidl_generator_pyExport.cmake
[25.363s] -- Installing: /home/talon/ros2_ws/src/Sensor_drivers/ws_livox/install/livox_ros_driver2/share/livox_ros_driver2/cmake/export_livox_interfaces2__rosidl_generator_pyExport-noconfig.cmake
[25.363s] -- Installing: /home/talon/ros2_ws/src/Sensor_drivers/ws_livox/install/livox_ros_driver2/share/ament_index/resource_index/rclcpp_components/livox_ros_driver2
[25.363s] -- Installing: /home/talon/ros2_ws/src/Sensor_drivers/ws_livox/install/livox_ros_driver2/share/livox_ros_driver2/cmake/rosidl_cmake-extras.cmake
[25.363s] -- Installing: /home/talon/ros2_ws/src/Sensor_drivers/ws_livox/install/livox_ros_driver2/share/livox_ros_driver2/cmake/ament_cmake_export_dependencies-extras.cmake
[25.363s] -- Installing: /home/talon/ros2_ws/src/Sensor_drivers/ws_livox/install/livox_ros_driver2/share/livox_ros_driver2/cmake/ament_cmake_export_include_directories-extras.cmake
[25.363s] -- Installing: /home/talon/ros2_ws/src/Sensor_drivers/ws_livox/install/livox_ros_driver2/share/livox_ros_driver2/cmake/ament_cmake_export_libraries-extras.cmake
[25.363s] -- Installing: /home/talon/ros2_ws/src/Sensor_drivers/ws_livox/install/livox_ros_driver2/share/livox_ros_driver2/cmake/ament_cmake_export_targets-extras.cmake
[25.363s] -- Installing: /home/talon/ros2_ws/src/Sensor_drivers/ws_livox/install/livox_ros_driver2/share/livox_ros_driver2/cmake/rosidl_cmake_export_typesupport_targets-extras.cmake
[25.363s] -- Installing: /home/talon/ros2_ws/src/Sensor_drivers/ws_livox/install/livox_ros_driver2/share/livox_ros_driver2/cmake/rosidl_cmake_export_typesupport_libraries-extras.cmake
[25.363s] -- Installing: /home/talon/ros2_ws/src/Sensor_drivers/ws_livox/install/livox_ros_driver2/share/livox_ros_driver2/cmake/livox_ros_driver2Config.cmake
[25.363s] -- Installing: /home/talon/ros2_ws/src/Sensor_drivers/ws_livox/install/livox_ros_driver2/share/livox_ros_driver2/cmake/livox_ros_driver2Config-version.cmake
[25.363s] -- Installing: /home/talon/ros2_ws/src/Sensor_drivers/ws_livox/install/livox_ros_driver2/share/livox_ros_driver2/package.xml
[25.365s] Invoked command in '/home/talon/ros2_ws/src/Sensor_drivers/ws_livox/build/livox_ros_driver2' returned '0': CMAKE_PREFIX_PATH=${CMAKE_PREFIX_PATH}:/home/talon/ros2_humble/install/rqt_bag_plugins:/home/talon/ros2_humble/install/rqt_bag:/home/talon/ros2_humble/install/launch_testing_examples:/home/talon/ros2_humble/install/ros2bag:/home/talon/ros2_humble/install/tracetools_test:/home/talon/ros2_humble/install/tracetools_launch:/home/talon/ros2_humble/install/topic_monitor:/home/talon/ros2_humble/install/tf2_tools:/home/talon/ros2_humble/install/examples_tf2_py:/home/talon/ros2_humble/install/tf2_ros_py:/home/talon/ros2_humble/install/sros2:/home/talon/ros2_humble/install/rqt_topic:/home/talon/ros2_humble/install/rqt_srv:/home/talon/ros2_humble/install/rqt_shell:/home/talon/ros2_humble/install/rqt_service_caller:/home/talon/ros2_humble/install/rqt_reconfigure:/home/talon/ros2_humble/install/rqt_py_console:/home/talon/ros2_humble/install/rqt_publisher:/home/talon/ros2_humble/install/rqt_plot:/home/talon/ros2_humble/install/rqt_action:/home/talon/ros2_humble/install/rqt_msg:/home/talon/ros2_humble/install/rqt_console:/home/talon/ros2_humble/install/rqt:/home/talon/ros2_humble/install/rqt_graph:/home/talon/ros2_humble/install/rqt_gui_py:/home/talon/ros2_humble/install/rqt_gui:/home/talon/ros2_humble/install/ros2trace:/home/talon/ros2_humble/install/ros2topic:/home/talon/ros2_humble/install/ros2test:/home/talon/ros2_humble/install/ros2component:/home/talon/ros2_humble/install/ros2param:/home/talon/ros2_humble/install/ros2lifecycle:/home/talon/ros2_humble/install/ros2service:/home/talon/ros2_humble/install/ros2run:/home/talon/ros2_humble/install/ros2launch:/home/talon/ros2_humble/install/ros2pkg:/home/talon/ros2_humble/install/ros2node:/home/talon/ros2_humble/install/ros2multicast:/home/talon/ros2_humble/install/ros2interface:/home/talon/ros2_humble/install/ros2doctor:/home/talon/ros2_humble/install/ros2action:/home/talon/ros2_humble/install/ros2cli:/home/talon/ros2_humble/install/quality_of_service_demo_py:/home/talon/ros2_humble/install/lifecycle_py:/home/talon/ros2_humble/install/launch_testing_ros:/home/talon/ros2_humble/install/launch_ros:/home/talon/ros2_humble/install/examples_rclpy_pointcloud_publisher:/home/talon/ros2_humble/install/examples_rclpy_minimal_subscriber:/home/talon/ros2_humble/install/examples_rclpy_minimal_service:/home/talon/ros2_humble/install/examples_rclpy_minimal_publisher:/home/talon/ros2_humble/install/examples_rclpy_minimal_client:/home/talon/ros2_humble/install/examples_rclpy_minimal_action_server:/home/talon/ros2_humble/install/examples_rclpy_minimal_action_client:/home/talon/ros2_humble/install/examples_rclpy_guard_conditions:/home/talon/ros2_humble/install/examples_rclpy_executors:/home/talon/ros2_humble/install/demo_nodes_py:/home/talon/ros2_humble/install/camera_info_manager_py:/home/talon/ros2_humble/install/action_tutorials_py:/home/talon/ros2_humble/install/ament_uncrustify:/home/talon/ros2_humble/install/tracetools_trace:/home/talon/ros2_humble/install/tracetools_read:/home/talon/ros2_humble/install/test_tracetools_launch:/home/talon/ros2_humble/install/test_launch_ros:/home/talon/ros2_humble/install/sensor_msgs_py:/home/talon/ros2_humble/install/rpyutils:/home/talon/ros2_humble/install/rosidl_runtime_py:/home/talon/ros2_humble/install/rosidl_cli:/home/talon/ros2_humble/install/launch_pytest:/home/talon/ros2_humble/install/launch_testing:/home/talon/ros2_humble/install/launch_yaml:/home/talon/ros2_humble/install/launch_xml:/home/talon/ros2_humble/install/launch:/home/talon/ros2_humble/install/osrf_pycommon:/home/talon/ros2_humble/install/domain_coordinator:/home/talon/ros2_humble/install/ament_xmllint:/home/talon/ros2_humble/install/ament_pyflakes:/home/talon/ros2_humble/install/ament_pycodestyle:/home/talon/ros2_humble/install/ament_pep257:/home/talon/ros2_humble/install/ament_pclint:/home/talon/ros2_humble/install/ament_package:/home/talon/ros2_humble/install/ament_mypy:/home/talon/ros2_humble/install/ament_lint_cmake:/home/talon/ros2_humble/install/ament_flake8:/home/talon/ros2_humble/install/ament_copyright:/home/talon/ros2_humble/install/ament_lint:/home/talon/ros2_humble/install/ament_index_python:/home/talon/ros2_humble/install/ament_cpplint:/home/talon/ros2_humble/install/ament_cppcheck:/home/talon/ros2_humble/install/ament_clang_tidy:/home/talon/ros2_humble/install/ament_clang_format:/opt/ros/humble /usr/bin/cmake --install /home/talon/ros2_ws/src/Sensor_drivers/ws_livox/build/livox_ros_driver2
