[0.029s] Invoking command in '/home/talon/ros2_ws/src/Sensor_drivers/ws_livox/build/livox_ros_driver2': CMAKE_PREFIX_PATH=${CMAKE_PREFIX_PATH}:/home/talon/ros2_humble/install/rqt_bag_plugins:/home/talon/ros2_humble/install/rqt_bag:/home/talon/ros2_humble/install/launch_testing_examples:/home/talon/ros2_humble/install/ros2bag:/home/talon/ros2_humble/install/tracetools_test:/home/talon/ros2_humble/install/tracetools_launch:/home/talon/ros2_humble/install/topic_monitor:/home/talon/ros2_humble/install/tf2_tools:/home/talon/ros2_humble/install/examples_tf2_py:/home/talon/ros2_humble/install/tf2_ros_py:/home/talon/ros2_humble/install/sros2:/home/talon/ros2_humble/install/rqt_topic:/home/talon/ros2_humble/install/rqt_srv:/home/talon/ros2_humble/install/rqt_shell:/home/talon/ros2_humble/install/rqt_service_caller:/home/talon/ros2_humble/install/rqt_reconfigure:/home/talon/ros2_humble/install/rqt_py_console:/home/talon/ros2_humble/install/rqt_publisher:/home/talon/ros2_humble/install/rqt_plot:/home/talon/ros2_humble/install/rqt_action:/home/talon/ros2_humble/install/rqt_msg:/home/talon/ros2_humble/install/rqt_console:/home/talon/ros2_humble/install/rqt:/home/talon/ros2_humble/install/rqt_graph:/home/talon/ros2_humble/install/rqt_gui_py:/home/talon/ros2_humble/install/rqt_gui:/home/talon/ros2_humble/install/ros2trace:/home/talon/ros2_humble/install/ros2topic:/home/talon/ros2_humble/install/ros2test:/home/talon/ros2_humble/install/ros2component:/home/talon/ros2_humble/install/ros2param:/home/talon/ros2_humble/install/ros2lifecycle:/home/talon/ros2_humble/install/ros2service:/home/talon/ros2_humble/install/ros2run:/home/talon/ros2_humble/install/ros2launch:/home/talon/ros2_humble/install/ros2pkg:/home/talon/ros2_humble/install/ros2node:/home/talon/ros2_humble/install/ros2multicast:/home/talon/ros2_humble/install/ros2interface:/home/talon/ros2_humble/install/ros2doctor:/home/talon/ros2_humble/install/ros2action:/home/talon/ros2_humble/install/ros2cli:/home/talon/ros2_humble/install/quality_of_service_demo_py:/home/talon/ros2_humble/install/lifecycle_py:/home/talon/ros2_humble/install/launch_testing_ros:/home/talon/ros2_humble/install/launch_ros:/home/talon/ros2_humble/install/examples_rclpy_pointcloud_publisher:/home/talon/ros2_humble/install/examples_rclpy_minimal_subscriber:/home/talon/ros2_humble/install/examples_rclpy_minimal_service:/home/talon/ros2_humble/install/examples_rclpy_minimal_publisher:/home/talon/ros2_humble/install/examples_rclpy_minimal_client:/home/talon/ros2_humble/install/examples_rclpy_minimal_action_server:/home/talon/ros2_humble/install/examples_rclpy_minimal_action_client:/home/talon/ros2_humble/install/examples_rclpy_guard_conditions:/home/talon/ros2_humble/install/examples_rclpy_executors:/home/talon/ros2_humble/install/demo_nodes_py:/home/talon/ros2_humble/install/camera_info_manager_py:/home/talon/ros2_humble/install/action_tutorials_py:/home/talon/ros2_humble/install/ament_uncrustify:/home/talon/ros2_humble/install/tracetools_trace:/home/talon/ros2_humble/install/tracetools_read:/home/talon/ros2_humble/install/test_tracetools_launch:/home/talon/ros2_humble/install/test_launch_ros:/home/talon/ros2_humble/install/sensor_msgs_py:/home/talon/ros2_humble/install/rpyutils:/home/talon/ros2_humble/install/rosidl_runtime_py:/home/talon/ros2_humble/install/rosidl_cli:/home/talon/ros2_humble/install/launch_pytest:/home/talon/ros2_humble/install/launch_testing:/home/talon/ros2_humble/install/launch_yaml:/home/talon/ros2_humble/install/launch_xml:/home/talon/ros2_humble/install/launch:/home/talon/ros2_humble/install/osrf_pycommon:/home/talon/ros2_humble/install/domain_coordinator:/home/talon/ros2_humble/install/ament_xmllint:/home/talon/ros2_humble/install/ament_pyflakes:/home/talon/ros2_humble/install/ament_pycodestyle:/home/talon/ros2_humble/install/ament_pep257:/home/talon/ros2_humble/install/ament_pclint:/home/talon/ros2_humble/install/ament_package:/home/talon/ros2_humble/install/ament_mypy:/home/talon/ros2_humble/install/ament_lint_cmake:/home/talon/ros2_humble/install/ament_flake8:/home/talon/ros2_humble/install/ament_copyright:/home/talon/ros2_humble/install/ament_lint:/home/talon/ros2_humble/install/ament_index_python:/home/talon/ros2_humble/install/ament_cpplint:/home/talon/ros2_humble/install/ament_cppcheck:/home/talon/ros2_humble/install/ament_clang_tidy:/home/talon/ros2_humble/install/ament_clang_format:/opt/ros/humble /usr/bin/cmake /home/talon/ros2_ws/src/Sensor_drivers/ws_livox/src/livox_ros_driver2 -DROS_EDITION=ROS2 -DHUMBLE_ROS=humble -DCMAKE_INSTALL_PREFIX=/home/talon/ros2_ws/src/Sensor_drivers/ws_livox/install/livox_ros_driver2
[0.106s] -- The C compiler identification is GNU 11.4.0
[0.162s] -- The CXX compiler identification is GNU 11.4.0
[0.169s] -- Detecting C compiler ABI info
[0.268s] -- Detecting C compiler ABI info - done
[0.275s] -- Check for working C compiler: /usr/bin/cc - skipped
[0.275s] -- Detecting C compile features
[0.276s] -- Detecting C compile features - done
[0.279s] -- Detecting CXX compiler ABI info
[0.369s] -- Detecting CXX compiler ABI info - done
[0.377s] -- Check for working CXX compiler: /usr/bin/c++ - skipped
[0.377s] -- Detecting CXX compile features
[0.378s] -- Detecting CXX compile features - done
[0.379s] -- livox_ros_driver2 version: 1.2.4
[0.387s] -- Found ament_cmake_auto: 1.3.11 (/home/talon/ros2_humble/install/ament_cmake_auto/share/ament_cmake_auto/cmake)
[1.661s] -- Found Python3: /usr/bin/python3 (found version "3.10.12") found components: Interpreter 
[2.585s] -- Using all available rosidl_typesupport_c: rosidl_typesupport_introspection_c;rosidl_typesupport_fastrtps_c
[2.619s] -- Found rosidl_adapter: 3.1.6 (/home/talon/ros2_humble/install/rosidl_adapter/share/rosidl_adapter/cmake)
[2.798s] -- Using all available rosidl_typesupport_cpp: rosidl_typesupport_introspection_cpp;rosidl_typesupport_fastrtps_cpp
[3.105s] -- Found rmw_implementation_cmake: 6.1.2 (/home/talon/ros2_humble/install/rmw_implementation_cmake/share/rmw_implementation_cmake/cmake)
[3.142s] -- Found rmw_fastrtps_cpp: 6.2.7 (/home/talon/ros2_humble/install/rmw_fastrtps_cpp/share/rmw_fastrtps_cpp/cmake)
[3.562s] -- Found OpenSSL: /usr/lib/x86_64-linux-gnu/libcrypto.so (found version "3.0.2")  
[3.743s] -- Found FastRTPS: /home/talon/ros2_humble/install/fastrtps/include  
[3.974s] -- Using RMW implementation 'rmw_fastrtps_cpp' as default
[4.042s] -- Looking for pthread.h
[4.446s] -- Looking for pthread.h - found
[4.446s] -- Performing Test CMAKE_HAVE_LIBC_PTHREAD
[4.740s] -- Performing Test CMAKE_HAVE_LIBC_PTHREAD - Success
[4.742s] -- Found Threads: TRUE  
[5.320s] -- Checking for module 'eigen3'
[5.454s] --   Found eigen3, version 3.4.0
[5.728s] -- Found Eigen: /usr/include/eigen3 (Required is at least version "3.1") 
[5.728s] -- Eigen found (include: /usr/include/eigen3, version: 3.4.0)
[6.233s] -- Checking for module 'flann'
[6.377s] --   Found flann, version 1.9.1
[6.688s] -- Found FLANN: /usr/lib/x86_64-linux-gnu/libflann_cpp.so  
[6.689s] -- FLANN found (include: /usr/include, lib: /usr/lib/x86_64-linux-gnu/libflann_cpp.so)
[9.186s] -- Checking for module 'libusb-1.0'
[9.217s] --   Found libusb-1.0, version 1.0.25
[9.310s] -- Found libusb: /usr/lib/x86_64-linux-gnu/libusb-1.0.so  
[9.311s] -- OpenNI found (version: 1.5.4.0, include: /usr/include/ni, lib: /usr/lib/libOpenNI.so;libusb::libusb)
[9.470s] -- OpenNI2 found (version: 2.2.0.33, include: /usr/include/openni2, lib: /usr/lib/x86_64-linux-gnu/libOpenNI2.so;libusb::libusb)
[10.074s] -- Eigen found (include: /usr/include/eigen3, version: 3.4.0)
[10.088s] -- OpenNI found (version: 1.5.4.0, include: /usr/include/ni, lib: /usr/lib/libOpenNI.so;libusb::libusb)
[10.102s] -- OpenNI2 found (version: 2.2.0.33, include: /usr/include/openni2, lib: /usr/lib/x86_64-linux-gnu/libOpenNI2.so;libusb::libusb)
[10.690s] -- Found Qhull version 8.0.2
[11.056s] -- OpenNI found (version: 1.5.4.0, include: /usr/include/ni, lib: /usr/lib/libOpenNI.so;libusb::libusb)
[11.295s] -- Found PCL_COMMON: /usr/lib/x86_64-linux-gnu/libpcl_common.so  
[11.295s] -- Found PCL_KDTREE: /usr/lib/x86_64-linux-gnu/libpcl_kdtree.so  
[11.296s] -- Found PCL_OCTREE: /usr/lib/x86_64-linux-gnu/libpcl_octree.so  
[11.296s] -- Found PCL_SEARCH: /usr/lib/x86_64-linux-gnu/libpcl_search.so  
[11.297s] -- Found PCL_SAMPLE_CONSENSUS: /usr/lib/x86_64-linux-gnu/libpcl_sample_consensus.so  
[11.297s] -- Found PCL_FILTERS: /usr/lib/x86_64-linux-gnu/libpcl_filters.so  
[11.298s] -- Found PCL_2D: /usr/include/pcl-1.12  
[11.298s] -- Found PCL_GEOMETRY: /usr/include/pcl-1.12  
[11.298s] -- Found PCL_IO: /usr/lib/x86_64-linux-gnu/libpcl_io.so  
[11.299s] -- Found PCL_FEATURES: /usr/lib/x86_64-linux-gnu/libpcl_features.so  
[11.299s] -- Found PCL_ML: /usr/lib/x86_64-linux-gnu/libpcl_ml.so  
[11.300s] -- Found PCL_SEGMENTATION: /usr/lib/x86_64-linux-gnu/libpcl_segmentation.so  
[11.300s] -- Found PCL_VISUALIZATION: /usr/lib/x86_64-linux-gnu/libpcl_visualization.so  
[11.301s] -- Found PCL_SURFACE: /usr/lib/x86_64-linux-gnu/libpcl_surface.so  
[11.301s] -- Found PCL_REGISTRATION: /usr/lib/x86_64-linux-gnu/libpcl_registration.so  
[11.302s] -- Found PCL_KEYPOINTS: /usr/lib/x86_64-linux-gnu/libpcl_keypoints.so  
[11.302s] -- Found PCL_TRACKING: /usr/lib/x86_64-linux-gnu/libpcl_tracking.so  
[11.303s] -- Found PCL_RECOGNITION: /usr/lib/x86_64-linux-gnu/libpcl_recognition.so  
[11.304s] -- Found PCL_STEREO: /usr/lib/x86_64-linux-gnu/libpcl_stereo.so  
[11.304s] -- Found PCL_APPS: /usr/lib/x86_64-linux-gnu/libpcl_apps.so  
[11.305s] -- Found PCL_IN_HAND_SCANNER: /usr/include/pcl-1.12  
[11.305s] -- Found PCL_MODELER: /usr/include/pcl-1.12  
[11.305s] -- Found PCL_POINT_CLOUD_EDITOR: /usr/include/pcl-1.12  
[11.305s] -- Found PCL_OUTOFCORE: /usr/lib/x86_64-linux-gnu/libpcl_outofcore.so  
[11.306s] -- Found PCL_PEOPLE: /usr/lib/x86_64-linux-gnu/libpcl_people.so  
[11.379s] -- Found PkgConfig: /usr/bin/pkg-config (found version "0.29.2") 
[11.380s] -- Checking for module 'apr-1'
[11.423s] --   Found apr-1, version 1.7.0
[11.480s] [0m/usr/include/apr-1.0[0m
[11.480s] [0mapr-1[0m
[12.008s] -- Found ament_cmake_ros: 0.10.0 (/home/talon/ros2_humble/install/ament_cmake_ros/share/ament_cmake_ros/cmake)
[12.295s] -- Using all available rosidl_typesupport_c: rosidl_typesupport_introspection_c;rosidl_typesupport_fastrtps_c
[12.832s] -- Using all available rosidl_typesupport_cpp: rosidl_typesupport_introspection_cpp;rosidl_typesupport_fastrtps_cpp
[12.885s] -- Found PythonInterp: /usr/bin/python3 (found suitable version "3.10.12", minimum required is "3.6") 
[12.892s] -- Found python_cmake_module: 0.10.0 (/home/talon/ros2_humble/install/python_cmake_module/share/python_cmake_module/cmake)
[12.949s] -- Found PythonLibs: /usr/lib/x86_64-linux-gnu/libpython3.10.so (found suitable version "3.10.12", minimum required is "3.5") 
[12.950s] -- Using PYTHON_EXECUTABLE: /usr/bin/python3
[12.950s] -- Using PYTHON_INCLUDE_DIRS: /usr/include/python3.10
[12.950s] -- Using PYTHON_LIBRARIES: /usr/lib/x86_64-linux-gnu/libpython3.10.so
[13.001s] -- Found PythonExtra: .so  
[13.654s] -- Found ament_lint_auto: 0.12.11 (/home/talon/ros2_humble/install/ament_lint_auto/share/ament_lint_auto/cmake)
[13.719s] -- Added test 'copyright' to check source files copyright and LICENSE
[13.724s] -- Added test 'cppcheck' to perform static code analysis on C / C++ code
[13.724s] -- Configured cppcheck include dirs: /home/talon/ros2_ws/src/Sensor_drivers/ws_livox/src/livox_ros_driver2/3rdparty;/home/talon/ros2_ws/src/Sensor_drivers/ws_livox/src/livox_ros_driver2/src
[13.724s] -- Configured cppcheck exclude dirs and/or files: 
[13.729s] -- Added test 'cpplint' to check C / C++ code against the Google style
[13.729s] -- Configured cpplint exclude dirs and/or files: 
[13.731s] -- Added test 'flake8' to check Python code syntax and style conventions
[13.734s] -- Added test 'lint_cmake' to check CMake code style
[13.737s] -- Added test 'pep257' to check Python code against some of the docstring style conventions in PEP 257
[13.741s] -- Added test 'uncrustify' to check C / C++ code style
[13.741s] -- Configured uncrustify additional arguments: 
[13.743s] -- Added test 'xmllint' to check XML markup files
[13.749s] -- Configuring done
[13.800s] -- Generating done
[13.812s] -- Build files have been written to: /home/talon/ros2_ws/src/Sensor_drivers/ws_livox/build/livox_ros_driver2
[13.827s] Invoked command in '/home/talon/ros2_ws/src/Sensor_drivers/ws_livox/build/livox_ros_driver2' returned '0': CMAKE_PREFIX_PATH=${CMAKE_PREFIX_PATH}:/home/talon/ros2_humble/install/rqt_bag_plugins:/home/talon/ros2_humble/install/rqt_bag:/home/talon/ros2_humble/install/launch_testing_examples:/home/talon/ros2_humble/install/ros2bag:/home/talon/ros2_humble/install/tracetools_test:/home/talon/ros2_humble/install/tracetools_launch:/home/talon/ros2_humble/install/topic_monitor:/home/talon/ros2_humble/install/tf2_tools:/home/talon/ros2_humble/install/examples_tf2_py:/home/talon/ros2_humble/install/tf2_ros_py:/home/talon/ros2_humble/install/sros2:/home/talon/ros2_humble/install/rqt_topic:/home/talon/ros2_humble/install/rqt_srv:/home/talon/ros2_humble/install/rqt_shell:/home/talon/ros2_humble/install/rqt_service_caller:/home/talon/ros2_humble/install/rqt_reconfigure:/home/talon/ros2_humble/install/rqt_py_console:/home/talon/ros2_humble/install/rqt_publisher:/home/talon/ros2_humble/install/rqt_plot:/home/talon/ros2_humble/install/rqt_action:/home/talon/ros2_humble/install/rqt_msg:/home/talon/ros2_humble/install/rqt_console:/home/talon/ros2_humble/install/rqt:/home/talon/ros2_humble/install/rqt_graph:/home/talon/ros2_humble/install/rqt_gui_py:/home/talon/ros2_humble/install/rqt_gui:/home/talon/ros2_humble/install/ros2trace:/home/talon/ros2_humble/install/ros2topic:/home/talon/ros2_humble/install/ros2test:/home/talon/ros2_humble/install/ros2component:/home/talon/ros2_humble/install/ros2param:/home/talon/ros2_humble/install/ros2lifecycle:/home/talon/ros2_humble/install/ros2service:/home/talon/ros2_humble/install/ros2run:/home/talon/ros2_humble/install/ros2launch:/home/talon/ros2_humble/install/ros2pkg:/home/talon/ros2_humble/install/ros2node:/home/talon/ros2_humble/install/ros2multicast:/home/talon/ros2_humble/install/ros2interface:/home/talon/ros2_humble/install/ros2doctor:/home/talon/ros2_humble/install/ros2action:/home/talon/ros2_humble/install/ros2cli:/home/talon/ros2_humble/install/quality_of_service_demo_py:/home/talon/ros2_humble/install/lifecycle_py:/home/talon/ros2_humble/install/launch_testing_ros:/home/talon/ros2_humble/install/launch_ros:/home/talon/ros2_humble/install/examples_rclpy_pointcloud_publisher:/home/talon/ros2_humble/install/examples_rclpy_minimal_subscriber:/home/talon/ros2_humble/install/examples_rclpy_minimal_service:/home/talon/ros2_humble/install/examples_rclpy_minimal_publisher:/home/talon/ros2_humble/install/examples_rclpy_minimal_client:/home/talon/ros2_humble/install/examples_rclpy_minimal_action_server:/home/talon/ros2_humble/install/examples_rclpy_minimal_action_client:/home/talon/ros2_humble/install/examples_rclpy_guard_conditions:/home/talon/ros2_humble/install/examples_rclpy_executors:/home/talon/ros2_humble/install/demo_nodes_py:/home/talon/ros2_humble/install/camera_info_manager_py:/home/talon/ros2_humble/install/action_tutorials_py:/home/talon/ros2_humble/install/ament_uncrustify:/home/talon/ros2_humble/install/tracetools_trace:/home/talon/ros2_humble/install/tracetools_read:/home/talon/ros2_humble/install/test_tracetools_launch:/home/talon/ros2_humble/install/test_launch_ros:/home/talon/ros2_humble/install/sensor_msgs_py:/home/talon/ros2_humble/install/rpyutils:/home/talon/ros2_humble/install/rosidl_runtime_py:/home/talon/ros2_humble/install/rosidl_cli:/home/talon/ros2_humble/install/launch_pytest:/home/talon/ros2_humble/install/launch_testing:/home/talon/ros2_humble/install/launch_yaml:/home/talon/ros2_humble/install/launch_xml:/home/talon/ros2_humble/install/launch:/home/talon/ros2_humble/install/osrf_pycommon:/home/talon/ros2_humble/install/domain_coordinator:/home/talon/ros2_humble/install/ament_xmllint:/home/talon/ros2_humble/install/ament_pyflakes:/home/talon/ros2_humble/install/ament_pycodestyle:/home/talon/ros2_humble/install/ament_pep257:/home/talon/ros2_humble/install/ament_pclint:/home/talon/ros2_humble/install/ament_package:/home/talon/ros2_humble/install/ament_mypy:/home/talon/ros2_humble/install/ament_lint_cmake:/home/talon/ros2_humble/install/ament_flake8:/home/talon/ros2_humble/install/ament_copyright:/home/talon/ros2_humble/install/ament_lint:/home/talon/ros2_humble/install/ament_index_python:/home/talon/ros2_humble/install/ament_cpplint:/home/talon/ros2_humble/install/ament_cppcheck:/home/talon/ros2_humble/install/ament_clang_tidy:/home/talon/ros2_humble/install/ament_clang_format:/opt/ros/humble /usr/bin/cmake /home/talon/ros2_ws/src/Sensor_drivers/ws_livox/src/livox_ros_driver2 -DROS_EDITION=ROS2 -DHUMBLE_ROS=humble -DCMAKE_INSTALL_PREFIX=/home/talon/ros2_ws/src/Sensor_drivers/ws_livox/install/livox_ros_driver2
[13.830s] Invoking command in '/home/talon/ros2_ws/src/Sensor_drivers/ws_livox/build/livox_ros_driver2': CMAKE_PREFIX_PATH=${CMAKE_PREFIX_PATH}:/home/talon/ros2_humble/install/rqt_bag_plugins:/home/talon/ros2_humble/install/rqt_bag:/home/talon/ros2_humble/install/launch_testing_examples:/home/talon/ros2_humble/install/ros2bag:/home/talon/ros2_humble/install/tracetools_test:/home/talon/ros2_humble/install/tracetools_launch:/home/talon/ros2_humble/install/topic_monitor:/home/talon/ros2_humble/install/tf2_tools:/home/talon/ros2_humble/install/examples_tf2_py:/home/talon/ros2_humble/install/tf2_ros_py:/home/talon/ros2_humble/install/sros2:/home/talon/ros2_humble/install/rqt_topic:/home/talon/ros2_humble/install/rqt_srv:/home/talon/ros2_humble/install/rqt_shell:/home/talon/ros2_humble/install/rqt_service_caller:/home/talon/ros2_humble/install/rqt_reconfigure:/home/talon/ros2_humble/install/rqt_py_console:/home/talon/ros2_humble/install/rqt_publisher:/home/talon/ros2_humble/install/rqt_plot:/home/talon/ros2_humble/install/rqt_action:/home/talon/ros2_humble/install/rqt_msg:/home/talon/ros2_humble/install/rqt_console:/home/talon/ros2_humble/install/rqt:/home/talon/ros2_humble/install/rqt_graph:/home/talon/ros2_humble/install/rqt_gui_py:/home/talon/ros2_humble/install/rqt_gui:/home/talon/ros2_humble/install/ros2trace:/home/talon/ros2_humble/install/ros2topic:/home/talon/ros2_humble/install/ros2test:/home/talon/ros2_humble/install/ros2component:/home/talon/ros2_humble/install/ros2param:/home/talon/ros2_humble/install/ros2lifecycle:/home/talon/ros2_humble/install/ros2service:/home/talon/ros2_humble/install/ros2run:/home/talon/ros2_humble/install/ros2launch:/home/talon/ros2_humble/install/ros2pkg:/home/talon/ros2_humble/install/ros2node:/home/talon/ros2_humble/install/ros2multicast:/home/talon/ros2_humble/install/ros2interface:/home/talon/ros2_humble/install/ros2doctor:/home/talon/ros2_humble/install/ros2action:/home/talon/ros2_humble/install/ros2cli:/home/talon/ros2_humble/install/quality_of_service_demo_py:/home/talon/ros2_humble/install/lifecycle_py:/home/talon/ros2_humble/install/launch_testing_ros:/home/talon/ros2_humble/install/launch_ros:/home/talon/ros2_humble/install/examples_rclpy_pointcloud_publisher:/home/talon/ros2_humble/install/examples_rclpy_minimal_subscriber:/home/talon/ros2_humble/install/examples_rclpy_minimal_service:/home/talon/ros2_humble/install/examples_rclpy_minimal_publisher:/home/talon/ros2_humble/install/examples_rclpy_minimal_client:/home/talon/ros2_humble/install/examples_rclpy_minimal_action_server:/home/talon/ros2_humble/install/examples_rclpy_minimal_action_client:/home/talon/ros2_humble/install/examples_rclpy_guard_conditions:/home/talon/ros2_humble/install/examples_rclpy_executors:/home/talon/ros2_humble/install/demo_nodes_py:/home/talon/ros2_humble/install/camera_info_manager_py:/home/talon/ros2_humble/install/action_tutorials_py:/home/talon/ros2_humble/install/ament_uncrustify:/home/talon/ros2_humble/install/tracetools_trace:/home/talon/ros2_humble/install/tracetools_read:/home/talon/ros2_humble/install/test_tracetools_launch:/home/talon/ros2_humble/install/test_launch_ros:/home/talon/ros2_humble/install/sensor_msgs_py:/home/talon/ros2_humble/install/rpyutils:/home/talon/ros2_humble/install/rosidl_runtime_py:/home/talon/ros2_humble/install/rosidl_cli:/home/talon/ros2_humble/install/launch_pytest:/home/talon/ros2_humble/install/launch_testing:/home/talon/ros2_humble/install/launch_yaml:/home/talon/ros2_humble/install/launch_xml:/home/talon/ros2_humble/install/launch:/home/talon/ros2_humble/install/osrf_pycommon:/home/talon/ros2_humble/install/domain_coordinator:/home/talon/ros2_humble/install/ament_xmllint:/home/talon/ros2_humble/install/ament_pyflakes:/home/talon/ros2_humble/install/ament_pycodestyle:/home/talon/ros2_humble/install/ament_pep257:/home/talon/ros2_humble/install/ament_pclint:/home/talon/ros2_humble/install/ament_package:/home/talon/ros2_humble/install/ament_mypy:/home/talon/ros2_humble/install/ament_lint_cmake:/home/talon/ros2_humble/install/ament_flake8:/home/talon/ros2_humble/install/ament_copyright:/home/talon/ros2_humble/install/ament_lint:/home/talon/ros2_humble/install/ament_index_python:/home/talon/ros2_humble/install/ament_cpplint:/home/talon/ros2_humble/install/ament_cppcheck:/home/talon/ros2_humble/install/ament_clang_tidy:/home/talon/ros2_humble/install/ament_clang_format:/opt/ros/humble /usr/bin/cmake --build /home/talon/ros2_ws/src/Sensor_drivers/ws_livox/build/livox_ros_driver2 -- -j18 -l18
[13.894s] [  1%] [34m[1mGenerating C code for ROS interfaces[0m
[13.914s] [  3%] [32mBuilding CXX object CMakeFiles/livox_ros_driver2_node.dir/rclcpp_components/node_main_livox_ros_driver2_node.cpp.o[0m
[13.914s] [  5%] [34m[1mGenerating C++ code for ROS interfaces[0m
[13.931s] [  5%] Built target ament_cmake_python_copy_livox_ros_driver2
[14.241s] running egg_info
[14.242s] creating livox_ros_driver2.egg-info
[14.242s] writing livox_ros_driver2.egg-info/PKG-INFO
[14.242s] writing dependency_links to livox_ros_driver2.egg-info/dependency_links.txt
[14.242s] writing top-level names to livox_ros_driver2.egg-info/top_level.txt
[14.246s] writing manifest file 'livox_ros_driver2.egg-info/SOURCES.txt'
[14.248s] reading manifest file 'livox_ros_driver2.egg-info/SOURCES.txt'
[14.248s] writing manifest file 'livox_ros_driver2.egg-info/SOURCES.txt'
[14.281s] [  7%] [32mBuilding C object CMakeFiles/livox_interfaces2__rosidl_generator_c.dir/rosidl_generator_c/livox_ros_driver2/msg/detail/custom_point__functions.c.o[0m
[14.286s] [  8%] [32mBuilding C object CMakeFiles/livox_interfaces2__rosidl_generator_c.dir/rosidl_generator_c/livox_ros_driver2/msg/detail/custom_msg__functions.c.o[0m
[14.287s] [  8%] Built target ament_cmake_python_build_livox_ros_driver2_egg
[14.301s] [  8%] Built target livox_interfaces2__cpp
[14.319s] [ 10%] [34m[1mGenerating C++ type support for eProsima Fast-RTPS[0m
[14.323s] [ 12%] [34m[1mGenerating C++ type support dispatch for ROS interfaces[0m
[14.323s] [ 14%] [34m[1mGenerating C++ introspection for ROS interfaces[0m
[14.330s] [ 15%] [32m[1mLinking C shared library liblivox_ros_driver2__rosidl_generator_c.so[0m
[14.373s] [ 15%] Built target livox_interfaces2__rosidl_generator_c
[14.387s] [ 17%] [34m[1mGenerating C type support dispatch for ROS interfaces[0m
[14.387s] [ 19%] [34m[1mGenerating C type support for eProsima Fast-RTPS[0m
[14.395s] [ 21%] [34m[1mGenerating C introspection for ROS interfaces[0m
[14.700s] [ 22%] [32mBuilding CXX object CMakeFiles/livox_interfaces2__rosidl_typesupport_fastrtps_cpp.dir/rosidl_typesupport_fastrtps_cpp/livox_ros_driver2/msg/detail/dds_fastrtps/custom_point__type_support.cpp.o[0m
[14.702s] [ 24%] [32mBuilding CXX object CMakeFiles/livox_interfaces2__rosidl_typesupport_fastrtps_cpp.dir/rosidl_typesupport_fastrtps_cpp/livox_ros_driver2/msg/detail/dds_fastrtps/custom_msg__type_support.cpp.o[0m
[14.776s] [ 26%] [32mBuilding CXX object CMakeFiles/livox_interfaces2__rosidl_typesupport_fastrtps_c.dir/rosidl_typesupport_fastrtps_c/livox_ros_driver2/msg/detail/custom_msg__type_support_c.cpp.o[0m
[14.783s] [ 28%] [32mBuilding CXX object CMakeFiles/livox_interfaces2__rosidl_typesupport_fastrtps_c.dir/rosidl_typesupport_fastrtps_c/livox_ros_driver2/msg/detail/custom_point__type_support_c.cpp.o[0m
[14.802s] [ 31%] [32mBuilding CXX object CMakeFiles/livox_interfaces2__rosidl_typesupport_introspection_cpp.dir/rosidl_typesupport_introspection_cpp/livox_ros_driver2/msg/detail/custom_point__type_support.cpp.o[0m
[14.802s] [ 31%] [32mBuilding CXX object CMakeFiles/livox_interfaces2__rosidl_typesupport_introspection_cpp.dir/rosidl_typesupport_introspection_cpp/livox_ros_driver2/msg/detail/custom_msg__type_support.cpp.o[0m
[14.901s] [ 36%] [32mBuilding CXX object CMakeFiles/livox_interfaces2__rosidl_typesupport_cpp.dir/rosidl_typesupport_cpp/livox_ros_driver2/msg/custom_msg__type_support.cpp.o[0m
[14.901s] [ 36%] [32mBuilding CXX object CMakeFiles/livox_interfaces2__rosidl_typesupport_c.dir/rosidl_typesupport_c/livox_ros_driver2/msg/custom_point__type_support.cpp.o[0m
[14.901s] [ 36%] [32mBuilding CXX object CMakeFiles/livox_interfaces2__rosidl_typesupport_cpp.dir/rosidl_typesupport_cpp/livox_ros_driver2/msg/custom_point__type_support.cpp.o[0m
[14.904s] [ 38%] [32mBuilding CXX object CMakeFiles/livox_interfaces2__rosidl_typesupport_c.dir/rosidl_typesupport_c/livox_ros_driver2/msg/custom_msg__type_support.cpp.o[0m
[14.939s] [ 40%] [32m[1mLinking CXX shared library liblivox_ros_driver2__rosidl_typesupport_c.so[0m
[14.987s] [ 40%] Built target livox_interfaces2__rosidl_typesupport_c
[15.037s] [ 43%] [32mBuilding C object CMakeFiles/livox_interfaces2__rosidl_typesupport_introspection_c.dir/rosidl_typesupport_introspection_c/livox_ros_driver2/msg/detail/custom_point__type_support.c.o[0m
[15.037s] [ 43%] [32mBuilding C object CMakeFiles/livox_interfaces2__rosidl_typesupport_introspection_c.dir/rosidl_typesupport_introspection_c/livox_ros_driver2/msg/detail/custom_msg__type_support.c.o[0m
[15.088s] [ 45%] [32m[1mLinking C shared library liblivox_ros_driver2__rosidl_typesupport_introspection_c.so[0m
[15.104s] [ 47%] [32m[1mLinking CXX shared library liblivox_ros_driver2__rosidl_typesupport_fastrtps_cpp.so[0m
[15.134s] [ 47%] Built target livox_interfaces2__rosidl_typesupport_introspection_c
[15.150s] [ 49%] [32m[1mLinking CXX shared library liblivox_ros_driver2__rosidl_typesupport_cpp.so[0m
[15.175s] [ 50%] [32m[1mLinking CXX shared library liblivox_ros_driver2__rosidl_typesupport_fastrtps_c.so[0m
[15.177s] [ 50%] Built target livox_interfaces2__rosidl_typesupport_fastrtps_cpp
[15.206s] [ 50%] Built target livox_interfaces2__rosidl_typesupport_cpp
[15.232s] [ 52%] [32m[1mLinking CXX shared library liblivox_ros_driver2__rosidl_typesupport_introspection_cpp.so[0m
[15.254s] [ 54%] [32mBuilding CXX object CMakeFiles/livox_ros_driver2.dir/src/call_back/lidar_common_callback.cpp.o[0m
[15.254s] [ 56%] [32mBuilding CXX object CMakeFiles/livox_ros_driver2.dir/src/comm/pub_handler.cpp.o[0m
[15.254s] [ 57%] [32mBuilding CXX object CMakeFiles/livox_ros_driver2.dir/src/driver_node.cpp.o[0m
[15.254s] [ 59%] [32mBuilding CXX object CMakeFiles/livox_ros_driver2.dir/src/comm/ldq.cpp.o[0m
[15.254s] [ 63%] [32mBuilding CXX object CMakeFiles/livox_ros_driver2.dir/src/lds_lidar.cpp.o[0m
[15.254s] [ 64%] [32mBuilding CXX object CMakeFiles/livox_ros_driver2.dir/src/comm/cache_index.cpp.o[0m
[15.254s] [ 64%] [32mBuilding CXX object CMakeFiles/livox_ros_driver2.dir/src/lds.cpp.o[0m
[15.254s] [ 68%] [32mBuilding CXX object CMakeFiles/livox_ros_driver2.dir/src/comm/semaphore.cpp.o[0m
[15.254s] [ 68%] [32mBuilding CXX object CMakeFiles/livox_ros_driver2.dir/src/lddc.cpp.o[0m
[15.254s] [ 68%] Built target livox_interfaces2__rosidl_typesupport_fastrtps_c
[15.255s] [ 70%] [32mBuilding CXX object CMakeFiles/livox_ros_driver2.dir/src/comm/lidar_imu_data_queue.cpp.o[0m
[15.256s] [ 71%] [32mBuilding CXX object CMakeFiles/livox_ros_driver2.dir/src/livox_ros_driver2.cpp.o[0m
[15.260s] [ 73%] [32mBuilding CXX object CMakeFiles/livox_ros_driver2.dir/src/parse_cfg_file/parse_livox_lidar_cfg.cpp.o[0m
[15.261s] [ 75%] [32mBuilding CXX object CMakeFiles/livox_ros_driver2.dir/src/comm/comm.cpp.o[0m
[15.264s] [ 77%] [32mBuilding CXX object CMakeFiles/livox_ros_driver2.dir/src/parse_cfg_file/parse_cfg_file.cpp.o[0m
[15.264s] [ 78%] [32mBuilding CXX object CMakeFiles/livox_ros_driver2.dir/src/call_back/livox_lidar_callback.cpp.o[0m
[15.365s] [ 78%] Built target livox_interfaces2__rosidl_typesupport_introspection_cpp
[15.413s] [ 78%] Built target livox_interfaces2
[15.483s] [ 80%] [34m[1mGenerating Python code for ROS interfaces[0m
[16.217s] [ 80%] Built target livox_interfaces2__py
[16.254s] [ 82%] [32mBuilding C object CMakeFiles/livox_interfaces2__rosidl_generator_py.dir/rosidl_generator_py/livox_ros_driver2/msg/_custom_point_s.c.o[0m
[16.259s] [ 84%] [32mBuilding C object CMakeFiles/livox_interfaces2__rosidl_generator_py.dir/rosidl_generator_py/livox_ros_driver2/msg/_custom_msg_s.c.o[0m
[16.344s] [ 85%] [32m[1mLinking C shared library rosidl_generator_py/livox_ros_driver2/liblivox_interfaces2__rosidl_generator_py.so[0m
[16.400s] [ 85%] Built target livox_interfaces2__rosidl_generator_py
[16.415s] [ 87%] [32m[1mLinking CXX executable livox_ros_driver2_node[0m
[16.431s] [ 91%] [32mBuilding C object CMakeFiles/livox_ros_driver2__rosidl_typesupport_fastrtps_c__pyext.dir/rosidl_generator_py/livox_ros_driver2/_livox_ros_driver2_s.ep.rosidl_typesupport_fastrtps_c.c.o[0m
[16.431s] [ 91%] [32mBuilding C object CMakeFiles/livox_ros_driver2__rosidl_typesupport_introspection_c__pyext.dir/rosidl_generator_py/livox_ros_driver2/_livox_ros_driver2_s.ep.rosidl_typesupport_introspection_c.c.o[0m
[16.440s] [ 92%] [32mBuilding C object CMakeFiles/livox_ros_driver2__rosidl_typesupport_c__pyext.dir/rosidl_generator_py/livox_ros_driver2/_livox_ros_driver2_s.ep.rosidl_typesupport_c.c.o[0m
[16.505s] [ 94%] [32m[1mLinking C shared library rosidl_generator_py/livox_ros_driver2/livox_ros_driver2_s__rosidl_typesupport_fastrtps_c.cpython-310-x86_64-linux-gnu.so[0m
[16.508s] [ 96%] [32m[1mLinking C shared library rosidl_generator_py/livox_ros_driver2/livox_ros_driver2_s__rosidl_typesupport_introspection_c.cpython-310-x86_64-linux-gnu.so[0m
[16.519s] [ 98%] [32m[1mLinking C shared library rosidl_generator_py/livox_ros_driver2/livox_ros_driver2_s__rosidl_typesupport_c.cpython-310-x86_64-linux-gnu.so[0m
[16.567s] [ 98%] Built target livox_ros_driver2__rosidl_typesupport_c__pyext
[16.567s] [ 98%] Built target livox_ros_driver2__rosidl_typesupport_fastrtps_c__pyext
[16.570s] [ 98%] Built target livox_ros_driver2__rosidl_typesupport_introspection_c__pyext
[16.942s] [ 98%] Built target livox_ros_driver2_node
[20.946s] [100%] [32m[1mLinking CXX shared library liblivox_ros_driver2.so[0m
[21.981s] [100%] Built target livox_ros_driver2
[21.995s] Invoked command in '/home/talon/ros2_ws/src/Sensor_drivers/ws_livox/build/livox_ros_driver2' returned '0': CMAKE_PREFIX_PATH=${CMAKE_PREFIX_PATH}:/home/talon/ros2_humble/install/rqt_bag_plugins:/home/talon/ros2_humble/install/rqt_bag:/home/talon/ros2_humble/install/launch_testing_examples:/home/talon/ros2_humble/install/ros2bag:/home/talon/ros2_humble/install/tracetools_test:/home/talon/ros2_humble/install/tracetools_launch:/home/talon/ros2_humble/install/topic_monitor:/home/talon/ros2_humble/install/tf2_tools:/home/talon/ros2_humble/install/examples_tf2_py:/home/talon/ros2_humble/install/tf2_ros_py:/home/talon/ros2_humble/install/sros2:/home/talon/ros2_humble/install/rqt_topic:/home/talon/ros2_humble/install/rqt_srv:/home/talon/ros2_humble/install/rqt_shell:/home/talon/ros2_humble/install/rqt_service_caller:/home/talon/ros2_humble/install/rqt_reconfigure:/home/talon/ros2_humble/install/rqt_py_console:/home/talon/ros2_humble/install/rqt_publisher:/home/talon/ros2_humble/install/rqt_plot:/home/talon/ros2_humble/install/rqt_action:/home/talon/ros2_humble/install/rqt_msg:/home/talon/ros2_humble/install/rqt_console:/home/talon/ros2_humble/install/rqt:/home/talon/ros2_humble/install/rqt_graph:/home/talon/ros2_humble/install/rqt_gui_py:/home/talon/ros2_humble/install/rqt_gui:/home/talon/ros2_humble/install/ros2trace:/home/talon/ros2_humble/install/ros2topic:/home/talon/ros2_humble/install/ros2test:/home/talon/ros2_humble/install/ros2component:/home/talon/ros2_humble/install/ros2param:/home/talon/ros2_humble/install/ros2lifecycle:/home/talon/ros2_humble/install/ros2service:/home/talon/ros2_humble/install/ros2run:/home/talon/ros2_humble/install/ros2launch:/home/talon/ros2_humble/install/ros2pkg:/home/talon/ros2_humble/install/ros2node:/home/talon/ros2_humble/install/ros2multicast:/home/talon/ros2_humble/install/ros2interface:/home/talon/ros2_humble/install/ros2doctor:/home/talon/ros2_humble/install/ros2action:/home/talon/ros2_humble/install/ros2cli:/home/talon/ros2_humble/install/quality_of_service_demo_py:/home/talon/ros2_humble/install/lifecycle_py:/home/talon/ros2_humble/install/launch_testing_ros:/home/talon/ros2_humble/install/launch_ros:/home/talon/ros2_humble/install/examples_rclpy_pointcloud_publisher:/home/talon/ros2_humble/install/examples_rclpy_minimal_subscriber:/home/talon/ros2_humble/install/examples_rclpy_minimal_service:/home/talon/ros2_humble/install/examples_rclpy_minimal_publisher:/home/talon/ros2_humble/install/examples_rclpy_minimal_client:/home/talon/ros2_humble/install/examples_rclpy_minimal_action_server:/home/talon/ros2_humble/install/examples_rclpy_minimal_action_client:/home/talon/ros2_humble/install/examples_rclpy_guard_conditions:/home/talon/ros2_humble/install/examples_rclpy_executors:/home/talon/ros2_humble/install/demo_nodes_py:/home/talon/ros2_humble/install/camera_info_manager_py:/home/talon/ros2_humble/install/action_tutorials_py:/home/talon/ros2_humble/install/ament_uncrustify:/home/talon/ros2_humble/install/tracetools_trace:/home/talon/ros2_humble/install/tracetools_read:/home/talon/ros2_humble/install/test_tracetools_launch:/home/talon/ros2_humble/install/test_launch_ros:/home/talon/ros2_humble/install/sensor_msgs_py:/home/talon/ros2_humble/install/rpyutils:/home/talon/ros2_humble/install/rosidl_runtime_py:/home/talon/ros2_humble/install/rosidl_cli:/home/talon/ros2_humble/install/launch_pytest:/home/talon/ros2_humble/install/launch_testing:/home/talon/ros2_humble/install/launch_yaml:/home/talon/ros2_humble/install/launch_xml:/home/talon/ros2_humble/install/launch:/home/talon/ros2_humble/install/osrf_pycommon:/home/talon/ros2_humble/install/domain_coordinator:/home/talon/ros2_humble/install/ament_xmllint:/home/talon/ros2_humble/install/ament_pyflakes:/home/talon/ros2_humble/install/ament_pycodestyle:/home/talon/ros2_humble/install/ament_pep257:/home/talon/ros2_humble/install/ament_pclint:/home/talon/ros2_humble/install/ament_package:/home/talon/ros2_humble/install/ament_mypy:/home/talon/ros2_humble/install/ament_lint_cmake:/home/talon/ros2_humble/install/ament_flake8:/home/talon/ros2_humble/install/ament_copyright:/home/talon/ros2_humble/install/ament_lint:/home/talon/ros2_humble/install/ament_index_python:/home/talon/ros2_humble/install/ament_cpplint:/home/talon/ros2_humble/install/ament_cppcheck:/home/talon/ros2_humble/install/ament_clang_tidy:/home/talon/ros2_humble/install/ament_clang_format:/opt/ros/humble /usr/bin/cmake --build /home/talon/ros2_ws/src/Sensor_drivers/ws_livox/build/livox_ros_driver2 -- -j18 -l18
[21.997s] Invoking command in '/home/talon/ros2_ws/src/Sensor_drivers/ws_livox/build/livox_ros_driver2': CMAKE_PREFIX_PATH=${CMAKE_PREFIX_PATH}:/home/talon/ros2_humble/install/rqt_bag_plugins:/home/talon/ros2_humble/install/rqt_bag:/home/talon/ros2_humble/install/launch_testing_examples:/home/talon/ros2_humble/install/ros2bag:/home/talon/ros2_humble/install/tracetools_test:/home/talon/ros2_humble/install/tracetools_launch:/home/talon/ros2_humble/install/topic_monitor:/home/talon/ros2_humble/install/tf2_tools:/home/talon/ros2_humble/install/examples_tf2_py:/home/talon/ros2_humble/install/tf2_ros_py:/home/talon/ros2_humble/install/sros2:/home/talon/ros2_humble/install/rqt_topic:/home/talon/ros2_humble/install/rqt_srv:/home/talon/ros2_humble/install/rqt_shell:/home/talon/ros2_humble/install/rqt_service_caller:/home/talon/ros2_humble/install/rqt_reconfigure:/home/talon/ros2_humble/install/rqt_py_console:/home/talon/ros2_humble/install/rqt_publisher:/home/talon/ros2_humble/install/rqt_plot:/home/talon/ros2_humble/install/rqt_action:/home/talon/ros2_humble/install/rqt_msg:/home/talon/ros2_humble/install/rqt_console:/home/talon/ros2_humble/install/rqt:/home/talon/ros2_humble/install/rqt_graph:/home/talon/ros2_humble/install/rqt_gui_py:/home/talon/ros2_humble/install/rqt_gui:/home/talon/ros2_humble/install/ros2trace:/home/talon/ros2_humble/install/ros2topic:/home/talon/ros2_humble/install/ros2test:/home/talon/ros2_humble/install/ros2component:/home/talon/ros2_humble/install/ros2param:/home/talon/ros2_humble/install/ros2lifecycle:/home/talon/ros2_humble/install/ros2service:/home/talon/ros2_humble/install/ros2run:/home/talon/ros2_humble/install/ros2launch:/home/talon/ros2_humble/install/ros2pkg:/home/talon/ros2_humble/install/ros2node:/home/talon/ros2_humble/install/ros2multicast:/home/talon/ros2_humble/install/ros2interface:/home/talon/ros2_humble/install/ros2doctor:/home/talon/ros2_humble/install/ros2action:/home/talon/ros2_humble/install/ros2cli:/home/talon/ros2_humble/install/quality_of_service_demo_py:/home/talon/ros2_humble/install/lifecycle_py:/home/talon/ros2_humble/install/launch_testing_ros:/home/talon/ros2_humble/install/launch_ros:/home/talon/ros2_humble/install/examples_rclpy_pointcloud_publisher:/home/talon/ros2_humble/install/examples_rclpy_minimal_subscriber:/home/talon/ros2_humble/install/examples_rclpy_minimal_service:/home/talon/ros2_humble/install/examples_rclpy_minimal_publisher:/home/talon/ros2_humble/install/examples_rclpy_minimal_client:/home/talon/ros2_humble/install/examples_rclpy_minimal_action_server:/home/talon/ros2_humble/install/examples_rclpy_minimal_action_client:/home/talon/ros2_humble/install/examples_rclpy_guard_conditions:/home/talon/ros2_humble/install/examples_rclpy_executors:/home/talon/ros2_humble/install/demo_nodes_py:/home/talon/ros2_humble/install/camera_info_manager_py:/home/talon/ros2_humble/install/action_tutorials_py:/home/talon/ros2_humble/install/ament_uncrustify:/home/talon/ros2_humble/install/tracetools_trace:/home/talon/ros2_humble/install/tracetools_read:/home/talon/ros2_humble/install/test_tracetools_launch:/home/talon/ros2_humble/install/test_launch_ros:/home/talon/ros2_humble/install/sensor_msgs_py:/home/talon/ros2_humble/install/rpyutils:/home/talon/ros2_humble/install/rosidl_runtime_py:/home/talon/ros2_humble/install/rosidl_cli:/home/talon/ros2_humble/install/launch_pytest:/home/talon/ros2_humble/install/launch_testing:/home/talon/ros2_humble/install/launch_yaml:/home/talon/ros2_humble/install/launch_xml:/home/talon/ros2_humble/install/launch:/home/talon/ros2_humble/install/osrf_pycommon:/home/talon/ros2_humble/install/domain_coordinator:/home/talon/ros2_humble/install/ament_xmllint:/home/talon/ros2_humble/install/ament_pyflakes:/home/talon/ros2_humble/install/ament_pycodestyle:/home/talon/ros2_humble/install/ament_pep257:/home/talon/ros2_humble/install/ament_pclint:/home/talon/ros2_humble/install/ament_package:/home/talon/ros2_humble/install/ament_mypy:/home/talon/ros2_humble/install/ament_lint_cmake:/home/talon/ros2_humble/install/ament_flake8:/home/talon/ros2_humble/install/ament_copyright:/home/talon/ros2_humble/install/ament_lint:/home/talon/ros2_humble/install/ament_index_python:/home/talon/ros2_humble/install/ament_cpplint:/home/talon/ros2_humble/install/ament_cppcheck:/home/talon/ros2_humble/install/ament_clang_tidy:/home/talon/ros2_humble/install/ament_clang_format:/opt/ros/humble /usr/bin/cmake --install /home/talon/ros2_ws/src/Sensor_drivers/ws_livox/build/livox_ros_driver2
[22.008s] -- Install configuration: ""
[22.008s] -- Installing: /home/talon/ros2_ws/src/Sensor_drivers/ws_livox/install/livox_ros_driver2/share/ament_index/resource_index/rosidl_interfaces/livox_ros_driver2
[22.008s] -- Installing: /home/talon/ros2_ws/src/Sensor_drivers/ws_livox/install/livox_ros_driver2/include/livox_ros_driver2/livox_ros_driver2
[22.008s] -- Installing: /home/talon/ros2_ws/src/Sensor_drivers/ws_livox/install/livox_ros_driver2/include/livox_ros_driver2/livox_ros_driver2/msg
[22.008s] -- Installing: /home/talon/ros2_ws/src/Sensor_drivers/ws_livox/install/livox_ros_driver2/include/livox_ros_driver2/livox_ros_driver2/msg/detail
[22.008s] -- Installing: /home/talon/ros2_ws/src/Sensor_drivers/ws_livox/install/livox_ros_driver2/include/livox_ros_driver2/livox_ros_driver2/msg/detail/custom_msg__struct.h
[22.008s] -- Installing: /home/talon/ros2_ws/src/Sensor_drivers/ws_livox/install/livox_ros_driver2/include/livox_ros_driver2/livox_ros_driver2/msg/detail/custom_point__type_support.h
[22.008s] -- Installing: /home/talon/ros2_ws/src/Sensor_drivers/ws_livox/install/livox_ros_driver2/include/livox_ros_driver2/livox_ros_driver2/msg/detail/custom_msg__type_support.h
[22.008s] -- Installing: /home/talon/ros2_ws/src/Sensor_drivers/ws_livox/install/livox_ros_driver2/include/livox_ros_driver2/livox_ros_driver2/msg/detail/custom_msg__functions.c
[22.008s] -- Installing: /home/talon/ros2_ws/src/Sensor_drivers/ws_livox/install/livox_ros_driver2/include/livox_ros_driver2/livox_ros_driver2/msg/detail/custom_point__functions.c
[22.008s] -- Installing: /home/talon/ros2_ws/src/Sensor_drivers/ws_livox/install/livox_ros_driver2/include/livox_ros_driver2/livox_ros_driver2/msg/detail/custom_point__struct.h
[22.008s] -- Installing: /home/talon/ros2_ws/src/Sensor_drivers/ws_livox/install/livox_ros_driver2/include/livox_ros_driver2/livox_ros_driver2/msg/detail/custom_msg__functions.h
[22.009s] -- Installing: /home/talon/ros2_ws/src/Sensor_drivers/ws_livox/install/livox_ros_driver2/include/livox_ros_driver2/livox_ros_driver2/msg/detail/custom_point__functions.h
[22.009s] -- Installing: /home/talon/ros2_ws/src/Sensor_drivers/ws_livox/install/livox_ros_driver2/include/livox_ros_driver2/livox_ros_driver2/msg/custom_msg.h
[22.009s] -- Installing: /home/talon/ros2_ws/src/Sensor_drivers/ws_livox/install/livox_ros_driver2/include/livox_ros_driver2/livox_ros_driver2/msg/custom_point.h
[22.009s] -- Installing: /home/talon/ros2_ws/src/Sensor_drivers/ws_livox/install/livox_ros_driver2/include/livox_ros_driver2/livox_ros_driver2/msg/rosidl_generator_c__visibility_control.h
[22.009s] -- Installing: /home/talon/ros2_ws/src/Sensor_drivers/ws_livox/install/livox_ros_driver2/share/livox_ros_driver2/environment/library_path.sh
[22.009s] -- Installing: /home/talon/ros2_ws/src/Sensor_drivers/ws_livox/install/livox_ros_driver2/share/livox_ros_driver2/environment/library_path.dsv
[22.009s] -- Installing: /home/talon/ros2_ws/src/Sensor_drivers/ws_livox/install/livox_ros_driver2/lib/liblivox_ros_driver2__rosidl_generator_c.so
[22.009s] -- Set runtime path of "/home/talon/ros2_ws/src/Sensor_drivers/ws_livox/install/livox_ros_driver2/lib/liblivox_ros_driver2__rosidl_generator_c.so" to ""
[22.009s] -- Up-to-date: /home/talon/ros2_ws/src/Sensor_drivers/ws_livox/install/livox_ros_driver2/include/livox_ros_driver2/livox_ros_driver2
[22.009s] -- Up-to-date: /home/talon/ros2_ws/src/Sensor_drivers/ws_livox/install/livox_ros_driver2/include/livox_ros_driver2/livox_ros_driver2/msg
[22.009s] -- Up-to-date: /home/talon/ros2_ws/src/Sensor_drivers/ws_livox/install/livox_ros_driver2/include/livox_ros_driver2/livox_ros_driver2/msg/detail
[22.009s] -- Installing: /home/talon/ros2_ws/src/Sensor_drivers/ws_livox/install/livox_ros_driver2/include/livox_ros_driver2/livox_ros_driver2/msg/detail/custom_msg__type_support.c
[22.009s] -- Installing: /home/talon/ros2_ws/src/Sensor_drivers/ws_livox/install/livox_ros_driver2/include/livox_ros_driver2/livox_ros_driver2/msg/detail/custom_point__type_support.c
[22.009s] -- Installing: /home/talon/ros2_ws/src/Sensor_drivers/ws_livox/install/livox_ros_driver2/include/livox_ros_driver2/livox_ros_driver2/msg/detail/custom_point__rosidl_typesupport_introspection_c.h
[22.009s] -- Installing: /home/talon/ros2_ws/src/Sensor_drivers/ws_livox/install/livox_ros_driver2/include/livox_ros_driver2/livox_ros_driver2/msg/detail/custom_msg__rosidl_typesupport_introspection_c.h
[22.009s] -- Installing: /home/talon/ros2_ws/src/Sensor_drivers/ws_livox/install/livox_ros_driver2/include/livox_ros_driver2/livox_ros_driver2/msg/rosidl_typesupport_introspection_c__visibility_control.h
[22.010s] -- Installing: /home/talon/ros2_ws/src/Sensor_drivers/ws_livox/install/livox_ros_driver2/lib/liblivox_ros_driver2__rosidl_typesupport_introspection_c.so
[22.010s] -- Set runtime path of "/home/talon/ros2_ws/src/Sensor_drivers/ws_livox/install/livox_ros_driver2/lib/liblivox_ros_driver2__rosidl_typesupport_introspection_c.so" to ""
[22.010s] -- Up-to-date: /home/talon/ros2_ws/src/Sensor_drivers/ws_livox/install/livox_ros_driver2/include/livox_ros_driver2/livox_ros_driver2
[22.010s] -- Up-to-date: /home/talon/ros2_ws/src/Sensor_drivers/ws_livox/install/livox_ros_driver2/include/livox_ros_driver2/livox_ros_driver2/msg
[22.010s] -- Installing: /home/talon/ros2_ws/src/Sensor_drivers/ws_livox/install/livox_ros_driver2/include/livox_ros_driver2/livox_ros_driver2/msg/rosidl_typesupport_fastrtps_c__visibility_control.h
[22.010s] -- Up-to-date: /home/talon/ros2_ws/src/Sensor_drivers/ws_livox/install/livox_ros_driver2/include/livox_ros_driver2/livox_ros_driver2/msg/detail
[22.010s] -- Installing: /home/talon/ros2_ws/src/Sensor_drivers/ws_livox/install/livox_ros_driver2/include/livox_ros_driver2/livox_ros_driver2/msg/detail/custom_point__rosidl_typesupport_fastrtps_c.h
[22.010s] -- Installing: /home/talon/ros2_ws/src/Sensor_drivers/ws_livox/install/livox_ros_driver2/include/livox_ros_driver2/livox_ros_driver2/msg/detail/custom_msg__rosidl_typesupport_fastrtps_c.h
[22.010s] -- Installing: /home/talon/ros2_ws/src/Sensor_drivers/ws_livox/install/livox_ros_driver2/lib/liblivox_ros_driver2__rosidl_typesupport_fastrtps_c.so
[22.010s] -- Set runtime path of "/home/talon/ros2_ws/src/Sensor_drivers/ws_livox/install/livox_ros_driver2/lib/liblivox_ros_driver2__rosidl_typesupport_fastrtps_c.so" to ""
[22.010s] -- Installing: /home/talon/ros2_ws/src/Sensor_drivers/ws_livox/install/livox_ros_driver2/lib/liblivox_ros_driver2__rosidl_typesupport_c.so
[22.010s] -- Set runtime path of "/home/talon/ros2_ws/src/Sensor_drivers/ws_livox/install/livox_ros_driver2/lib/liblivox_ros_driver2__rosidl_typesupport_c.so" to ""
[22.010s] -- Up-to-date: /home/talon/ros2_ws/src/Sensor_drivers/ws_livox/install/livox_ros_driver2/include/livox_ros_driver2/livox_ros_driver2
[22.010s] -- Up-to-date: /home/talon/ros2_ws/src/Sensor_drivers/ws_livox/install/livox_ros_driver2/include/livox_ros_driver2/livox_ros_driver2/msg
[22.010s] -- Installing: /home/talon/ros2_ws/src/Sensor_drivers/ws_livox/install/livox_ros_driver2/include/livox_ros_driver2/livox_ros_driver2/msg/custom_msg.hpp
[22.010s] -- Installing: /home/talon/ros2_ws/src/Sensor_drivers/ws_livox/install/livox_ros_driver2/include/livox_ros_driver2/livox_ros_driver2/msg/custom_point.hpp
[22.011s] -- Up-to-date: /home/talon/ros2_ws/src/Sensor_drivers/ws_livox/install/livox_ros_driver2/include/livox_ros_driver2/livox_ros_driver2/msg/detail
[22.011s] -- Installing: /home/talon/ros2_ws/src/Sensor_drivers/ws_livox/install/livox_ros_driver2/include/livox_ros_driver2/livox_ros_driver2/msg/detail/custom_point__traits.hpp
[22.011s] -- Installing: /home/talon/ros2_ws/src/Sensor_drivers/ws_livox/install/livox_ros_driver2/include/livox_ros_driver2/livox_ros_driver2/msg/detail/custom_point__type_support.hpp
[22.011s] -- Installing: /home/talon/ros2_ws/src/Sensor_drivers/ws_livox/install/livox_ros_driver2/include/livox_ros_driver2/livox_ros_driver2/msg/detail/custom_msg__builder.hpp
[22.011s] -- Installing: /home/talon/ros2_ws/src/Sensor_drivers/ws_livox/install/livox_ros_driver2/include/livox_ros_driver2/livox_ros_driver2/msg/detail/custom_msg__traits.hpp
[22.011s] -- Installing: /home/talon/ros2_ws/src/Sensor_drivers/ws_livox/install/livox_ros_driver2/include/livox_ros_driver2/livox_ros_driver2/msg/detail/custom_point__builder.hpp
[22.011s] -- Installing: /home/talon/ros2_ws/src/Sensor_drivers/ws_livox/install/livox_ros_driver2/include/livox_ros_driver2/livox_ros_driver2/msg/detail/custom_msg__type_support.hpp
[22.011s] -- Installing: /home/talon/ros2_ws/src/Sensor_drivers/ws_livox/install/livox_ros_driver2/include/livox_ros_driver2/livox_ros_driver2/msg/detail/custom_point__struct.hpp
[22.011s] -- Installing: /home/talon/ros2_ws/src/Sensor_drivers/ws_livox/install/livox_ros_driver2/include/livox_ros_driver2/livox_ros_driver2/msg/detail/custom_msg__struct.hpp
[22.011s] -- Installing: /home/talon/ros2_ws/src/Sensor_drivers/ws_livox/install/livox_ros_driver2/include/livox_ros_driver2/livox_ros_driver2/msg/rosidl_generator_cpp__visibility_control.hpp
[22.011s] -- Up-to-date: /home/talon/ros2_ws/src/Sensor_drivers/ws_livox/install/livox_ros_driver2/include/livox_ros_driver2/livox_ros_driver2
[22.011s] -- Up-to-date: /home/talon/ros2_ws/src/Sensor_drivers/ws_livox/install/livox_ros_driver2/include/livox_ros_driver2/livox_ros_driver2/msg
[22.011s] -- Up-to-date: /home/talon/ros2_ws/src/Sensor_drivers/ws_livox/install/livox_ros_driver2/include/livox_ros_driver2/livox_ros_driver2/msg/detail
[22.011s] -- Installing: /home/talon/ros2_ws/src/Sensor_drivers/ws_livox/install/livox_ros_driver2/include/livox_ros_driver2/livox_ros_driver2/msg/detail/custom_point__type_support.cpp
[22.011s] -- Installing: /home/talon/ros2_ws/src/Sensor_drivers/ws_livox/install/livox_ros_driver2/include/livox_ros_driver2/livox_ros_driver2/msg/detail/custom_msg__type_support.cpp
[22.011s] -- Installing: /home/talon/ros2_ws/src/Sensor_drivers/ws_livox/install/livox_ros_driver2/include/livox_ros_driver2/livox_ros_driver2/msg/detail/custom_msg__rosidl_typesupport_introspection_cpp.hpp
[22.012s] -- Installing: /home/talon/ros2_ws/src/Sensor_drivers/ws_livox/install/livox_ros_driver2/include/livox_ros_driver2/livox_ros_driver2/msg/detail/custom_point__rosidl_typesupport_introspection_cpp.hpp
[22.012s] -- Installing: /home/talon/ros2_ws/src/Sensor_drivers/ws_livox/install/livox_ros_driver2/lib/liblivox_ros_driver2__rosidl_typesupport_introspection_cpp.so
[22.012s] -- Set runtime path of "/home/talon/ros2_ws/src/Sensor_drivers/ws_livox/install/livox_ros_driver2/lib/liblivox_ros_driver2__rosidl_typesupport_introspection_cpp.so" to ""
[22.012s] -- Up-to-date: /home/talon/ros2_ws/src/Sensor_drivers/ws_livox/install/livox_ros_driver2/include/livox_ros_driver2/livox_ros_driver2
[22.012s] -- Up-to-date: /home/talon/ros2_ws/src/Sensor_drivers/ws_livox/install/livox_ros_driver2/include/livox_ros_driver2/livox_ros_driver2/msg
[22.012s] -- Up-to-date: /home/talon/ros2_ws/src/Sensor_drivers/ws_livox/install/livox_ros_driver2/include/livox_ros_driver2/livox_ros_driver2/msg/detail
[22.012s] -- Installing: /home/talon/ros2_ws/src/Sensor_drivers/ws_livox/install/livox_ros_driver2/include/livox_ros_driver2/livox_ros_driver2/msg/detail/custom_msg__rosidl_typesupport_fastrtps_cpp.hpp
[22.012s] -- Installing: /home/talon/ros2_ws/src/Sensor_drivers/ws_livox/install/livox_ros_driver2/include/livox_ros_driver2/livox_ros_driver2/msg/detail/custom_point__rosidl_typesupport_fastrtps_cpp.hpp
[22.012s] -- Installing: /home/talon/ros2_ws/src/Sensor_drivers/ws_livox/install/livox_ros_driver2/include/livox_ros_driver2/livox_ros_driver2/msg/detail/dds_fastrtps
[22.012s] -- Installing: /home/talon/ros2_ws/src/Sensor_drivers/ws_livox/install/livox_ros_driver2/include/livox_ros_driver2/livox_ros_driver2/msg/rosidl_typesupport_fastrtps_cpp__visibility_control.h
[22.012s] -- Installing: /home/talon/ros2_ws/src/Sensor_drivers/ws_livox/install/livox_ros_driver2/lib/liblivox_ros_driver2__rosidl_typesupport_fastrtps_cpp.so
[22.012s] -- Set runtime path of "/home/talon/ros2_ws/src/Sensor_drivers/ws_livox/install/livox_ros_driver2/lib/liblivox_ros_driver2__rosidl_typesupport_fastrtps_cpp.so" to ""
[22.012s] -- Installing: /home/talon/ros2_ws/src/Sensor_drivers/ws_livox/install/livox_ros_driver2/lib/liblivox_ros_driver2__rosidl_typesupport_cpp.so
[22.012s] -- Set runtime path of "/home/talon/ros2_ws/src/Sensor_drivers/ws_livox/install/livox_ros_driver2/lib/liblivox_ros_driver2__rosidl_typesupport_cpp.so" to ""
[22.012s] -- Installing: /home/talon/ros2_ws/src/Sensor_drivers/ws_livox/install/livox_ros_driver2/share/livox_ros_driver2/environment/pythonpath.sh
[22.012s] -- Installing: /home/talon/ros2_ws/src/Sensor_drivers/ws_livox/install/livox_ros_driver2/share/livox_ros_driver2/environment/pythonpath.dsv
[22.013s] -- Installing: /home/talon/ros2_ws/src/Sensor_drivers/ws_livox/install/livox_ros_driver2/local/lib/python3.10/dist-packages/livox_ros_driver2-1.0.0-py3.10.egg-info
[22.013s] -- Installing: /home/talon/ros2_ws/src/Sensor_drivers/ws_livox/install/livox_ros_driver2/local/lib/python3.10/dist-packages/livox_ros_driver2-1.0.0-py3.10.egg-info/PKG-INFO
[22.013s] -- Installing: /home/talon/ros2_ws/src/Sensor_drivers/ws_livox/install/livox_ros_driver2/local/lib/python3.10/dist-packages/livox_ros_driver2-1.0.0-py3.10.egg-info/top_level.txt
[22.013s] -- Installing: /home/talon/ros2_ws/src/Sensor_drivers/ws_livox/install/livox_ros_driver2/local/lib/python3.10/dist-packages/livox_ros_driver2-1.0.0-py3.10.egg-info/SOURCES.txt
[22.013s] -- Installing: /home/talon/ros2_ws/src/Sensor_drivers/ws_livox/install/livox_ros_driver2/local/lib/python3.10/dist-packages/livox_ros_driver2-1.0.0-py3.10.egg-info/dependency_links.txt
[22.013s] -- Installing: /home/talon/ros2_ws/src/Sensor_drivers/ws_livox/install/livox_ros_driver2/local/lib/python3.10/dist-packages/livox_ros_driver2
[22.013s] -- Installing: /home/talon/ros2_ws/src/Sensor_drivers/ws_livox/install/livox_ros_driver2/local/lib/python3.10/dist-packages/livox_ros_driver2/_livox_ros_driver2_s.ep.rosidl_typesupport_introspection_c.c
[22.013s] -- Installing: /home/talon/ros2_ws/src/Sensor_drivers/ws_livox/install/livox_ros_driver2/local/lib/python3.10/dist-packages/livox_ros_driver2/livox_ros_driver2_s__rosidl_typesupport_introspection_c.cpython-310-x86_64-linux-gnu.so
[22.013s] -- Installing: /home/talon/ros2_ws/src/Sensor_drivers/ws_livox/install/livox_ros_driver2/local/lib/python3.10/dist-packages/livox_ros_driver2/liblivox_interfaces2__rosidl_generator_py.so
[22.013s] -- Installing: /home/talon/ros2_ws/src/Sensor_drivers/ws_livox/install/livox_ros_driver2/local/lib/python3.10/dist-packages/livox_ros_driver2/__init__.py
[22.013s] -- Installing: /home/talon/ros2_ws/src/Sensor_drivers/ws_livox/install/livox_ros_driver2/local/lib/python3.10/dist-packages/livox_ros_driver2/msg
[22.013s] -- Installing: /home/talon/ros2_ws/src/Sensor_drivers/ws_livox/install/livox_ros_driver2/local/lib/python3.10/dist-packages/livox_ros_driver2/msg/_custom_msg.py
[22.013s] -- Installing: /home/talon/ros2_ws/src/Sensor_drivers/ws_livox/install/livox_ros_driver2/local/lib/python3.10/dist-packages/livox_ros_driver2/msg/__init__.py
[22.013s] -- Installing: /home/talon/ros2_ws/src/Sensor_drivers/ws_livox/install/livox_ros_driver2/local/lib/python3.10/dist-packages/livox_ros_driver2/msg/_custom_msg_s.c
[22.013s] -- Installing: /home/talon/ros2_ws/src/Sensor_drivers/ws_livox/install/livox_ros_driver2/local/lib/python3.10/dist-packages/livox_ros_driver2/msg/_custom_point.py
[22.013s] -- Installing: /home/talon/ros2_ws/src/Sensor_drivers/ws_livox/install/livox_ros_driver2/local/lib/python3.10/dist-packages/livox_ros_driver2/msg/_custom_point_s.c
[22.013s] -- Installing: /home/talon/ros2_ws/src/Sensor_drivers/ws_livox/install/livox_ros_driver2/local/lib/python3.10/dist-packages/livox_ros_driver2/_livox_ros_driver2_s.ep.rosidl_typesupport_fastrtps_c.c
[22.013s] -- Installing: /home/talon/ros2_ws/src/Sensor_drivers/ws_livox/install/livox_ros_driver2/local/lib/python3.10/dist-packages/livox_ros_driver2/_livox_ros_driver2_s.ep.rosidl_typesupport_c.c
[22.013s] -- Installing: /home/talon/ros2_ws/src/Sensor_drivers/ws_livox/install/livox_ros_driver2/local/lib/python3.10/dist-packages/livox_ros_driver2/livox_ros_driver2_s__rosidl_typesupport_c.cpython-310-x86_64-linux-gnu.so
[22.014s] -- Installing: /home/talon/ros2_ws/src/Sensor_drivers/ws_livox/install/livox_ros_driver2/local/lib/python3.10/dist-packages/livox_ros_driver2/livox_ros_driver2_s__rosidl_typesupport_fastrtps_c.cpython-310-x86_64-linux-gnu.so
[22.101s] Listing '/home/talon/ros2_ws/src/Sensor_drivers/ws_livox/install/livox_ros_driver2/local/lib/python3.10/dist-packages/livox_ros_driver2'...
[22.101s] Compiling '/home/talon/ros2_ws/src/Sensor_drivers/ws_livox/install/livox_ros_driver2/local/lib/python3.10/dist-packages/livox_ros_driver2/__init__.py'...
[22.101s] Listing '/home/talon/ros2_ws/src/Sensor_drivers/ws_livox/install/livox_ros_driver2/local/lib/python3.10/dist-packages/livox_ros_driver2/msg'...
[22.102s] Compiling '/home/talon/ros2_ws/src/Sensor_drivers/ws_livox/install/livox_ros_driver2/local/lib/python3.10/dist-packages/livox_ros_driver2/msg/__init__.py'...
[22.102s] Compiling '/home/talon/ros2_ws/src/Sensor_drivers/ws_livox/install/livox_ros_driver2/local/lib/python3.10/dist-packages/livox_ros_driver2/msg/_custom_msg.py'...
[22.102s] Compiling '/home/talon/ros2_ws/src/Sensor_drivers/ws_livox/install/livox_ros_driver2/local/lib/python3.10/dist-packages/livox_ros_driver2/msg/_custom_point.py'...
[22.104s] -- Installing: /home/talon/ros2_ws/src/Sensor_drivers/ws_livox/install/livox_ros_driver2/local/lib/python3.10/dist-packages/livox_ros_driver2/livox_ros_driver2_s__rosidl_typesupport_introspection_c.cpython-310-x86_64-linux-gnu.so
[22.105s] -- Set runtime path of "/home/talon/ros2_ws/src/Sensor_drivers/ws_livox/install/livox_ros_driver2/local/lib/python3.10/dist-packages/livox_ros_driver2/livox_ros_driver2_s__rosidl_typesupport_introspection_c.cpython-310-x86_64-linux-gnu.so" to ""
[22.105s] -- Installing: /home/talon/ros2_ws/src/Sensor_drivers/ws_livox/install/livox_ros_driver2/local/lib/python3.10/dist-packages/livox_ros_driver2/livox_ros_driver2_s__rosidl_typesupport_fastrtps_c.cpython-310-x86_64-linux-gnu.so
[22.106s] -- Set runtime path of "/home/talon/ros2_ws/src/Sensor_drivers/ws_livox/install/livox_ros_driver2/local/lib/python3.10/dist-packages/livox_ros_driver2/livox_ros_driver2_s__rosidl_typesupport_fastrtps_c.cpython-310-x86_64-linux-gnu.so" to ""
[22.106s] -- Installing: /home/talon/ros2_ws/src/Sensor_drivers/ws_livox/install/livox_ros_driver2/local/lib/python3.10/dist-packages/livox_ros_driver2/livox_ros_driver2_s__rosidl_typesupport_c.cpython-310-x86_64-linux-gnu.so
[22.106s] -- Set runtime path of "/home/talon/ros2_ws/src/Sensor_drivers/ws_livox/install/livox_ros_driver2/local/lib/python3.10/dist-packages/livox_ros_driver2/livox_ros_driver2_s__rosidl_typesupport_c.cpython-310-x86_64-linux-gnu.so" to ""
[22.106s] -- Installing: /home/talon/ros2_ws/src/Sensor_drivers/ws_livox/install/livox_ros_driver2/lib/liblivox_interfaces2__rosidl_generator_py.so
[22.106s] -- Set runtime path of "/home/talon/ros2_ws/src/Sensor_drivers/ws_livox/install/livox_ros_driver2/lib/liblivox_interfaces2__rosidl_generator_py.so" to ""
[22.107s] -- Installing: /home/talon/ros2_ws/src/Sensor_drivers/ws_livox/install/livox_ros_driver2/share/livox_ros_driver2/msg/CustomPoint.idl
[22.107s] -- Installing: /home/talon/ros2_ws/src/Sensor_drivers/ws_livox/install/livox_ros_driver2/share/livox_ros_driver2/msg/CustomMsg.idl
[22.107s] -- Installing: /home/talon/ros2_ws/src/Sensor_drivers/ws_livox/install/livox_ros_driver2/share/livox_ros_driver2/msg/CustomPoint.msg
[22.107s] -- Installing: /home/talon/ros2_ws/src/Sensor_drivers/ws_livox/install/livox_ros_driver2/share/livox_ros_driver2/msg/CustomMsg.msg
[22.107s] -- Installing: /home/talon/ros2_ws/src/Sensor_drivers/ws_livox/install/livox_ros_driver2/lib/livox_ros_driver2/livox_ros_driver2_node
[22.107s] -- Set runtime path of "/home/talon/ros2_ws/src/Sensor_drivers/ws_livox/install/livox_ros_driver2/lib/livox_ros_driver2/livox_ros_driver2_node" to ""
[22.107s] -- Installing: /home/talon/ros2_ws/src/Sensor_drivers/ws_livox/install/livox_ros_driver2/lib/liblivox_ros_driver2.so
[22.109s] -- Set runtime path of "/home/talon/ros2_ws/src/Sensor_drivers/ws_livox/install/livox_ros_driver2/lib/liblivox_ros_driver2.so" to ""
[22.110s] -- Installing: /home/talon/ros2_ws/src/Sensor_drivers/ws_livox/install/livox_ros_driver2/share/livox_ros_driver2/config
[22.110s] -- Installing: /home/talon/ros2_ws/src/Sensor_drivers/ws_livox/install/livox_ros_driver2/share/livox_ros_driver2/config/display_point_cloud_ROS2_front.rviz
[22.110s] -- Installing: /home/talon/ros2_ws/src/Sensor_drivers/ws_livox/install/livox_ros_driver2/share/livox_ros_driver2/config/display_point_cloud_ROS2_rear.rviz
[22.110s] -- Installing: /home/talon/ros2_ws/src/Sensor_drivers/ws_livox/install/livox_ros_driver2/share/livox_ros_driver2/config/mixed_HAP_MID360_config.json
[22.110s] -- Installing: /home/talon/ros2_ws/src/Sensor_drivers/ws_livox/install/livox_ros_driver2/share/livox_ros_driver2/config/display_point_cloud_ROS1.rviz
[22.110s] -- Installing: /home/talon/ros2_ws/src/Sensor_drivers/ws_livox/install/livox_ros_driver2/share/livox_ros_driver2/config/HAP_config.json
[22.110s] -- Installing: /home/talon/ros2_ws/src/Sensor_drivers/ws_livox/install/livox_ros_driver2/share/livox_ros_driver2/config/MID360_front_config.json
[22.110s] -- Installing: /home/talon/ros2_ws/src/Sensor_drivers/ws_livox/install/livox_ros_driver2/share/livox_ros_driver2/config/MID360_rear_config.json
[22.110s] -- Installing: /home/talon/ros2_ws/src/Sensor_drivers/ws_livox/install/livox_ros_driver2/share/livox_ros_driver2/launch_ROS2
[22.110s] -- Installing: /home/talon/ros2_ws/src/Sensor_drivers/ws_livox/install/livox_ros_driver2/share/livox_ros_driver2/launch_ROS2/rviz_MID360_front_launch.py
[22.110s] -- Installing: /home/talon/ros2_ws/src/Sensor_drivers/ws_livox/install/livox_ros_driver2/share/livox_ros_driver2/launch_ROS2/msg_HAP_launch.py
[22.110s] -- Installing: /home/talon/ros2_ws/src/Sensor_drivers/ws_livox/install/livox_ros_driver2/share/livox_ros_driver2/launch_ROS2/msg_MID360_launch.py
[22.110s] -- Installing: /home/talon/ros2_ws/src/Sensor_drivers/ws_livox/install/livox_ros_driver2/share/livox_ros_driver2/launch_ROS2/rviz_HAP_launch.py
[22.110s] -- Installing: /home/talon/ros2_ws/src/Sensor_drivers/ws_livox/install/livox_ros_driver2/share/livox_ros_driver2/launch_ROS2/rviz_mixed.py
[22.111s] -- Installing: /home/talon/ros2_ws/src/Sensor_drivers/ws_livox/install/livox_ros_driver2/share/livox_ros_driver2/launch_ROS2/rviz_MID360_rear_launch.py
[22.111s] -- Installing: /home/talon/ros2_ws/src/Sensor_drivers/ws_livox/install/livox_ros_driver2/share/ament_index/resource_index/package_run_dependencies/livox_ros_driver2
[22.111s] -- Installing: /home/talon/ros2_ws/src/Sensor_drivers/ws_livox/install/livox_ros_driver2/share/ament_index/resource_index/parent_prefix_path/livox_ros_driver2
[22.111s] -- Installing: /home/talon/ros2_ws/src/Sensor_drivers/ws_livox/install/livox_ros_driver2/share/livox_ros_driver2/environment/ament_prefix_path.sh
[22.111s] -- Installing: /home/talon/ros2_ws/src/Sensor_drivers/ws_livox/install/livox_ros_driver2/share/livox_ros_driver2/environment/ament_prefix_path.dsv
[22.111s] -- Installing: /home/talon/ros2_ws/src/Sensor_drivers/ws_livox/install/livox_ros_driver2/share/livox_ros_driver2/environment/path.sh
[22.111s] -- Installing: /home/talon/ros2_ws/src/Sensor_drivers/ws_livox/install/livox_ros_driver2/share/livox_ros_driver2/environment/path.dsv
[22.111s] -- Installing: /home/talon/ros2_ws/src/Sensor_drivers/ws_livox/install/livox_ros_driver2/share/livox_ros_driver2/local_setup.bash
[22.111s] -- Installing: /home/talon/ros2_ws/src/Sensor_drivers/ws_livox/install/livox_ros_driver2/share/livox_ros_driver2/local_setup.sh
[22.111s] -- Installing: /home/talon/ros2_ws/src/Sensor_drivers/ws_livox/install/livox_ros_driver2/share/livox_ros_driver2/local_setup.zsh
[22.111s] -- Installing: /home/talon/ros2_ws/src/Sensor_drivers/ws_livox/install/livox_ros_driver2/share/livox_ros_driver2/local_setup.dsv
[22.111s] -- Installing: /home/talon/ros2_ws/src/Sensor_drivers/ws_livox/install/livox_ros_driver2/share/livox_ros_driver2/package.dsv
[22.111s] -- Installing: /home/talon/ros2_ws/src/Sensor_drivers/ws_livox/install/livox_ros_driver2/share/ament_index/resource_index/packages/livox_ros_driver2
[22.111s] -- Installing: /home/talon/ros2_ws/src/Sensor_drivers/ws_livox/install/livox_ros_driver2/share/livox_ros_driver2/cmake/export_livox_interfaces2__rosidl_generator_cExport.cmake
[22.111s] -- Installing: /home/talon/ros2_ws/src/Sensor_drivers/ws_livox/install/livox_ros_driver2/share/livox_ros_driver2/cmake/export_livox_interfaces2__rosidl_generator_cExport-noconfig.cmake
[22.112s] -- Installing: /home/talon/ros2_ws/src/Sensor_drivers/ws_livox/install/livox_ros_driver2/share/livox_ros_driver2/cmake/livox_interfaces2__rosidl_typesupport_introspection_cExport.cmake
[22.112s] -- Installing: /home/talon/ros2_ws/src/Sensor_drivers/ws_livox/install/livox_ros_driver2/share/livox_ros_driver2/cmake/livox_interfaces2__rosidl_typesupport_introspection_cExport-noconfig.cmake
[22.112s] -- Installing: /home/talon/ros2_ws/src/Sensor_drivers/ws_livox/install/livox_ros_driver2/share/livox_ros_driver2/cmake/export_livox_interfaces2__rosidl_typesupport_fastrtps_cExport.cmake
[22.112s] -- Installing: /home/talon/ros2_ws/src/Sensor_drivers/ws_livox/install/livox_ros_driver2/share/livox_ros_driver2/cmake/export_livox_interfaces2__rosidl_typesupport_fastrtps_cExport-noconfig.cmake
[22.112s] -- Installing: /home/talon/ros2_ws/src/Sensor_drivers/ws_livox/install/livox_ros_driver2/share/livox_ros_driver2/cmake/livox_interfaces2__rosidl_typesupport_cExport.cmake
[22.112s] -- Installing: /home/talon/ros2_ws/src/Sensor_drivers/ws_livox/install/livox_ros_driver2/share/livox_ros_driver2/cmake/livox_interfaces2__rosidl_typesupport_cExport-noconfig.cmake
[22.112s] -- Installing: /home/talon/ros2_ws/src/Sensor_drivers/ws_livox/install/livox_ros_driver2/share/livox_ros_driver2/cmake/export_livox_interfaces2__rosidl_generator_cppExport.cmake
[22.112s] -- Installing: /home/talon/ros2_ws/src/Sensor_drivers/ws_livox/install/livox_ros_driver2/share/livox_ros_driver2/cmake/livox_interfaces2__rosidl_typesupport_introspection_cppExport.cmake
[22.112s] -- Installing: /home/talon/ros2_ws/src/Sensor_drivers/ws_livox/install/livox_ros_driver2/share/livox_ros_driver2/cmake/livox_interfaces2__rosidl_typesupport_introspection_cppExport-noconfig.cmake
[22.112s] -- Installing: /home/talon/ros2_ws/src/Sensor_drivers/ws_livox/install/livox_ros_driver2/share/livox_ros_driver2/cmake/export_livox_interfaces2__rosidl_typesupport_fastrtps_cppExport.cmake
[22.112s] -- Installing: /home/talon/ros2_ws/src/Sensor_drivers/ws_livox/install/livox_ros_driver2/share/livox_ros_driver2/cmake/export_livox_interfaces2__rosidl_typesupport_fastrtps_cppExport-noconfig.cmake
[22.112s] -- Installing: /home/talon/ros2_ws/src/Sensor_drivers/ws_livox/install/livox_ros_driver2/share/livox_ros_driver2/cmake/livox_interfaces2__rosidl_typesupport_cppExport.cmake
[22.112s] -- Installing: /home/talon/ros2_ws/src/Sensor_drivers/ws_livox/install/livox_ros_driver2/share/livox_ros_driver2/cmake/livox_interfaces2__rosidl_typesupport_cppExport-noconfig.cmake
[22.112s] -- Installing: /home/talon/ros2_ws/src/Sensor_drivers/ws_livox/install/livox_ros_driver2/share/livox_ros_driver2/cmake/export_livox_interfaces2__rosidl_generator_pyExport.cmake
[22.112s] -- Installing: /home/talon/ros2_ws/src/Sensor_drivers/ws_livox/install/livox_ros_driver2/share/livox_ros_driver2/cmake/export_livox_interfaces2__rosidl_generator_pyExport-noconfig.cmake
[22.112s] -- Installing: /home/talon/ros2_ws/src/Sensor_drivers/ws_livox/install/livox_ros_driver2/share/ament_index/resource_index/rclcpp_components/livox_ros_driver2
[22.112s] -- Installing: /home/talon/ros2_ws/src/Sensor_drivers/ws_livox/install/livox_ros_driver2/share/livox_ros_driver2/cmake/rosidl_cmake-extras.cmake
[22.113s] -- Installing: /home/talon/ros2_ws/src/Sensor_drivers/ws_livox/install/livox_ros_driver2/share/livox_ros_driver2/cmake/ament_cmake_export_dependencies-extras.cmake
[22.113s] -- Installing: /home/talon/ros2_ws/src/Sensor_drivers/ws_livox/install/livox_ros_driver2/share/livox_ros_driver2/cmake/ament_cmake_export_include_directories-extras.cmake
[22.113s] -- Installing: /home/talon/ros2_ws/src/Sensor_drivers/ws_livox/install/livox_ros_driver2/share/livox_ros_driver2/cmake/ament_cmake_export_libraries-extras.cmake
[22.113s] -- Installing: /home/talon/ros2_ws/src/Sensor_drivers/ws_livox/install/livox_ros_driver2/share/livox_ros_driver2/cmake/ament_cmake_export_targets-extras.cmake
[22.113s] -- Installing: /home/talon/ros2_ws/src/Sensor_drivers/ws_livox/install/livox_ros_driver2/share/livox_ros_driver2/cmake/rosidl_cmake_export_typesupport_targets-extras.cmake
[22.113s] -- Installing: /home/talon/ros2_ws/src/Sensor_drivers/ws_livox/install/livox_ros_driver2/share/livox_ros_driver2/cmake/rosidl_cmake_export_typesupport_libraries-extras.cmake
[22.113s] -- Installing: /home/talon/ros2_ws/src/Sensor_drivers/ws_livox/install/livox_ros_driver2/share/livox_ros_driver2/cmake/livox_ros_driver2Config.cmake
[22.113s] -- Installing: /home/talon/ros2_ws/src/Sensor_drivers/ws_livox/install/livox_ros_driver2/share/livox_ros_driver2/cmake/livox_ros_driver2Config-version.cmake
[22.113s] -- Installing: /home/talon/ros2_ws/src/Sensor_drivers/ws_livox/install/livox_ros_driver2/share/livox_ros_driver2/package.xml
[22.115s] Invoked command in '/home/talon/ros2_ws/src/Sensor_drivers/ws_livox/build/livox_ros_driver2' returned '0': CMAKE_PREFIX_PATH=${CMAKE_PREFIX_PATH}:/home/talon/ros2_humble/install/rqt_bag_plugins:/home/talon/ros2_humble/install/rqt_bag:/home/talon/ros2_humble/install/launch_testing_examples:/home/talon/ros2_humble/install/ros2bag:/home/talon/ros2_humble/install/tracetools_test:/home/talon/ros2_humble/install/tracetools_launch:/home/talon/ros2_humble/install/topic_monitor:/home/talon/ros2_humble/install/tf2_tools:/home/talon/ros2_humble/install/examples_tf2_py:/home/talon/ros2_humble/install/tf2_ros_py:/home/talon/ros2_humble/install/sros2:/home/talon/ros2_humble/install/rqt_topic:/home/talon/ros2_humble/install/rqt_srv:/home/talon/ros2_humble/install/rqt_shell:/home/talon/ros2_humble/install/rqt_service_caller:/home/talon/ros2_humble/install/rqt_reconfigure:/home/talon/ros2_humble/install/rqt_py_console:/home/talon/ros2_humble/install/rqt_publisher:/home/talon/ros2_humble/install/rqt_plot:/home/talon/ros2_humble/install/rqt_action:/home/talon/ros2_humble/install/rqt_msg:/home/talon/ros2_humble/install/rqt_console:/home/talon/ros2_humble/install/rqt:/home/talon/ros2_humble/install/rqt_graph:/home/talon/ros2_humble/install/rqt_gui_py:/home/talon/ros2_humble/install/rqt_gui:/home/talon/ros2_humble/install/ros2trace:/home/talon/ros2_humble/install/ros2topic:/home/talon/ros2_humble/install/ros2test:/home/talon/ros2_humble/install/ros2component:/home/talon/ros2_humble/install/ros2param:/home/talon/ros2_humble/install/ros2lifecycle:/home/talon/ros2_humble/install/ros2service:/home/talon/ros2_humble/install/ros2run:/home/talon/ros2_humble/install/ros2launch:/home/talon/ros2_humble/install/ros2pkg:/home/talon/ros2_humble/install/ros2node:/home/talon/ros2_humble/install/ros2multicast:/home/talon/ros2_humble/install/ros2interface:/home/talon/ros2_humble/install/ros2doctor:/home/talon/ros2_humble/install/ros2action:/home/talon/ros2_humble/install/ros2cli:/home/talon/ros2_humble/install/quality_of_service_demo_py:/home/talon/ros2_humble/install/lifecycle_py:/home/talon/ros2_humble/install/launch_testing_ros:/home/talon/ros2_humble/install/launch_ros:/home/talon/ros2_humble/install/examples_rclpy_pointcloud_publisher:/home/talon/ros2_humble/install/examples_rclpy_minimal_subscriber:/home/talon/ros2_humble/install/examples_rclpy_minimal_service:/home/talon/ros2_humble/install/examples_rclpy_minimal_publisher:/home/talon/ros2_humble/install/examples_rclpy_minimal_client:/home/talon/ros2_humble/install/examples_rclpy_minimal_action_server:/home/talon/ros2_humble/install/examples_rclpy_minimal_action_client:/home/talon/ros2_humble/install/examples_rclpy_guard_conditions:/home/talon/ros2_humble/install/examples_rclpy_executors:/home/talon/ros2_humble/install/demo_nodes_py:/home/talon/ros2_humble/install/camera_info_manager_py:/home/talon/ros2_humble/install/action_tutorials_py:/home/talon/ros2_humble/install/ament_uncrustify:/home/talon/ros2_humble/install/tracetools_trace:/home/talon/ros2_humble/install/tracetools_read:/home/talon/ros2_humble/install/test_tracetools_launch:/home/talon/ros2_humble/install/test_launch_ros:/home/talon/ros2_humble/install/sensor_msgs_py:/home/talon/ros2_humble/install/rpyutils:/home/talon/ros2_humble/install/rosidl_runtime_py:/home/talon/ros2_humble/install/rosidl_cli:/home/talon/ros2_humble/install/launch_pytest:/home/talon/ros2_humble/install/launch_testing:/home/talon/ros2_humble/install/launch_yaml:/home/talon/ros2_humble/install/launch_xml:/home/talon/ros2_humble/install/launch:/home/talon/ros2_humble/install/osrf_pycommon:/home/talon/ros2_humble/install/domain_coordinator:/home/talon/ros2_humble/install/ament_xmllint:/home/talon/ros2_humble/install/ament_pyflakes:/home/talon/ros2_humble/install/ament_pycodestyle:/home/talon/ros2_humble/install/ament_pep257:/home/talon/ros2_humble/install/ament_pclint:/home/talon/ros2_humble/install/ament_package:/home/talon/ros2_humble/install/ament_mypy:/home/talon/ros2_humble/install/ament_lint_cmake:/home/talon/ros2_humble/install/ament_flake8:/home/talon/ros2_humble/install/ament_copyright:/home/talon/ros2_humble/install/ament_lint:/home/talon/ros2_humble/install/ament_index_python:/home/talon/ros2_humble/install/ament_cpplint:/home/talon/ros2_humble/install/ament_cppcheck:/home/talon/ros2_humble/install/ament_clang_tidy:/home/talon/ros2_humble/install/ament_clang_format:/opt/ros/humble /usr/bin/cmake --install /home/talon/ros2_ws/src/Sensor_drivers/ws_livox/build/livox_ros_driver2
