[0.007s] Invoking command in '/home/talon/ros2_ws/src/Sensor_drivers/ws_livox/build/livox_ros_driver2': /usr/bin/cmake /home/talon/ros2_ws/src/Sensor_drivers/ws_livox/src/livox_ros_driver2 -DROS_EDITION=ROS2 -DHUMBLE_ROS=humble -DCMAKE_INSTALL_PREFIX=/home/talon/ros2_ws/src/Sensor_drivers/ws_livox/install/livox_ros_driver2
[0.053s] -- The C compiler identification is GNU 11.4.0
[0.094s] -- The CXX compiler identification is GNU 11.4.0
[0.099s] -- Detecting C compiler ABI info
[0.148s] -- Detecting C compiler ABI info - done
[0.153s] -- Check for working C compiler: /usr/bin/cc - skipped
[0.153s] -- Detecting C compile features
[0.153s] -- Detecting C compile features - done
[0.155s] -- Detecting CXX compiler ABI info
[0.211s] -- Detecting CXX compiler ABI info - done
[0.216s] -- Check for working CXX compiler: /usr/bin/c++ - skipped
[0.216s] -- Detecting CXX compile features
[0.216s] -- Detecting CXX compile features - done
[0.217s] -- livox_ros_driver2 version: 1.2.4
[0.221s] [31mCMake Error at CMakeLists.txt:224 (find_package):
[0.221s]   By not providing "Findament_cmake_auto.cmake" in CMAKE_MODULE_PATH this
[0.221s]   project has asked CMake to find a package configuration file provided by
[0.221s]   "ament_cmake_auto", but CMake did not find one.
[0.221s] 
[0.221s]   Could not find a package configuration file provided by "ament_cmake_auto"
[0.221s]   with any of the following names:
[0.221s] 
[0.221s]     ament_cmake_autoConfig.cmake
[0.221s]     ament_cmake_auto-config.cmake
[0.221s] 
[0.221s]   Add the installation prefix of "ament_cmake_auto" to CMAKE_PREFIX_PATH or
[0.221s]   set "ament_cmake_auto_DIR" to a directory containing one of the above
[0.221s]   files.  If "ament_cmake_auto" provides a separate development package or
[0.221s]   SDK, be sure it has been installed.
[0.221s] 
[0.221s] [0m
[0.222s] -- Configuring incomplete, errors occurred!
[0.222s] See also "/home/talon/ros2_ws/src/Sensor_drivers/ws_livox/build/livox_ros_driver2/CMakeFiles/CMakeOutput.log".
[0.223s] Invoked command in '/home/talon/ros2_ws/src/Sensor_drivers/ws_livox/build/livox_ros_driver2' returned '1': /usr/bin/cmake /home/talon/ros2_ws/src/Sensor_drivers/ws_livox/src/livox_ros_driver2 -DROS_EDITION=ROS2 -DHUMBLE_ROS=humble -DCMAKE_INSTALL_PREFIX=/home/talon/ros2_ws/src/Sensor_drivers/ws_livox/install/livox_ros_driver2
