[0.032s] Invoking command in '/home/talon/ros2_ws/src/Sensor_drivers/ws_livox/build/livox_ros_driver2': CMAKE_PREFIX_PATH=${CMAKE_PREFIX_PATH}:/home/talon/ros2_humble/install/rqt_bag_plugins:/home/talon/ros2_humble/install/rqt_bag:/home/talon/ros2_humble/install/launch_testing_examples:/home/talon/ros2_humble/install/ros2bag:/home/talon/ros2_humble/install/tracetools_test:/home/talon/ros2_humble/install/tracetools_launch:/home/talon/ros2_humble/install/topic_monitor:/home/talon/ros2_humble/install/tf2_tools:/home/talon/ros2_humble/install/examples_tf2_py:/home/talon/ros2_humble/install/tf2_ros_py:/home/talon/ros2_humble/install/sros2:/home/talon/ros2_humble/install/rqt_topic:/home/talon/ros2_humble/install/rqt_srv:/home/talon/ros2_humble/install/rqt_shell:/home/talon/ros2_humble/install/rqt_service_caller:/home/talon/ros2_humble/install/rqt_reconfigure:/home/talon/ros2_humble/install/rqt_py_console:/home/talon/ros2_humble/install/rqt_publisher:/home/talon/ros2_humble/install/rqt_plot:/home/talon/ros2_humble/install/rqt_action:/home/talon/ros2_humble/install/rqt_msg:/home/talon/ros2_humble/install/rqt_console:/home/talon/ros2_humble/install/rqt:/home/talon/ros2_humble/install/rqt_graph:/home/talon/ros2_humble/install/rqt_gui_py:/home/talon/ros2_humble/install/rqt_gui:/home/talon/ros2_humble/install/ros2trace:/home/talon/ros2_humble/install/ros2topic:/home/talon/ros2_humble/install/ros2test:/home/talon/ros2_humble/install/ros2component:/home/talon/ros2_humble/install/ros2param:/home/talon/ros2_humble/install/ros2lifecycle:/home/talon/ros2_humble/install/ros2service:/home/talon/ros2_humble/install/ros2run:/home/talon/ros2_humble/install/ros2launch:/home/talon/ros2_humble/install/ros2pkg:/home/talon/ros2_humble/install/ros2node:/home/talon/ros2_humble/install/ros2multicast:/home/talon/ros2_humble/install/ros2interface:/home/talon/ros2_humble/install/ros2doctor:/home/talon/ros2_humble/install/ros2action:/home/talon/ros2_humble/install/ros2cli:/home/talon/ros2_humble/install/quality_of_service_demo_py:/home/talon/ros2_humble/install/lifecycle_py:/home/talon/ros2_humble/install/launch_testing_ros:/home/talon/ros2_humble/install/launch_ros:/home/talon/ros2_humble/install/examples_rclpy_pointcloud_publisher:/home/talon/ros2_humble/install/examples_rclpy_minimal_subscriber:/home/talon/ros2_humble/install/examples_rclpy_minimal_service:/home/talon/ros2_humble/install/examples_rclpy_minimal_publisher:/home/talon/ros2_humble/install/examples_rclpy_minimal_client:/home/talon/ros2_humble/install/examples_rclpy_minimal_action_server:/home/talon/ros2_humble/install/examples_rclpy_minimal_action_client:/home/talon/ros2_humble/install/examples_rclpy_guard_conditions:/home/talon/ros2_humble/install/examples_rclpy_executors:/home/talon/ros2_humble/install/demo_nodes_py:/home/talon/ros2_humble/install/camera_info_manager_py:/home/talon/ros2_humble/install/action_tutorials_py:/home/talon/ros2_humble/install/ament_uncrustify:/home/talon/ros2_humble/install/tracetools_trace:/home/talon/ros2_humble/install/tracetools_read:/home/talon/ros2_humble/install/test_tracetools_launch:/home/talon/ros2_humble/install/test_launch_ros:/home/talon/ros2_humble/install/sensor_msgs_py:/home/talon/ros2_humble/install/rpyutils:/home/talon/ros2_humble/install/rosidl_runtime_py:/home/talon/ros2_humble/install/rosidl_cli:/home/talon/ros2_humble/install/launch_pytest:/home/talon/ros2_humble/install/launch_testing:/home/talon/ros2_humble/install/launch_yaml:/home/talon/ros2_humble/install/launch_xml:/home/talon/ros2_humble/install/launch:/home/talon/ros2_humble/install/osrf_pycommon:/home/talon/ros2_humble/install/domain_coordinator:/home/talon/ros2_humble/install/ament_xmllint:/home/talon/ros2_humble/install/ament_pyflakes:/home/talon/ros2_humble/install/ament_pycodestyle:/home/talon/ros2_humble/install/ament_pep257:/home/talon/ros2_humble/install/ament_pclint:/home/talon/ros2_humble/install/ament_package:/home/talon/ros2_humble/install/ament_mypy:/home/talon/ros2_humble/install/ament_lint_cmake:/home/talon/ros2_humble/install/ament_flake8:/home/talon/ros2_humble/install/ament_copyright:/home/talon/ros2_humble/install/ament_lint:/home/talon/ros2_humble/install/ament_index_python:/home/talon/ros2_humble/install/ament_cpplint:/home/talon/ros2_humble/install/ament_cppcheck:/home/talon/ros2_humble/install/ament_clang_tidy:/home/talon/ros2_humble/install/ament_clang_format:/opt/ros/humble /usr/bin/cmake /home/talon/ros2_ws/src/Sensor_drivers/ws_livox/src/livox_ros_driver2 -DROS_EDITION=ROS2 -DHUMBLE_ROS=humble -DCMAKE_INSTALL_PREFIX=/home/talon/ros2_ws/src/Sensor_drivers/ws_livox/install/livox_ros_driver2
[0.110s] -- The C compiler identification is GNU 11.4.0
[0.159s] -- The CXX compiler identification is GNU 11.4.0
[0.167s] -- Detecting C compiler ABI info
[0.280s] -- Detecting C compiler ABI info - done
[0.285s] -- Check for working C compiler: /usr/bin/cc - skipped
[0.285s] -- Detecting C compile features
[0.285s] -- Detecting C compile features - done
[0.287s] -- Detecting CXX compiler ABI info
[0.383s] -- Detecting CXX compiler ABI info - done
[0.388s] -- Check for working CXX compiler: /usr/bin/c++ - skipped
[0.388s] -- Detecting CXX compile features
[0.388s] -- Detecting CXX compile features - done
[0.389s] -- livox_ros_driver2 version: 1.2.4
[0.397s] -- Found ament_cmake_auto: 1.3.11 (/home/talon/ros2_humble/install/ament_cmake_auto/share/ament_cmake_auto/cmake)
[1.671s] -- Found Python3: /usr/bin/python3 (found version "3.10.12") found components: Interpreter 
[3.247s] -- Using all available rosidl_typesupport_c: rosidl_typesupport_introspection_c;rosidl_typesupport_fastrtps_c
[3.306s] -- Found rosidl_adapter: 3.1.6 (/home/talon/ros2_humble/install/rosidl_adapter/share/rosidl_adapter/cmake)
[3.521s] -- Using all available rosidl_typesupport_cpp: rosidl_typesupport_introspection_cpp;rosidl_typesupport_fastrtps_cpp
[3.925s] -- Found rmw_implementation_cmake: 6.1.2 (/home/talon/ros2_humble/install/rmw_implementation_cmake/share/rmw_implementation_cmake/cmake)
[3.975s] -- Found rmw_fastrtps_cpp: 6.2.7 (/home/talon/ros2_humble/install/rmw_fastrtps_cpp/share/rmw_fastrtps_cpp/cmake)
[4.555s] -- Found OpenSSL: /usr/lib/x86_64-linux-gnu/libcrypto.so (found version "3.0.2")  
[4.693s] -- Found FastRTPS: /home/talon/ros2_humble/install/fastrtps/include  
[4.942s] -- Using RMW implementation 'rmw_fastrtps_cpp' as default
[5.021s] -- Looking for pthread.h
[5.409s] -- Looking for pthread.h - found
[5.412s] -- Performing Test CMAKE_HAVE_LIBC_PTHREAD
[5.815s] -- Performing Test CMAKE_HAVE_LIBC_PTHREAD - Success
[5.818s] -- Found Threads: TRUE  
[6.485s] -- Checking for module 'eigen3'
[6.623s] --   Found eigen3, version 3.4.0
[6.864s] -- Found Eigen: /usr/include/eigen3 (Required is at least version "3.1") 
[6.864s] -- Eigen found (include: /usr/include/eigen3, version: 3.4.0)
[7.162s] -- Checking for module 'flann'
[7.271s] --   Found flann, version 1.9.1
[7.573s] -- Found FLANN: /usr/lib/x86_64-linux-gnu/libflann_cpp.so  
[7.573s] -- FLANN found (include: /usr/include, lib: /usr/lib/x86_64-linux-gnu/libflann_cpp.so)
[10.604s] -- Checking for module 'libusb-1.0'
[10.647s] --   Found libusb-1.0, version 1.0.25
[10.734s] -- Found libusb: /usr/lib/x86_64-linux-gnu/libusb-1.0.so  
[10.735s] -- OpenNI found (version: 1.5.4.0, include: /usr/include/ni, lib: /usr/lib/libOpenNI.so;libusb::libusb)
[10.852s] -- OpenNI2 found (version: 2.2.0.33, include: /usr/include/openni2, lib: /usr/lib/x86_64-linux-gnu/libOpenNI2.so;libusb::libusb)
[11.090s] -- Eigen found (include: /usr/include/eigen3, version: 3.4.0)
[11.098s] -- OpenNI found (version: 1.5.4.0, include: /usr/include/ni, lib: /usr/lib/libOpenNI.so;libusb::libusb)
[11.105s] -- OpenNI2 found (version: 2.2.0.33, include: /usr/include/openni2, lib: /usr/lib/x86_64-linux-gnu/libOpenNI2.so;libusb::libusb)
[11.378s] -- Found Qhull version 8.0.2
[11.718s] -- OpenNI found (version: 1.5.4.0, include: /usr/include/ni, lib: /usr/lib/libOpenNI.so;libusb::libusb)
[12.098s] -- Found PCL_COMMON: /usr/lib/x86_64-linux-gnu/libpcl_common.so  
[12.099s] -- Found PCL_KDTREE: /usr/lib/x86_64-linux-gnu/libpcl_kdtree.so  
[12.100s] -- Found PCL_OCTREE: /usr/lib/x86_64-linux-gnu/libpcl_octree.so  
[12.101s] -- Found PCL_SEARCH: /usr/lib/x86_64-linux-gnu/libpcl_search.so  
[12.103s] -- Found PCL_SAMPLE_CONSENSUS: /usr/lib/x86_64-linux-gnu/libpcl_sample_consensus.so  
[12.104s] -- Found PCL_FILTERS: /usr/lib/x86_64-linux-gnu/libpcl_filters.so  
[12.104s] -- Found PCL_2D: /usr/include/pcl-1.12  
[12.105s] -- Found PCL_GEOMETRY: /usr/include/pcl-1.12  
[12.106s] -- Found PCL_IO: /usr/lib/x86_64-linux-gnu/libpcl_io.so  
[12.107s] -- Found PCL_FEATURES: /usr/lib/x86_64-linux-gnu/libpcl_features.so  
[12.108s] -- Found PCL_ML: /usr/lib/x86_64-linux-gnu/libpcl_ml.so  
[12.109s] -- Found PCL_SEGMENTATION: /usr/lib/x86_64-linux-gnu/libpcl_segmentation.so  
[12.110s] -- Found PCL_VISUALIZATION: /usr/lib/x86_64-linux-gnu/libpcl_visualization.so  
[12.111s] -- Found PCL_SURFACE: /usr/lib/x86_64-linux-gnu/libpcl_surface.so  
[12.112s] -- Found PCL_REGISTRATION: /usr/lib/x86_64-linux-gnu/libpcl_registration.so  
[12.113s] -- Found PCL_KEYPOINTS: /usr/lib/x86_64-linux-gnu/libpcl_keypoints.so  
[12.114s] -- Found PCL_TRACKING: /usr/lib/x86_64-linux-gnu/libpcl_tracking.so  
[12.115s] -- Found PCL_RECOGNITION: /usr/lib/x86_64-linux-gnu/libpcl_recognition.so  
[12.116s] -- Found PCL_STEREO: /usr/lib/x86_64-linux-gnu/libpcl_stereo.so  
[12.116s] -- Found PCL_APPS: /usr/lib/x86_64-linux-gnu/libpcl_apps.so  
[12.117s] -- Found PCL_IN_HAND_SCANNER: /usr/include/pcl-1.12  
[12.118s] -- Found PCL_MODELER: /usr/include/pcl-1.12  
[12.118s] -- Found PCL_POINT_CLOUD_EDITOR: /usr/include/pcl-1.12  
[12.119s] -- Found PCL_OUTOFCORE: /usr/lib/x86_64-linux-gnu/libpcl_outofcore.so  
[12.120s] -- Found PCL_PEOPLE: /usr/lib/x86_64-linux-gnu/libpcl_people.so  
[12.248s] -- Found PkgConfig: /usr/bin/pkg-config (found version "0.29.2") 
[12.250s] -- Checking for module 'apr-1'
[12.308s] --   Found apr-1, version 1.7.0
[12.404s] [0m/usr/include/apr-1.0[0m
[12.404s] [0mapr-1[0m
[12.995s] -- Found ament_cmake_ros: 0.10.0 (/home/talon/ros2_humble/install/ament_cmake_ros/share/ament_cmake_ros/cmake)
[13.295s] -- Using all available rosidl_typesupport_c: rosidl_typesupport_introspection_c;rosidl_typesupport_fastrtps_c
[13.829s] -- Using all available rosidl_typesupport_cpp: rosidl_typesupport_introspection_cpp;rosidl_typesupport_fastrtps_cpp
[13.882s] -- Found PythonInterp: /usr/bin/python3 (found suitable version "3.10.12", minimum required is "3.6") 
[13.890s] -- Found python_cmake_module: 0.10.0 (/home/talon/ros2_humble/install/python_cmake_module/share/python_cmake_module/cmake)
[13.950s] -- Found PythonLibs: /usr/lib/x86_64-linux-gnu/libpython3.10.so (found suitable version "3.10.12", minimum required is "3.5") 
[13.950s] -- Using PYTHON_EXECUTABLE: /usr/bin/python3
[13.950s] -- Using PYTHON_INCLUDE_DIRS: /usr/include/python3.10
[13.950s] -- Using PYTHON_LIBRARIES: /usr/lib/x86_64-linux-gnu/libpython3.10.so
[14.000s] -- Found PythonExtra: .so  
[14.665s] -- Found ament_lint_auto: 0.12.11 (/home/talon/ros2_humble/install/ament_lint_auto/share/ament_lint_auto/cmake)
[14.732s] -- Added test 'copyright' to check source files copyright and LICENSE
[14.737s] -- Added test 'cppcheck' to perform static code analysis on C / C++ code
[14.737s] -- Configured cppcheck include dirs: /home/talon/ros2_ws/src/Sensor_drivers/ws_livox/src/livox_ros_driver2/3rdparty;/home/talon/ros2_ws/src/Sensor_drivers/ws_livox/src/livox_ros_driver2/src
[14.737s] -- Configured cppcheck exclude dirs and/or files: 
[14.742s] -- Added test 'cpplint' to check C / C++ code against the Google style
[14.742s] -- Configured cpplint exclude dirs and/or files: 
[14.744s] -- Added test 'flake8' to check Python code syntax and style conventions
[14.747s] -- Added test 'lint_cmake' to check CMake code style
[14.750s] -- Added test 'pep257' to check Python code against some of the docstring style conventions in PEP 257
[14.754s] -- Added test 'uncrustify' to check C / C++ code style
[14.754s] -- Configured uncrustify additional arguments: 
[14.757s] -- Added test 'xmllint' to check XML markup files
[14.762s] -- Configuring done
[14.816s] -- Generating done
[14.829s] -- Build files have been written to: /home/talon/ros2_ws/src/Sensor_drivers/ws_livox/build/livox_ros_driver2
[14.843s] Invoked command in '/home/talon/ros2_ws/src/Sensor_drivers/ws_livox/build/livox_ros_driver2' returned '0': CMAKE_PREFIX_PATH=${CMAKE_PREFIX_PATH}:/home/talon/ros2_humble/install/rqt_bag_plugins:/home/talon/ros2_humble/install/rqt_bag:/home/talon/ros2_humble/install/launch_testing_examples:/home/talon/ros2_humble/install/ros2bag:/home/talon/ros2_humble/install/tracetools_test:/home/talon/ros2_humble/install/tracetools_launch:/home/talon/ros2_humble/install/topic_monitor:/home/talon/ros2_humble/install/tf2_tools:/home/talon/ros2_humble/install/examples_tf2_py:/home/talon/ros2_humble/install/tf2_ros_py:/home/talon/ros2_humble/install/sros2:/home/talon/ros2_humble/install/rqt_topic:/home/talon/ros2_humble/install/rqt_srv:/home/talon/ros2_humble/install/rqt_shell:/home/talon/ros2_humble/install/rqt_service_caller:/home/talon/ros2_humble/install/rqt_reconfigure:/home/talon/ros2_humble/install/rqt_py_console:/home/talon/ros2_humble/install/rqt_publisher:/home/talon/ros2_humble/install/rqt_plot:/home/talon/ros2_humble/install/rqt_action:/home/talon/ros2_humble/install/rqt_msg:/home/talon/ros2_humble/install/rqt_console:/home/talon/ros2_humble/install/rqt:/home/talon/ros2_humble/install/rqt_graph:/home/talon/ros2_humble/install/rqt_gui_py:/home/talon/ros2_humble/install/rqt_gui:/home/talon/ros2_humble/install/ros2trace:/home/talon/ros2_humble/install/ros2topic:/home/talon/ros2_humble/install/ros2test:/home/talon/ros2_humble/install/ros2component:/home/talon/ros2_humble/install/ros2param:/home/talon/ros2_humble/install/ros2lifecycle:/home/talon/ros2_humble/install/ros2service:/home/talon/ros2_humble/install/ros2run:/home/talon/ros2_humble/install/ros2launch:/home/talon/ros2_humble/install/ros2pkg:/home/talon/ros2_humble/install/ros2node:/home/talon/ros2_humble/install/ros2multicast:/home/talon/ros2_humble/install/ros2interface:/home/talon/ros2_humble/install/ros2doctor:/home/talon/ros2_humble/install/ros2action:/home/talon/ros2_humble/install/ros2cli:/home/talon/ros2_humble/install/quality_of_service_demo_py:/home/talon/ros2_humble/install/lifecycle_py:/home/talon/ros2_humble/install/launch_testing_ros:/home/talon/ros2_humble/install/launch_ros:/home/talon/ros2_humble/install/examples_rclpy_pointcloud_publisher:/home/talon/ros2_humble/install/examples_rclpy_minimal_subscriber:/home/talon/ros2_humble/install/examples_rclpy_minimal_service:/home/talon/ros2_humble/install/examples_rclpy_minimal_publisher:/home/talon/ros2_humble/install/examples_rclpy_minimal_client:/home/talon/ros2_humble/install/examples_rclpy_minimal_action_server:/home/talon/ros2_humble/install/examples_rclpy_minimal_action_client:/home/talon/ros2_humble/install/examples_rclpy_guard_conditions:/home/talon/ros2_humble/install/examples_rclpy_executors:/home/talon/ros2_humble/install/demo_nodes_py:/home/talon/ros2_humble/install/camera_info_manager_py:/home/talon/ros2_humble/install/action_tutorials_py:/home/talon/ros2_humble/install/ament_uncrustify:/home/talon/ros2_humble/install/tracetools_trace:/home/talon/ros2_humble/install/tracetools_read:/home/talon/ros2_humble/install/test_tracetools_launch:/home/talon/ros2_humble/install/test_launch_ros:/home/talon/ros2_humble/install/sensor_msgs_py:/home/talon/ros2_humble/install/rpyutils:/home/talon/ros2_humble/install/rosidl_runtime_py:/home/talon/ros2_humble/install/rosidl_cli:/home/talon/ros2_humble/install/launch_pytest:/home/talon/ros2_humble/install/launch_testing:/home/talon/ros2_humble/install/launch_yaml:/home/talon/ros2_humble/install/launch_xml:/home/talon/ros2_humble/install/launch:/home/talon/ros2_humble/install/osrf_pycommon:/home/talon/ros2_humble/install/domain_coordinator:/home/talon/ros2_humble/install/ament_xmllint:/home/talon/ros2_humble/install/ament_pyflakes:/home/talon/ros2_humble/install/ament_pycodestyle:/home/talon/ros2_humble/install/ament_pep257:/home/talon/ros2_humble/install/ament_pclint:/home/talon/ros2_humble/install/ament_package:/home/talon/ros2_humble/install/ament_mypy:/home/talon/ros2_humble/install/ament_lint_cmake:/home/talon/ros2_humble/install/ament_flake8:/home/talon/ros2_humble/install/ament_copyright:/home/talon/ros2_humble/install/ament_lint:/home/talon/ros2_humble/install/ament_index_python:/home/talon/ros2_humble/install/ament_cpplint:/home/talon/ros2_humble/install/ament_cppcheck:/home/talon/ros2_humble/install/ament_clang_tidy:/home/talon/ros2_humble/install/ament_clang_format:/opt/ros/humble /usr/bin/cmake /home/talon/ros2_ws/src/Sensor_drivers/ws_livox/src/livox_ros_driver2 -DROS_EDITION=ROS2 -DHUMBLE_ROS=humble -DCMAKE_INSTALL_PREFIX=/home/talon/ros2_ws/src/Sensor_drivers/ws_livox/install/livox_ros_driver2
[14.844s] Invoking command in '/home/talon/ros2_ws/src/Sensor_drivers/ws_livox/build/livox_ros_driver2': CMAKE_PREFIX_PATH=${CMAKE_PREFIX_PATH}:/home/talon/ros2_humble/install/rqt_bag_plugins:/home/talon/ros2_humble/install/rqt_bag:/home/talon/ros2_humble/install/launch_testing_examples:/home/talon/ros2_humble/install/ros2bag:/home/talon/ros2_humble/install/tracetools_test:/home/talon/ros2_humble/install/tracetools_launch:/home/talon/ros2_humble/install/topic_monitor:/home/talon/ros2_humble/install/tf2_tools:/home/talon/ros2_humble/install/examples_tf2_py:/home/talon/ros2_humble/install/tf2_ros_py:/home/talon/ros2_humble/install/sros2:/home/talon/ros2_humble/install/rqt_topic:/home/talon/ros2_humble/install/rqt_srv:/home/talon/ros2_humble/install/rqt_shell:/home/talon/ros2_humble/install/rqt_service_caller:/home/talon/ros2_humble/install/rqt_reconfigure:/home/talon/ros2_humble/install/rqt_py_console:/home/talon/ros2_humble/install/rqt_publisher:/home/talon/ros2_humble/install/rqt_plot:/home/talon/ros2_humble/install/rqt_action:/home/talon/ros2_humble/install/rqt_msg:/home/talon/ros2_humble/install/rqt_console:/home/talon/ros2_humble/install/rqt:/home/talon/ros2_humble/install/rqt_graph:/home/talon/ros2_humble/install/rqt_gui_py:/home/talon/ros2_humble/install/rqt_gui:/home/talon/ros2_humble/install/ros2trace:/home/talon/ros2_humble/install/ros2topic:/home/talon/ros2_humble/install/ros2test:/home/talon/ros2_humble/install/ros2component:/home/talon/ros2_humble/install/ros2param:/home/talon/ros2_humble/install/ros2lifecycle:/home/talon/ros2_humble/install/ros2service:/home/talon/ros2_humble/install/ros2run:/home/talon/ros2_humble/install/ros2launch:/home/talon/ros2_humble/install/ros2pkg:/home/talon/ros2_humble/install/ros2node:/home/talon/ros2_humble/install/ros2multicast:/home/talon/ros2_humble/install/ros2interface:/home/talon/ros2_humble/install/ros2doctor:/home/talon/ros2_humble/install/ros2action:/home/talon/ros2_humble/install/ros2cli:/home/talon/ros2_humble/install/quality_of_service_demo_py:/home/talon/ros2_humble/install/lifecycle_py:/home/talon/ros2_humble/install/launch_testing_ros:/home/talon/ros2_humble/install/launch_ros:/home/talon/ros2_humble/install/examples_rclpy_pointcloud_publisher:/home/talon/ros2_humble/install/examples_rclpy_minimal_subscriber:/home/talon/ros2_humble/install/examples_rclpy_minimal_service:/home/talon/ros2_humble/install/examples_rclpy_minimal_publisher:/home/talon/ros2_humble/install/examples_rclpy_minimal_client:/home/talon/ros2_humble/install/examples_rclpy_minimal_action_server:/home/talon/ros2_humble/install/examples_rclpy_minimal_action_client:/home/talon/ros2_humble/install/examples_rclpy_guard_conditions:/home/talon/ros2_humble/install/examples_rclpy_executors:/home/talon/ros2_humble/install/demo_nodes_py:/home/talon/ros2_humble/install/camera_info_manager_py:/home/talon/ros2_humble/install/action_tutorials_py:/home/talon/ros2_humble/install/ament_uncrustify:/home/talon/ros2_humble/install/tracetools_trace:/home/talon/ros2_humble/install/tracetools_read:/home/talon/ros2_humble/install/test_tracetools_launch:/home/talon/ros2_humble/install/test_launch_ros:/home/talon/ros2_humble/install/sensor_msgs_py:/home/talon/ros2_humble/install/rpyutils:/home/talon/ros2_humble/install/rosidl_runtime_py:/home/talon/ros2_humble/install/rosidl_cli:/home/talon/ros2_humble/install/launch_pytest:/home/talon/ros2_humble/install/launch_testing:/home/talon/ros2_humble/install/launch_yaml:/home/talon/ros2_humble/install/launch_xml:/home/talon/ros2_humble/install/launch:/home/talon/ros2_humble/install/osrf_pycommon:/home/talon/ros2_humble/install/domain_coordinator:/home/talon/ros2_humble/install/ament_xmllint:/home/talon/ros2_humble/install/ament_pyflakes:/home/talon/ros2_humble/install/ament_pycodestyle:/home/talon/ros2_humble/install/ament_pep257:/home/talon/ros2_humble/install/ament_pclint:/home/talon/ros2_humble/install/ament_package:/home/talon/ros2_humble/install/ament_mypy:/home/talon/ros2_humble/install/ament_lint_cmake:/home/talon/ros2_humble/install/ament_flake8:/home/talon/ros2_humble/install/ament_copyright:/home/talon/ros2_humble/install/ament_lint:/home/talon/ros2_humble/install/ament_index_python:/home/talon/ros2_humble/install/ament_cpplint:/home/talon/ros2_humble/install/ament_cppcheck:/home/talon/ros2_humble/install/ament_clang_tidy:/home/talon/ros2_humble/install/ament_clang_format:/opt/ros/humble /usr/bin/cmake --build /home/talon/ros2_ws/src/Sensor_drivers/ws_livox/build/livox_ros_driver2 -- -j18 -l18
[14.907s] [  1%] [34m[1mGenerating C code for ROS interfaces[0m
[14.923s] [  3%] [34m[1mGenerating C++ code for ROS interfaces[0m
[14.926s] [  5%] [32mBuilding CXX object CMakeFiles/livox_ros_driver2_node.dir/rclcpp_components/node_main_livox_ros_driver2_node.cpp.o[0m
[14.938s] [  5%] Built target ament_cmake_python_copy_livox_ros_driver2
[15.250s] running egg_info
[15.250s] creating livox_ros_driver2.egg-info
[15.250s] writing livox_ros_driver2.egg-info/PKG-INFO
[15.251s] writing dependency_links to livox_ros_driver2.egg-info/dependency_links.txt
[15.251s] writing top-level names to livox_ros_driver2.egg-info/top_level.txt
[15.255s] writing manifest file 'livox_ros_driver2.egg-info/SOURCES.txt'
[15.256s] reading manifest file 'livox_ros_driver2.egg-info/SOURCES.txt'
[15.256s] writing manifest file 'livox_ros_driver2.egg-info/SOURCES.txt'
[15.293s] [  5%] Built target ament_cmake_python_build_livox_ros_driver2_egg
[15.304s] [  7%] [32mBuilding C object CMakeFiles/livox_interfaces2__rosidl_generator_c.dir/rosidl_generator_c/livox_ros_driver2/msg/detail/custom_point__functions.c.o[0m
[15.305s] [  7%] Built target livox_interfaces2__cpp
[15.305s] [  8%] [32mBuilding C object CMakeFiles/livox_interfaces2__rosidl_generator_c.dir/rosidl_generator_c/livox_ros_driver2/msg/detail/custom_msg__functions.c.o[0m
[15.322s] [ 10%] [34m[1mGenerating C++ type support for eProsima Fast-RTPS[0m
[15.324s] [ 12%] [34m[1mGenerating C++ type support dispatch for ROS interfaces[0m
[15.327s] [ 14%] [34m[1mGenerating C++ introspection for ROS interfaces[0m
[15.375s] [ 15%] [32m[1mLinking C shared library liblivox_ros_driver2__rosidl_generator_c.so[0m
[15.433s] [ 15%] Built target livox_interfaces2__rosidl_generator_c
[15.458s] [ 21%] [34m[1mGenerating C type support dispatch for ROS interfaces[0m
[15.459s] [ 21%] [34m[1mGenerating C introspection for ROS interfaces[0m
[15.460s] [ 21%] [34m[1mGenerating C type support for eProsima Fast-RTPS[0m
[15.723s] [ 22%] [32mBuilding CXX object CMakeFiles/livox_interfaces2__rosidl_typesupport_cpp.dir/rosidl_typesupport_cpp/livox_ros_driver2/msg/custom_point__type_support.cpp.o[0m
[15.729s] [ 24%] [32mBuilding CXX object CMakeFiles/livox_interfaces2__rosidl_typesupport_cpp.dir/rosidl_typesupport_cpp/livox_ros_driver2/msg/custom_msg__type_support.cpp.o[0m
[15.731s] [ 28%] [32mBuilding CXX object CMakeFiles/livox_interfaces2__rosidl_typesupport_introspection_cpp.dir/rosidl_typesupport_introspection_cpp/livox_ros_driver2/msg/detail/custom_msg__type_support.cpp.o[0m
[15.732s] [ 28%] [32mBuilding CXX object CMakeFiles/livox_interfaces2__rosidl_typesupport_introspection_cpp.dir/rosidl_typesupport_introspection_cpp/livox_ros_driver2/msg/detail/custom_point__type_support.cpp.o[0m
[15.820s] [ 31%] [32mBuilding CXX object CMakeFiles/livox_interfaces2__rosidl_typesupport_fastrtps_cpp.dir/rosidl_typesupport_fastrtps_cpp/livox_ros_driver2/msg/detail/dds_fastrtps/custom_point__type_support.cpp.o[0m
[15.820s] [ 31%] [32mBuilding CXX object CMakeFiles/livox_interfaces2__rosidl_typesupport_fastrtps_cpp.dir/rosidl_typesupport_fastrtps_cpp/livox_ros_driver2/msg/detail/dds_fastrtps/custom_msg__type_support.cpp.o[0m
[15.969s] [ 33%] [32mBuilding CXX object CMakeFiles/livox_interfaces2__rosidl_typesupport_c.dir/rosidl_typesupport_c/livox_ros_driver2/msg/custom_msg__type_support.cpp.o[0m
[15.976s] [ 35%] [32mBuilding CXX object CMakeFiles/livox_interfaces2__rosidl_typesupport_c.dir/rosidl_typesupport_c/livox_ros_driver2/msg/custom_point__type_support.cpp.o[0m
[16.011s] [ 36%] [32m[1mLinking CXX shared library liblivox_ros_driver2__rosidl_typesupport_c.so[0m
[16.066s] [ 36%] Built target livox_interfaces2__rosidl_typesupport_c
[16.091s] [ 38%] [32m[1mLinking CXX shared library liblivox_ros_driver2__rosidl_typesupport_cpp.so[0m
[16.112s] [ 42%] [32mBuilding CXX object CMakeFiles/livox_interfaces2__rosidl_typesupport_fastrtps_c.dir/rosidl_typesupport_fastrtps_c/livox_ros_driver2/msg/detail/custom_msg__type_support_c.cpp.o[0m
[16.112s] [ 42%] [32mBuilding CXX object CMakeFiles/livox_interfaces2__rosidl_typesupport_fastrtps_c.dir/rosidl_typesupport_fastrtps_c/livox_ros_driver2/msg/detail/custom_point__type_support_c.cpp.o[0m
[16.112s] [ 43%] [32m[1mLinking CXX shared library liblivox_ros_driver2__rosidl_typesupport_introspection_cpp.so[0m
[16.149s] [ 43%] Built target livox_interfaces2__rosidl_typesupport_cpp
[16.206s] [ 47%] [32mBuilding CXX object CMakeFiles/livox_ros_driver2.dir/src/comm/lidar_imu_data_queue.cpp.o[0m
[16.206s] [ 47%] [32mBuilding CXX object CMakeFiles/livox_ros_driver2.dir/src/comm/ldq.cpp.o[0m
[16.206s] [ 49%] [32mBuilding CXX object CMakeFiles/livox_ros_driver2.dir/src/lds_lidar.cpp.o[0m
[16.209s] [ 52%] [32mBuilding CXX object CMakeFiles/livox_ros_driver2.dir/src/lddc.cpp.o[0m
[16.210s] [ 54%] [32mBuilding CXX object CMakeFiles/livox_ros_driver2.dir/src/comm/semaphore.cpp.o[0m
[16.211s] [ 56%] [32mBuilding CXX object CMakeFiles/livox_ros_driver2.dir/src/comm/cache_index.cpp.o[0m
[16.211s] [ 57%] [32mBuilding CXX object CMakeFiles/livox_ros_driver2.dir/src/livox_ros_driver2.cpp.o[0m
[16.211s] [ 57%] [32mBuilding CXX object CMakeFiles/livox_ros_driver2.dir/src/comm/comm.cpp.o[0m
[16.214s] [ 59%] [32mBuilding CXX object CMakeFiles/livox_ros_driver2.dir/src/lds.cpp.o[0m
[16.214s] [ 63%] [32mBuilding CXX object CMakeFiles/livox_ros_driver2.dir/src/driver_node.cpp.o[0m
[16.215s] [ 63%] [32mBuilding CXX object CMakeFiles/livox_ros_driver2.dir/src/comm/pub_handler.cpp.o[0m
[16.238s] [ 64%] [32mBuilding CXX object CMakeFiles/livox_ros_driver2.dir/src/parse_cfg_file/parse_cfg_file.cpp.o[0m
[16.291s] [ 64%] Built target livox_interfaces2__rosidl_typesupport_introspection_cpp
[16.338s] [ 66%] [32mBuilding CXX object CMakeFiles/livox_ros_driver2.dir/src/parse_cfg_file/parse_livox_lidar_cfg.cpp.o[0m
[16.358s] [ 68%] [32mBuilding C object CMakeFiles/livox_interfaces2__rosidl_typesupport_introspection_c.dir/rosidl_typesupport_introspection_c/livox_ros_driver2/msg/detail/custom_point__type_support.c.o[0m
[16.411s] [ 70%] [32m[1mLinking CXX shared library liblivox_ros_driver2__rosidl_typesupport_fastrtps_cpp.so[0m
[16.494s] [ 71%] [32mBuilding C object CMakeFiles/livox_interfaces2__rosidl_typesupport_introspection_c.dir/rosidl_typesupport_introspection_c/livox_ros_driver2/msg/detail/custom_msg__type_support.c.o[0m
[16.522s] [ 73%] [32mBuilding CXX object CMakeFiles/livox_ros_driver2.dir/src/call_back/lidar_common_callback.cpp.o[0m
[16.600s] [ 75%] [32m[1mLinking C shared library liblivox_ros_driver2__rosidl_typesupport_introspection_c.so[0m
[16.638s] [ 77%] [32mBuilding CXX object CMakeFiles/livox_ros_driver2.dir/src/call_back/livox_lidar_callback.cpp.o[0m
[16.649s] [ 77%] Built target livox_interfaces2__rosidl_typesupport_fastrtps_cpp
[16.654s] [ 78%] [32m[1mLinking CXX shared library liblivox_ros_driver2__rosidl_typesupport_fastrtps_c.so[0m
[16.687s] [ 78%] Built target livox_interfaces2__rosidl_typesupport_introspection_c
[16.829s] [ 78%] Built target livox_interfaces2__rosidl_typesupport_fastrtps_c
[16.882s] [ 78%] Built target livox_interfaces2
[16.933s] [ 80%] [34m[1mGenerating Python code for ROS interfaces[0m
[17.564s] [ 80%] Built target livox_interfaces2__py
[17.600s] [ 82%] [32mBuilding C object CMakeFiles/livox_interfaces2__rosidl_generator_py.dir/rosidl_generator_py/livox_ros_driver2/msg/_custom_msg_s.c.o[0m
[17.607s] [ 84%] [32mBuilding C object CMakeFiles/livox_interfaces2__rosidl_generator_py.dir/rosidl_generator_py/livox_ros_driver2/msg/_custom_point_s.c.o[0m
[17.699s] [ 85%] [32m[1mLinking C shared library rosidl_generator_py/livox_ros_driver2/liblivox_interfaces2__rosidl_generator_py.so[0m
[17.753s] [ 85%] Built target livox_interfaces2__rosidl_generator_py
[17.791s] [ 89%] [32mBuilding C object CMakeFiles/livox_ros_driver2__rosidl_typesupport_introspection_c__pyext.dir/rosidl_generator_py/livox_ros_driver2/_livox_ros_driver2_s.ep.rosidl_typesupport_introspection_c.c.o[0m
[17.791s] [ 89%] [32mBuilding C object CMakeFiles/livox_ros_driver2__rosidl_typesupport_c__pyext.dir/rosidl_generator_py/livox_ros_driver2/_livox_ros_driver2_s.ep.rosidl_typesupport_c.c.o[0m
[17.796s] [ 91%] [32mBuilding C object CMakeFiles/livox_ros_driver2__rosidl_typesupport_fastrtps_c__pyext.dir/rosidl_generator_py/livox_ros_driver2/_livox_ros_driver2_s.ep.rosidl_typesupport_fastrtps_c.c.o[0m
[17.876s] [ 92%] [32m[1mLinking C shared library rosidl_generator_py/livox_ros_driver2/livox_ros_driver2_s__rosidl_typesupport_c.cpython-310-x86_64-linux-gnu.so[0m
[17.896s] [ 94%] [32m[1mLinking C shared library rosidl_generator_py/livox_ros_driver2/livox_ros_driver2_s__rosidl_typesupport_fastrtps_c.cpython-310-x86_64-linux-gnu.so[0m
[17.898s] [ 96%] [32m[1mLinking C shared library rosidl_generator_py/livox_ros_driver2/livox_ros_driver2_s__rosidl_typesupport_introspection_c.cpython-310-x86_64-linux-gnu.so[0m
[17.940s] [ 96%] Built target livox_ros_driver2__rosidl_typesupport_c__pyext
[17.952s] [ 96%] Built target livox_ros_driver2__rosidl_typesupport_fastrtps_c__pyext
[17.953s] [ 96%] Built target livox_ros_driver2__rosidl_typesupport_introspection_c__pyext
[17.978s] [ 98%] [32m[1mLinking CXX executable livox_ros_driver2_node[0m
[18.372s] [ 98%] Built target livox_ros_driver2_node
[22.516s] [100%] [32m[1mLinking CXX shared library liblivox_ros_driver2.so[0m
[23.570s] [100%] Built target livox_ros_driver2
[23.590s] Invoked command in '/home/talon/ros2_ws/src/Sensor_drivers/ws_livox/build/livox_ros_driver2' returned '0': CMAKE_PREFIX_PATH=${CMAKE_PREFIX_PATH}:/home/talon/ros2_humble/install/rqt_bag_plugins:/home/talon/ros2_humble/install/rqt_bag:/home/talon/ros2_humble/install/launch_testing_examples:/home/talon/ros2_humble/install/ros2bag:/home/talon/ros2_humble/install/tracetools_test:/home/talon/ros2_humble/install/tracetools_launch:/home/talon/ros2_humble/install/topic_monitor:/home/talon/ros2_humble/install/tf2_tools:/home/talon/ros2_humble/install/examples_tf2_py:/home/talon/ros2_humble/install/tf2_ros_py:/home/talon/ros2_humble/install/sros2:/home/talon/ros2_humble/install/rqt_topic:/home/talon/ros2_humble/install/rqt_srv:/home/talon/ros2_humble/install/rqt_shell:/home/talon/ros2_humble/install/rqt_service_caller:/home/talon/ros2_humble/install/rqt_reconfigure:/home/talon/ros2_humble/install/rqt_py_console:/home/talon/ros2_humble/install/rqt_publisher:/home/talon/ros2_humble/install/rqt_plot:/home/talon/ros2_humble/install/rqt_action:/home/talon/ros2_humble/install/rqt_msg:/home/talon/ros2_humble/install/rqt_console:/home/talon/ros2_humble/install/rqt:/home/talon/ros2_humble/install/rqt_graph:/home/talon/ros2_humble/install/rqt_gui_py:/home/talon/ros2_humble/install/rqt_gui:/home/talon/ros2_humble/install/ros2trace:/home/talon/ros2_humble/install/ros2topic:/home/talon/ros2_humble/install/ros2test:/home/talon/ros2_humble/install/ros2component:/home/talon/ros2_humble/install/ros2param:/home/talon/ros2_humble/install/ros2lifecycle:/home/talon/ros2_humble/install/ros2service:/home/talon/ros2_humble/install/ros2run:/home/talon/ros2_humble/install/ros2launch:/home/talon/ros2_humble/install/ros2pkg:/home/talon/ros2_humble/install/ros2node:/home/talon/ros2_humble/install/ros2multicast:/home/talon/ros2_humble/install/ros2interface:/home/talon/ros2_humble/install/ros2doctor:/home/talon/ros2_humble/install/ros2action:/home/talon/ros2_humble/install/ros2cli:/home/talon/ros2_humble/install/quality_of_service_demo_py:/home/talon/ros2_humble/install/lifecycle_py:/home/talon/ros2_humble/install/launch_testing_ros:/home/talon/ros2_humble/install/launch_ros:/home/talon/ros2_humble/install/examples_rclpy_pointcloud_publisher:/home/talon/ros2_humble/install/examples_rclpy_minimal_subscriber:/home/talon/ros2_humble/install/examples_rclpy_minimal_service:/home/talon/ros2_humble/install/examples_rclpy_minimal_publisher:/home/talon/ros2_humble/install/examples_rclpy_minimal_client:/home/talon/ros2_humble/install/examples_rclpy_minimal_action_server:/home/talon/ros2_humble/install/examples_rclpy_minimal_action_client:/home/talon/ros2_humble/install/examples_rclpy_guard_conditions:/home/talon/ros2_humble/install/examples_rclpy_executors:/home/talon/ros2_humble/install/demo_nodes_py:/home/talon/ros2_humble/install/camera_info_manager_py:/home/talon/ros2_humble/install/action_tutorials_py:/home/talon/ros2_humble/install/ament_uncrustify:/home/talon/ros2_humble/install/tracetools_trace:/home/talon/ros2_humble/install/tracetools_read:/home/talon/ros2_humble/install/test_tracetools_launch:/home/talon/ros2_humble/install/test_launch_ros:/home/talon/ros2_humble/install/sensor_msgs_py:/home/talon/ros2_humble/install/rpyutils:/home/talon/ros2_humble/install/rosidl_runtime_py:/home/talon/ros2_humble/install/rosidl_cli:/home/talon/ros2_humble/install/launch_pytest:/home/talon/ros2_humble/install/launch_testing:/home/talon/ros2_humble/install/launch_yaml:/home/talon/ros2_humble/install/launch_xml:/home/talon/ros2_humble/install/launch:/home/talon/ros2_humble/install/osrf_pycommon:/home/talon/ros2_humble/install/domain_coordinator:/home/talon/ros2_humble/install/ament_xmllint:/home/talon/ros2_humble/install/ament_pyflakes:/home/talon/ros2_humble/install/ament_pycodestyle:/home/talon/ros2_humble/install/ament_pep257:/home/talon/ros2_humble/install/ament_pclint:/home/talon/ros2_humble/install/ament_package:/home/talon/ros2_humble/install/ament_mypy:/home/talon/ros2_humble/install/ament_lint_cmake:/home/talon/ros2_humble/install/ament_flake8:/home/talon/ros2_humble/install/ament_copyright:/home/talon/ros2_humble/install/ament_lint:/home/talon/ros2_humble/install/ament_index_python:/home/talon/ros2_humble/install/ament_cpplint:/home/talon/ros2_humble/install/ament_cppcheck:/home/talon/ros2_humble/install/ament_clang_tidy:/home/talon/ros2_humble/install/ament_clang_format:/opt/ros/humble /usr/bin/cmake --build /home/talon/ros2_ws/src/Sensor_drivers/ws_livox/build/livox_ros_driver2 -- -j18 -l18
[23.592s] Invoking command in '/home/talon/ros2_ws/src/Sensor_drivers/ws_livox/build/livox_ros_driver2': CMAKE_PREFIX_PATH=${CMAKE_PREFIX_PATH}:/home/talon/ros2_humble/install/rqt_bag_plugins:/home/talon/ros2_humble/install/rqt_bag:/home/talon/ros2_humble/install/launch_testing_examples:/home/talon/ros2_humble/install/ros2bag:/home/talon/ros2_humble/install/tracetools_test:/home/talon/ros2_humble/install/tracetools_launch:/home/talon/ros2_humble/install/topic_monitor:/home/talon/ros2_humble/install/tf2_tools:/home/talon/ros2_humble/install/examples_tf2_py:/home/talon/ros2_humble/install/tf2_ros_py:/home/talon/ros2_humble/install/sros2:/home/talon/ros2_humble/install/rqt_topic:/home/talon/ros2_humble/install/rqt_srv:/home/talon/ros2_humble/install/rqt_shell:/home/talon/ros2_humble/install/rqt_service_caller:/home/talon/ros2_humble/install/rqt_reconfigure:/home/talon/ros2_humble/install/rqt_py_console:/home/talon/ros2_humble/install/rqt_publisher:/home/talon/ros2_humble/install/rqt_plot:/home/talon/ros2_humble/install/rqt_action:/home/talon/ros2_humble/install/rqt_msg:/home/talon/ros2_humble/install/rqt_console:/home/talon/ros2_humble/install/rqt:/home/talon/ros2_humble/install/rqt_graph:/home/talon/ros2_humble/install/rqt_gui_py:/home/talon/ros2_humble/install/rqt_gui:/home/talon/ros2_humble/install/ros2trace:/home/talon/ros2_humble/install/ros2topic:/home/talon/ros2_humble/install/ros2test:/home/talon/ros2_humble/install/ros2component:/home/talon/ros2_humble/install/ros2param:/home/talon/ros2_humble/install/ros2lifecycle:/home/talon/ros2_humble/install/ros2service:/home/talon/ros2_humble/install/ros2run:/home/talon/ros2_humble/install/ros2launch:/home/talon/ros2_humble/install/ros2pkg:/home/talon/ros2_humble/install/ros2node:/home/talon/ros2_humble/install/ros2multicast:/home/talon/ros2_humble/install/ros2interface:/home/talon/ros2_humble/install/ros2doctor:/home/talon/ros2_humble/install/ros2action:/home/talon/ros2_humble/install/ros2cli:/home/talon/ros2_humble/install/quality_of_service_demo_py:/home/talon/ros2_humble/install/lifecycle_py:/home/talon/ros2_humble/install/launch_testing_ros:/home/talon/ros2_humble/install/launch_ros:/home/talon/ros2_humble/install/examples_rclpy_pointcloud_publisher:/home/talon/ros2_humble/install/examples_rclpy_minimal_subscriber:/home/talon/ros2_humble/install/examples_rclpy_minimal_service:/home/talon/ros2_humble/install/examples_rclpy_minimal_publisher:/home/talon/ros2_humble/install/examples_rclpy_minimal_client:/home/talon/ros2_humble/install/examples_rclpy_minimal_action_server:/home/talon/ros2_humble/install/examples_rclpy_minimal_action_client:/home/talon/ros2_humble/install/examples_rclpy_guard_conditions:/home/talon/ros2_humble/install/examples_rclpy_executors:/home/talon/ros2_humble/install/demo_nodes_py:/home/talon/ros2_humble/install/camera_info_manager_py:/home/talon/ros2_humble/install/action_tutorials_py:/home/talon/ros2_humble/install/ament_uncrustify:/home/talon/ros2_humble/install/tracetools_trace:/home/talon/ros2_humble/install/tracetools_read:/home/talon/ros2_humble/install/test_tracetools_launch:/home/talon/ros2_humble/install/test_launch_ros:/home/talon/ros2_humble/install/sensor_msgs_py:/home/talon/ros2_humble/install/rpyutils:/home/talon/ros2_humble/install/rosidl_runtime_py:/home/talon/ros2_humble/install/rosidl_cli:/home/talon/ros2_humble/install/launch_pytest:/home/talon/ros2_humble/install/launch_testing:/home/talon/ros2_humble/install/launch_yaml:/home/talon/ros2_humble/install/launch_xml:/home/talon/ros2_humble/install/launch:/home/talon/ros2_humble/install/osrf_pycommon:/home/talon/ros2_humble/install/domain_coordinator:/home/talon/ros2_humble/install/ament_xmllint:/home/talon/ros2_humble/install/ament_pyflakes:/home/talon/ros2_humble/install/ament_pycodestyle:/home/talon/ros2_humble/install/ament_pep257:/home/talon/ros2_humble/install/ament_pclint:/home/talon/ros2_humble/install/ament_package:/home/talon/ros2_humble/install/ament_mypy:/home/talon/ros2_humble/install/ament_lint_cmake:/home/talon/ros2_humble/install/ament_flake8:/home/talon/ros2_humble/install/ament_copyright:/home/talon/ros2_humble/install/ament_lint:/home/talon/ros2_humble/install/ament_index_python:/home/talon/ros2_humble/install/ament_cpplint:/home/talon/ros2_humble/install/ament_cppcheck:/home/talon/ros2_humble/install/ament_clang_tidy:/home/talon/ros2_humble/install/ament_clang_format:/opt/ros/humble /usr/bin/cmake --install /home/talon/ros2_ws/src/Sensor_drivers/ws_livox/build/livox_ros_driver2
[23.609s] -- Install configuration: ""
[23.609s] -- Installing: /home/talon/ros2_ws/src/Sensor_drivers/ws_livox/install/livox_ros_driver2/share/ament_index/resource_index/rosidl_interfaces/livox_ros_driver2
[23.609s] -- Installing: /home/talon/ros2_ws/src/Sensor_drivers/ws_livox/install/livox_ros_driver2/include/livox_ros_driver2/livox_ros_driver2
[23.609s] -- Installing: /home/talon/ros2_ws/src/Sensor_drivers/ws_livox/install/livox_ros_driver2/include/livox_ros_driver2/livox_ros_driver2/msg
[23.609s] -- Installing: /home/talon/ros2_ws/src/Sensor_drivers/ws_livox/install/livox_ros_driver2/include/livox_ros_driver2/livox_ros_driver2/msg/detail
[23.610s] -- Installing: /home/talon/ros2_ws/src/Sensor_drivers/ws_livox/install/livox_ros_driver2/include/livox_ros_driver2/livox_ros_driver2/msg/detail/custom_msg__struct.h
[23.610s] -- Installing: /home/talon/ros2_ws/src/Sensor_drivers/ws_livox/install/livox_ros_driver2/include/livox_ros_driver2/livox_ros_driver2/msg/detail/custom_point__type_support.h
[23.610s] -- Installing: /home/talon/ros2_ws/src/Sensor_drivers/ws_livox/install/livox_ros_driver2/include/livox_ros_driver2/livox_ros_driver2/msg/detail/custom_msg__type_support.h
[23.610s] -- Installing: /home/talon/ros2_ws/src/Sensor_drivers/ws_livox/install/livox_ros_driver2/include/livox_ros_driver2/livox_ros_driver2/msg/detail/custom_msg__functions.c
[23.610s] -- Installing: /home/talon/ros2_ws/src/Sensor_drivers/ws_livox/install/livox_ros_driver2/include/livox_ros_driver2/livox_ros_driver2/msg/detail/custom_point__functions.c
[23.610s] -- Installing: /home/talon/ros2_ws/src/Sensor_drivers/ws_livox/install/livox_ros_driver2/include/livox_ros_driver2/livox_ros_driver2/msg/detail/custom_point__struct.h
[23.610s] -- Installing: /home/talon/ros2_ws/src/Sensor_drivers/ws_livox/install/livox_ros_driver2/include/livox_ros_driver2/livox_ros_driver2/msg/detail/custom_msg__functions.h
[23.610s] -- Installing: /home/talon/ros2_ws/src/Sensor_drivers/ws_livox/install/livox_ros_driver2/include/livox_ros_driver2/livox_ros_driver2/msg/detail/custom_point__functions.h
[23.610s] -- Installing: /home/talon/ros2_ws/src/Sensor_drivers/ws_livox/install/livox_ros_driver2/include/livox_ros_driver2/livox_ros_driver2/msg/custom_msg.h
[23.610s] -- Installing: /home/talon/ros2_ws/src/Sensor_drivers/ws_livox/install/livox_ros_driver2/include/livox_ros_driver2/livox_ros_driver2/msg/custom_point.h
[23.610s] -- Installing: /home/talon/ros2_ws/src/Sensor_drivers/ws_livox/install/livox_ros_driver2/include/livox_ros_driver2/livox_ros_driver2/msg/rosidl_generator_c__visibility_control.h
[23.610s] -- Installing: /home/talon/ros2_ws/src/Sensor_drivers/ws_livox/install/livox_ros_driver2/share/livox_ros_driver2/environment/library_path.sh
[23.610s] -- Installing: /home/talon/ros2_ws/src/Sensor_drivers/ws_livox/install/livox_ros_driver2/share/livox_ros_driver2/environment/library_path.dsv
[23.610s] -- Installing: /home/talon/ros2_ws/src/Sensor_drivers/ws_livox/install/livox_ros_driver2/lib/liblivox_ros_driver2__rosidl_generator_c.so
[23.611s] -- Set runtime path of "/home/talon/ros2_ws/src/Sensor_drivers/ws_livox/install/livox_ros_driver2/lib/liblivox_ros_driver2__rosidl_generator_c.so" to ""
[23.611s] -- Up-to-date: /home/talon/ros2_ws/src/Sensor_drivers/ws_livox/install/livox_ros_driver2/include/livox_ros_driver2/livox_ros_driver2
[23.611s] -- Up-to-date: /home/talon/ros2_ws/src/Sensor_drivers/ws_livox/install/livox_ros_driver2/include/livox_ros_driver2/livox_ros_driver2/msg
[23.611s] -- Up-to-date: /home/talon/ros2_ws/src/Sensor_drivers/ws_livox/install/livox_ros_driver2/include/livox_ros_driver2/livox_ros_driver2/msg/detail
[23.611s] -- Installing: /home/talon/ros2_ws/src/Sensor_drivers/ws_livox/install/livox_ros_driver2/include/livox_ros_driver2/livox_ros_driver2/msg/detail/custom_msg__type_support.c
[23.611s] -- Installing: /home/talon/ros2_ws/src/Sensor_drivers/ws_livox/install/livox_ros_driver2/include/livox_ros_driver2/livox_ros_driver2/msg/detail/custom_point__type_support.c
[23.611s] -- Installing: /home/talon/ros2_ws/src/Sensor_drivers/ws_livox/install/livox_ros_driver2/include/livox_ros_driver2/livox_ros_driver2/msg/detail/custom_point__rosidl_typesupport_introspection_c.h
[23.611s] -- Installing: /home/talon/ros2_ws/src/Sensor_drivers/ws_livox/install/livox_ros_driver2/include/livox_ros_driver2/livox_ros_driver2/msg/detail/custom_msg__rosidl_typesupport_introspection_c.h
[23.611s] -- Installing: /home/talon/ros2_ws/src/Sensor_drivers/ws_livox/install/livox_ros_driver2/include/livox_ros_driver2/livox_ros_driver2/msg/rosidl_typesupport_introspection_c__visibility_control.h
[23.611s] -- Installing: /home/talon/ros2_ws/src/Sensor_drivers/ws_livox/install/livox_ros_driver2/lib/liblivox_ros_driver2__rosidl_typesupport_introspection_c.so
[23.611s] -- Set runtime path of "/home/talon/ros2_ws/src/Sensor_drivers/ws_livox/install/livox_ros_driver2/lib/liblivox_ros_driver2__rosidl_typesupport_introspection_c.so" to ""
[23.611s] -- Up-to-date: /home/talon/ros2_ws/src/Sensor_drivers/ws_livox/install/livox_ros_driver2/include/livox_ros_driver2/livox_ros_driver2
[23.611s] -- Up-to-date: /home/talon/ros2_ws/src/Sensor_drivers/ws_livox/install/livox_ros_driver2/include/livox_ros_driver2/livox_ros_driver2/msg
[23.611s] -- Installing: /home/talon/ros2_ws/src/Sensor_drivers/ws_livox/install/livox_ros_driver2/include/livox_ros_driver2/livox_ros_driver2/msg/rosidl_typesupport_fastrtps_c__visibility_control.h
[23.612s] -- Up-to-date: /home/talon/ros2_ws/src/Sensor_drivers/ws_livox/install/livox_ros_driver2/include/livox_ros_driver2/livox_ros_driver2/msg/detail
[23.612s] -- Installing: /home/talon/ros2_ws/src/Sensor_drivers/ws_livox/install/livox_ros_driver2/include/livox_ros_driver2/livox_ros_driver2/msg/detail/custom_point__rosidl_typesupport_fastrtps_c.h
[23.612s] -- Installing: /home/talon/ros2_ws/src/Sensor_drivers/ws_livox/install/livox_ros_driver2/include/livox_ros_driver2/livox_ros_driver2/msg/detail/custom_msg__rosidl_typesupport_fastrtps_c.h
[23.612s] -- Installing: /home/talon/ros2_ws/src/Sensor_drivers/ws_livox/install/livox_ros_driver2/lib/liblivox_ros_driver2__rosidl_typesupport_fastrtps_c.so
[23.612s] -- Set runtime path of "/home/talon/ros2_ws/src/Sensor_drivers/ws_livox/install/livox_ros_driver2/lib/liblivox_ros_driver2__rosidl_typesupport_fastrtps_c.so" to ""
[23.612s] -- Installing: /home/talon/ros2_ws/src/Sensor_drivers/ws_livox/install/livox_ros_driver2/lib/liblivox_ros_driver2__rosidl_typesupport_c.so
[23.612s] -- Set runtime path of "/home/talon/ros2_ws/src/Sensor_drivers/ws_livox/install/livox_ros_driver2/lib/liblivox_ros_driver2__rosidl_typesupport_c.so" to ""
[23.612s] -- Up-to-date: /home/talon/ros2_ws/src/Sensor_drivers/ws_livox/install/livox_ros_driver2/include/livox_ros_driver2/livox_ros_driver2
[23.612s] -- Up-to-date: /home/talon/ros2_ws/src/Sensor_drivers/ws_livox/install/livox_ros_driver2/include/livox_ros_driver2/livox_ros_driver2/msg
[23.612s] -- Installing: /home/talon/ros2_ws/src/Sensor_drivers/ws_livox/install/livox_ros_driver2/include/livox_ros_driver2/livox_ros_driver2/msg/custom_msg.hpp
[23.612s] -- Installing: /home/talon/ros2_ws/src/Sensor_drivers/ws_livox/install/livox_ros_driver2/include/livox_ros_driver2/livox_ros_driver2/msg/custom_point.hpp
[23.612s] -- Up-to-date: /home/talon/ros2_ws/src/Sensor_drivers/ws_livox/install/livox_ros_driver2/include/livox_ros_driver2/livox_ros_driver2/msg/detail
[23.612s] -- Installing: /home/talon/ros2_ws/src/Sensor_drivers/ws_livox/install/livox_ros_driver2/include/livox_ros_driver2/livox_ros_driver2/msg/detail/custom_point__traits.hpp
[23.612s] -- Installing: /home/talon/ros2_ws/src/Sensor_drivers/ws_livox/install/livox_ros_driver2/include/livox_ros_driver2/livox_ros_driver2/msg/detail/custom_point__type_support.hpp
[23.613s] -- Installing: /home/talon/ros2_ws/src/Sensor_drivers/ws_livox/install/livox_ros_driver2/include/livox_ros_driver2/livox_ros_driver2/msg/detail/custom_msg__builder.hpp
[23.613s] -- Installing: /home/talon/ros2_ws/src/Sensor_drivers/ws_livox/install/livox_ros_driver2/include/livox_ros_driver2/livox_ros_driver2/msg/detail/custom_msg__traits.hpp
[23.613s] -- Installing: /home/talon/ros2_ws/src/Sensor_drivers/ws_livox/install/livox_ros_driver2/include/livox_ros_driver2/livox_ros_driver2/msg/detail/custom_point__builder.hpp
[23.613s] -- Installing: /home/talon/ros2_ws/src/Sensor_drivers/ws_livox/install/livox_ros_driver2/include/livox_ros_driver2/livox_ros_driver2/msg/detail/custom_msg__type_support.hpp
[23.613s] -- Installing: /home/talon/ros2_ws/src/Sensor_drivers/ws_livox/install/livox_ros_driver2/include/livox_ros_driver2/livox_ros_driver2/msg/detail/custom_point__struct.hpp
[23.613s] -- Installing: /home/talon/ros2_ws/src/Sensor_drivers/ws_livox/install/livox_ros_driver2/include/livox_ros_driver2/livox_ros_driver2/msg/detail/custom_msg__struct.hpp
[23.613s] -- Installing: /home/talon/ros2_ws/src/Sensor_drivers/ws_livox/install/livox_ros_driver2/include/livox_ros_driver2/livox_ros_driver2/msg/rosidl_generator_cpp__visibility_control.hpp
[23.613s] -- Up-to-date: /home/talon/ros2_ws/src/Sensor_drivers/ws_livox/install/livox_ros_driver2/include/livox_ros_driver2/livox_ros_driver2
[23.613s] -- Up-to-date: /home/talon/ros2_ws/src/Sensor_drivers/ws_livox/install/livox_ros_driver2/include/livox_ros_driver2/livox_ros_driver2/msg
[23.613s] -- Up-to-date: /home/talon/ros2_ws/src/Sensor_drivers/ws_livox/install/livox_ros_driver2/include/livox_ros_driver2/livox_ros_driver2/msg/detail
[23.613s] -- Installing: /home/talon/ros2_ws/src/Sensor_drivers/ws_livox/install/livox_ros_driver2/include/livox_ros_driver2/livox_ros_driver2/msg/detail/custom_point__type_support.cpp
[23.613s] -- Installing: /home/talon/ros2_ws/src/Sensor_drivers/ws_livox/install/livox_ros_driver2/include/livox_ros_driver2/livox_ros_driver2/msg/detail/custom_msg__type_support.cpp
[23.613s] -- Installing: /home/talon/ros2_ws/src/Sensor_drivers/ws_livox/install/livox_ros_driver2/include/livox_ros_driver2/livox_ros_driver2/msg/detail/custom_msg__rosidl_typesupport_introspection_cpp.hpp
[23.613s] -- Installing: /home/talon/ros2_ws/src/Sensor_drivers/ws_livox/install/livox_ros_driver2/include/livox_ros_driver2/livox_ros_driver2/msg/detail/custom_point__rosidl_typesupport_introspection_cpp.hpp
[23.613s] -- Installing: /home/talon/ros2_ws/src/Sensor_drivers/ws_livox/install/livox_ros_driver2/lib/liblivox_ros_driver2__rosidl_typesupport_introspection_cpp.so
[23.614s] -- Set runtime path of "/home/talon/ros2_ws/src/Sensor_drivers/ws_livox/install/livox_ros_driver2/lib/liblivox_ros_driver2__rosidl_typesupport_introspection_cpp.so" to ""
[23.614s] -- Up-to-date: /home/talon/ros2_ws/src/Sensor_drivers/ws_livox/install/livox_ros_driver2/include/livox_ros_driver2/livox_ros_driver2
[23.614s] -- Up-to-date: /home/talon/ros2_ws/src/Sensor_drivers/ws_livox/install/livox_ros_driver2/include/livox_ros_driver2/livox_ros_driver2/msg
[23.614s] -- Up-to-date: /home/talon/ros2_ws/src/Sensor_drivers/ws_livox/install/livox_ros_driver2/include/livox_ros_driver2/livox_ros_driver2/msg/detail
[23.614s] -- Installing: /home/talon/ros2_ws/src/Sensor_drivers/ws_livox/install/livox_ros_driver2/include/livox_ros_driver2/livox_ros_driver2/msg/detail/custom_msg__rosidl_typesupport_fastrtps_cpp.hpp
[23.614s] -- Installing: /home/talon/ros2_ws/src/Sensor_drivers/ws_livox/install/livox_ros_driver2/include/livox_ros_driver2/livox_ros_driver2/msg/detail/custom_point__rosidl_typesupport_fastrtps_cpp.hpp
[23.614s] -- Installing: /home/talon/ros2_ws/src/Sensor_drivers/ws_livox/install/livox_ros_driver2/include/livox_ros_driver2/livox_ros_driver2/msg/detail/dds_fastrtps
[23.614s] -- Installing: /home/talon/ros2_ws/src/Sensor_drivers/ws_livox/install/livox_ros_driver2/include/livox_ros_driver2/livox_ros_driver2/msg/rosidl_typesupport_fastrtps_cpp__visibility_control.h
[23.614s] -- Installing: /home/talon/ros2_ws/src/Sensor_drivers/ws_livox/install/livox_ros_driver2/lib/liblivox_ros_driver2__rosidl_typesupport_fastrtps_cpp.so
[23.614s] -- Set runtime path of "/home/talon/ros2_ws/src/Sensor_drivers/ws_livox/install/livox_ros_driver2/lib/liblivox_ros_driver2__rosidl_typesupport_fastrtps_cpp.so" to ""
[23.614s] -- Installing: /home/talon/ros2_ws/src/Sensor_drivers/ws_livox/install/livox_ros_driver2/lib/liblivox_ros_driver2__rosidl_typesupport_cpp.so
[23.614s] -- Set runtime path of "/home/talon/ros2_ws/src/Sensor_drivers/ws_livox/install/livox_ros_driver2/lib/liblivox_ros_driver2__rosidl_typesupport_cpp.so" to ""
[23.614s] -- Installing: /home/talon/ros2_ws/src/Sensor_drivers/ws_livox/install/livox_ros_driver2/share/livox_ros_driver2/environment/pythonpath.sh
[23.615s] -- Installing: /home/talon/ros2_ws/src/Sensor_drivers/ws_livox/install/livox_ros_driver2/share/livox_ros_driver2/environment/pythonpath.dsv
[23.615s] -- Installing: /home/talon/ros2_ws/src/Sensor_drivers/ws_livox/install/livox_ros_driver2/local/lib/python3.10/dist-packages/livox_ros_driver2-1.0.0-py3.10.egg-info
[23.615s] -- Installing: /home/talon/ros2_ws/src/Sensor_drivers/ws_livox/install/livox_ros_driver2/local/lib/python3.10/dist-packages/livox_ros_driver2-1.0.0-py3.10.egg-info/PKG-INFO
[23.615s] -- Installing: /home/talon/ros2_ws/src/Sensor_drivers/ws_livox/install/livox_ros_driver2/local/lib/python3.10/dist-packages/livox_ros_driver2-1.0.0-py3.10.egg-info/top_level.txt
[23.615s] -- Installing: /home/talon/ros2_ws/src/Sensor_drivers/ws_livox/install/livox_ros_driver2/local/lib/python3.10/dist-packages/livox_ros_driver2-1.0.0-py3.10.egg-info/SOURCES.txt
[23.615s] -- Installing: /home/talon/ros2_ws/src/Sensor_drivers/ws_livox/install/livox_ros_driver2/local/lib/python3.10/dist-packages/livox_ros_driver2-1.0.0-py3.10.egg-info/dependency_links.txt
[23.615s] -- Installing: /home/talon/ros2_ws/src/Sensor_drivers/ws_livox/install/livox_ros_driver2/local/lib/python3.10/dist-packages/livox_ros_driver2
[23.615s] -- Installing: /home/talon/ros2_ws/src/Sensor_drivers/ws_livox/install/livox_ros_driver2/local/lib/python3.10/dist-packages/livox_ros_driver2/_livox_ros_driver2_s.ep.rosidl_typesupport_introspection_c.c
[23.615s] -- Installing: /home/talon/ros2_ws/src/Sensor_drivers/ws_livox/install/livox_ros_driver2/local/lib/python3.10/dist-packages/livox_ros_driver2/livox_ros_driver2_s__rosidl_typesupport_introspection_c.cpython-310-x86_64-linux-gnu.so
[23.615s] -- Installing: /home/talon/ros2_ws/src/Sensor_drivers/ws_livox/install/livox_ros_driver2/local/lib/python3.10/dist-packages/livox_ros_driver2/liblivox_interfaces2__rosidl_generator_py.so
[23.615s] -- Installing: /home/talon/ros2_ws/src/Sensor_drivers/ws_livox/install/livox_ros_driver2/local/lib/python3.10/dist-packages/livox_ros_driver2/__init__.py
[23.615s] -- Installing: /home/talon/ros2_ws/src/Sensor_drivers/ws_livox/install/livox_ros_driver2/local/lib/python3.10/dist-packages/livox_ros_driver2/msg
[23.616s] -- Installing: /home/talon/ros2_ws/src/Sensor_drivers/ws_livox/install/livox_ros_driver2/local/lib/python3.10/dist-packages/livox_ros_driver2/msg/_custom_msg.py
[23.616s] -- Installing: /home/talon/ros2_ws/src/Sensor_drivers/ws_livox/install/livox_ros_driver2/local/lib/python3.10/dist-packages/livox_ros_driver2/msg/__init__.py
[23.616s] -- Installing: /home/talon/ros2_ws/src/Sensor_drivers/ws_livox/install/livox_ros_driver2/local/lib/python3.10/dist-packages/livox_ros_driver2/msg/_custom_msg_s.c
[23.616s] -- Installing: /home/talon/ros2_ws/src/Sensor_drivers/ws_livox/install/livox_ros_driver2/local/lib/python3.10/dist-packages/livox_ros_driver2/msg/_custom_point.py
[23.616s] -- Installing: /home/talon/ros2_ws/src/Sensor_drivers/ws_livox/install/livox_ros_driver2/local/lib/python3.10/dist-packages/livox_ros_driver2/msg/_custom_point_s.c
[23.616s] -- Installing: /home/talon/ros2_ws/src/Sensor_drivers/ws_livox/install/livox_ros_driver2/local/lib/python3.10/dist-packages/livox_ros_driver2/_livox_ros_driver2_s.ep.rosidl_typesupport_fastrtps_c.c
[23.616s] -- Installing: /home/talon/ros2_ws/src/Sensor_drivers/ws_livox/install/livox_ros_driver2/local/lib/python3.10/dist-packages/livox_ros_driver2/_livox_ros_driver2_s.ep.rosidl_typesupport_c.c
[23.616s] -- Installing: /home/talon/ros2_ws/src/Sensor_drivers/ws_livox/install/livox_ros_driver2/local/lib/python3.10/dist-packages/livox_ros_driver2/livox_ros_driver2_s__rosidl_typesupport_c.cpython-310-x86_64-linux-gnu.so
[23.616s] -- Installing: /home/talon/ros2_ws/src/Sensor_drivers/ws_livox/install/livox_ros_driver2/local/lib/python3.10/dist-packages/livox_ros_driver2/livox_ros_driver2_s__rosidl_typesupport_fastrtps_c.cpython-310-x86_64-linux-gnu.so
[23.708s] Listing '/home/talon/ros2_ws/src/Sensor_drivers/ws_livox/install/livox_ros_driver2/local/lib/python3.10/dist-packages/livox_ros_driver2'...
[23.708s] Compiling '/home/talon/ros2_ws/src/Sensor_drivers/ws_livox/install/livox_ros_driver2/local/lib/python3.10/dist-packages/livox_ros_driver2/__init__.py'...
[23.708s] Listing '/home/talon/ros2_ws/src/Sensor_drivers/ws_livox/install/livox_ros_driver2/local/lib/python3.10/dist-packages/livox_ros_driver2/msg'...
[23.708s] Compiling '/home/talon/ros2_ws/src/Sensor_drivers/ws_livox/install/livox_ros_driver2/local/lib/python3.10/dist-packages/livox_ros_driver2/msg/__init__.py'...
[23.708s] Compiling '/home/talon/ros2_ws/src/Sensor_drivers/ws_livox/install/livox_ros_driver2/local/lib/python3.10/dist-packages/livox_ros_driver2/msg/_custom_msg.py'...
[23.708s] Compiling '/home/talon/ros2_ws/src/Sensor_drivers/ws_livox/install/livox_ros_driver2/local/lib/python3.10/dist-packages/livox_ros_driver2/msg/_custom_point.py'...
[23.711s] -- Installing: /home/talon/ros2_ws/src/Sensor_drivers/ws_livox/install/livox_ros_driver2/local/lib/python3.10/dist-packages/livox_ros_driver2/livox_ros_driver2_s__rosidl_typesupport_introspection_c.cpython-310-x86_64-linux-gnu.so
[23.712s] -- Set runtime path of "/home/talon/ros2_ws/src/Sensor_drivers/ws_livox/install/livox_ros_driver2/local/lib/python3.10/dist-packages/livox_ros_driver2/livox_ros_driver2_s__rosidl_typesupport_introspection_c.cpython-310-x86_64-linux-gnu.so" to ""
[23.712s] -- Installing: /home/talon/ros2_ws/src/Sensor_drivers/ws_livox/install/livox_ros_driver2/local/lib/python3.10/dist-packages/livox_ros_driver2/livox_ros_driver2_s__rosidl_typesupport_fastrtps_c.cpython-310-x86_64-linux-gnu.so
[23.712s] -- Set runtime path of "/home/talon/ros2_ws/src/Sensor_drivers/ws_livox/install/livox_ros_driver2/local/lib/python3.10/dist-packages/livox_ros_driver2/livox_ros_driver2_s__rosidl_typesupport_fastrtps_c.cpython-310-x86_64-linux-gnu.so" to ""
[23.712s] -- Installing: /home/talon/ros2_ws/src/Sensor_drivers/ws_livox/install/livox_ros_driver2/local/lib/python3.10/dist-packages/livox_ros_driver2/livox_ros_driver2_s__rosidl_typesupport_c.cpython-310-x86_64-linux-gnu.so
[23.713s] -- Set runtime path of "/home/talon/ros2_ws/src/Sensor_drivers/ws_livox/install/livox_ros_driver2/local/lib/python3.10/dist-packages/livox_ros_driver2/livox_ros_driver2_s__rosidl_typesupport_c.cpython-310-x86_64-linux-gnu.so" to ""
[23.713s] -- Installing: /home/talon/ros2_ws/src/Sensor_drivers/ws_livox/install/livox_ros_driver2/lib/liblivox_interfaces2__rosidl_generator_py.so
[23.713s] -- Set runtime path of "/home/talon/ros2_ws/src/Sensor_drivers/ws_livox/install/livox_ros_driver2/lib/liblivox_interfaces2__rosidl_generator_py.so" to ""
[23.713s] -- Installing: /home/talon/ros2_ws/src/Sensor_drivers/ws_livox/install/livox_ros_driver2/share/livox_ros_driver2/msg/CustomPoint.idl
[23.713s] -- Installing: /home/talon/ros2_ws/src/Sensor_drivers/ws_livox/install/livox_ros_driver2/share/livox_ros_driver2/msg/CustomMsg.idl
[23.713s] -- Installing: /home/talon/ros2_ws/src/Sensor_drivers/ws_livox/install/livox_ros_driver2/share/livox_ros_driver2/msg/CustomPoint.msg
[23.714s] -- Installing: /home/talon/ros2_ws/src/Sensor_drivers/ws_livox/install/livox_ros_driver2/share/livox_ros_driver2/msg/CustomMsg.msg
[23.714s] -- Installing: /home/talon/ros2_ws/src/Sensor_drivers/ws_livox/install/livox_ros_driver2/lib/livox_ros_driver2/livox_ros_driver2_node
[23.714s] -- Set runtime path of "/home/talon/ros2_ws/src/Sensor_drivers/ws_livox/install/livox_ros_driver2/lib/livox_ros_driver2/livox_ros_driver2_node" to ""
[23.714s] -- Installing: /home/talon/ros2_ws/src/Sensor_drivers/ws_livox/install/livox_ros_driver2/lib/liblivox_ros_driver2.so
[23.717s] -- Set runtime path of "/home/talon/ros2_ws/src/Sensor_drivers/ws_livox/install/livox_ros_driver2/lib/liblivox_ros_driver2.so" to ""
[23.717s] -- Installing: /home/talon/ros2_ws/src/Sensor_drivers/ws_livox/install/livox_ros_driver2/share/livox_ros_driver2/config
[23.717s] -- Installing: /home/talon/ros2_ws/src/Sensor_drivers/ws_livox/install/livox_ros_driver2/share/livox_ros_driver2/config/display_point_cloud_ROS2_front.rviz
[23.717s] -- Installing: /home/talon/ros2_ws/src/Sensor_drivers/ws_livox/install/livox_ros_driver2/share/livox_ros_driver2/config/display_point_cloud_ROS2_rear.rviz
[23.717s] -- Installing: /home/talon/ros2_ws/src/Sensor_drivers/ws_livox/install/livox_ros_driver2/share/livox_ros_driver2/config/mixed_HAP_MID360_config.json
[23.717s] -- Installing: /home/talon/ros2_ws/src/Sensor_drivers/ws_livox/install/livox_ros_driver2/share/livox_ros_driver2/config/display_point_cloud_ROS1.rviz
[23.717s] -- Installing: /home/talon/ros2_ws/src/Sensor_drivers/ws_livox/install/livox_ros_driver2/share/livox_ros_driver2/config/HAP_config.json
[23.718s] -- Installing: /home/talon/ros2_ws/src/Sensor_drivers/ws_livox/install/livox_ros_driver2/share/livox_ros_driver2/config/MID360_front_config.json
[23.718s] -- Installing: /home/talon/ros2_ws/src/Sensor_drivers/ws_livox/install/livox_ros_driver2/share/livox_ros_driver2/config/MID360_rear_config.json
[23.718s] -- Installing: /home/talon/ros2_ws/src/Sensor_drivers/ws_livox/install/livox_ros_driver2/share/livox_ros_driver2/launch_ROS2
[23.718s] -- Installing: /home/talon/ros2_ws/src/Sensor_drivers/ws_livox/install/livox_ros_driver2/share/livox_ros_driver2/launch_ROS2/rviz_MID360_front_launch.py
[23.718s] -- Installing: /home/talon/ros2_ws/src/Sensor_drivers/ws_livox/install/livox_ros_driver2/share/livox_ros_driver2/launch_ROS2/msg_HAP_launch.py
[23.718s] -- Installing: /home/talon/ros2_ws/src/Sensor_drivers/ws_livox/install/livox_ros_driver2/share/livox_ros_driver2/launch_ROS2/msg_MID360_launch.py
[23.718s] -- Installing: /home/talon/ros2_ws/src/Sensor_drivers/ws_livox/install/livox_ros_driver2/share/livox_ros_driver2/launch_ROS2/rviz_HAP_launch.py
[23.718s] -- Installing: /home/talon/ros2_ws/src/Sensor_drivers/ws_livox/install/livox_ros_driver2/share/livox_ros_driver2/launch_ROS2/rviz_mixed.py
[23.718s] -- Installing: /home/talon/ros2_ws/src/Sensor_drivers/ws_livox/install/livox_ros_driver2/share/livox_ros_driver2/launch_ROS2/rviz_MID360_rear_launch.py
[23.718s] -- Installing: /home/talon/ros2_ws/src/Sensor_drivers/ws_livox/install/livox_ros_driver2/share/ament_index/resource_index/package_run_dependencies/livox_ros_driver2
[23.718s] -- Installing: /home/talon/ros2_ws/src/Sensor_drivers/ws_livox/install/livox_ros_driver2/share/ament_index/resource_index/parent_prefix_path/livox_ros_driver2
[23.718s] -- Installing: /home/talon/ros2_ws/src/Sensor_drivers/ws_livox/install/livox_ros_driver2/share/livox_ros_driver2/environment/ament_prefix_path.sh
[23.718s] -- Installing: /home/talon/ros2_ws/src/Sensor_drivers/ws_livox/install/livox_ros_driver2/share/livox_ros_driver2/environment/ament_prefix_path.dsv
[23.718s] -- Installing: /home/talon/ros2_ws/src/Sensor_drivers/ws_livox/install/livox_ros_driver2/share/livox_ros_driver2/environment/path.sh
[23.718s] -- Installing: /home/talon/ros2_ws/src/Sensor_drivers/ws_livox/install/livox_ros_driver2/share/livox_ros_driver2/environment/path.dsv
[23.718s] -- Installing: /home/talon/ros2_ws/src/Sensor_drivers/ws_livox/install/livox_ros_driver2/share/livox_ros_driver2/local_setup.bash
[23.718s] -- Installing: /home/talon/ros2_ws/src/Sensor_drivers/ws_livox/install/livox_ros_driver2/share/livox_ros_driver2/local_setup.sh
[23.718s] -- Installing: /home/talon/ros2_ws/src/Sensor_drivers/ws_livox/install/livox_ros_driver2/share/livox_ros_driver2/local_setup.zsh
[23.719s] -- Installing: /home/talon/ros2_ws/src/Sensor_drivers/ws_livox/install/livox_ros_driver2/share/livox_ros_driver2/local_setup.dsv
[23.719s] -- Installing: /home/talon/ros2_ws/src/Sensor_drivers/ws_livox/install/livox_ros_driver2/share/livox_ros_driver2/package.dsv
[23.719s] -- Installing: /home/talon/ros2_ws/src/Sensor_drivers/ws_livox/install/livox_ros_driver2/share/ament_index/resource_index/packages/livox_ros_driver2
[23.719s] -- Installing: /home/talon/ros2_ws/src/Sensor_drivers/ws_livox/install/livox_ros_driver2/share/livox_ros_driver2/cmake/export_livox_interfaces2__rosidl_generator_cExport.cmake
[23.719s] -- Installing: /home/talon/ros2_ws/src/Sensor_drivers/ws_livox/install/livox_ros_driver2/share/livox_ros_driver2/cmake/export_livox_interfaces2__rosidl_generator_cExport-noconfig.cmake
[23.719s] -- Installing: /home/talon/ros2_ws/src/Sensor_drivers/ws_livox/install/livox_ros_driver2/share/livox_ros_driver2/cmake/livox_interfaces2__rosidl_typesupport_introspection_cExport.cmake
[23.719s] -- Installing: /home/talon/ros2_ws/src/Sensor_drivers/ws_livox/install/livox_ros_driver2/share/livox_ros_driver2/cmake/livox_interfaces2__rosidl_typesupport_introspection_cExport-noconfig.cmake
[23.719s] -- Installing: /home/talon/ros2_ws/src/Sensor_drivers/ws_livox/install/livox_ros_driver2/share/livox_ros_driver2/cmake/export_livox_interfaces2__rosidl_typesupport_fastrtps_cExport.cmake
[23.719s] -- Installing: /home/talon/ros2_ws/src/Sensor_drivers/ws_livox/install/livox_ros_driver2/share/livox_ros_driver2/cmake/export_livox_interfaces2__rosidl_typesupport_fastrtps_cExport-noconfig.cmake
[23.719s] -- Installing: /home/talon/ros2_ws/src/Sensor_drivers/ws_livox/install/livox_ros_driver2/share/livox_ros_driver2/cmake/livox_interfaces2__rosidl_typesupport_cExport.cmake
[23.719s] -- Installing: /home/talon/ros2_ws/src/Sensor_drivers/ws_livox/install/livox_ros_driver2/share/livox_ros_driver2/cmake/livox_interfaces2__rosidl_typesupport_cExport-noconfig.cmake
[23.719s] -- Installing: /home/talon/ros2_ws/src/Sensor_drivers/ws_livox/install/livox_ros_driver2/share/livox_ros_driver2/cmake/export_livox_interfaces2__rosidl_generator_cppExport.cmake
[23.719s] -- Installing: /home/talon/ros2_ws/src/Sensor_drivers/ws_livox/install/livox_ros_driver2/share/livox_ros_driver2/cmake/livox_interfaces2__rosidl_typesupport_introspection_cppExport.cmake
[23.719s] -- Installing: /home/talon/ros2_ws/src/Sensor_drivers/ws_livox/install/livox_ros_driver2/share/livox_ros_driver2/cmake/livox_interfaces2__rosidl_typesupport_introspection_cppExport-noconfig.cmake
[23.719s] -- Installing: /home/talon/ros2_ws/src/Sensor_drivers/ws_livox/install/livox_ros_driver2/share/livox_ros_driver2/cmake/export_livox_interfaces2__rosidl_typesupport_fastrtps_cppExport.cmake
[23.719s] -- Installing: /home/talon/ros2_ws/src/Sensor_drivers/ws_livox/install/livox_ros_driver2/share/livox_ros_driver2/cmake/export_livox_interfaces2__rosidl_typesupport_fastrtps_cppExport-noconfig.cmake
[23.719s] -- Installing: /home/talon/ros2_ws/src/Sensor_drivers/ws_livox/install/livox_ros_driver2/share/livox_ros_driver2/cmake/livox_interfaces2__rosidl_typesupport_cppExport.cmake
[23.719s] -- Installing: /home/talon/ros2_ws/src/Sensor_drivers/ws_livox/install/livox_ros_driver2/share/livox_ros_driver2/cmake/livox_interfaces2__rosidl_typesupport_cppExport-noconfig.cmake
[23.719s] -- Installing: /home/talon/ros2_ws/src/Sensor_drivers/ws_livox/install/livox_ros_driver2/share/livox_ros_driver2/cmake/export_livox_interfaces2__rosidl_generator_pyExport.cmake
[23.719s] -- Installing: /home/talon/ros2_ws/src/Sensor_drivers/ws_livox/install/livox_ros_driver2/share/livox_ros_driver2/cmake/export_livox_interfaces2__rosidl_generator_pyExport-noconfig.cmake
[23.720s] -- Installing: /home/talon/ros2_ws/src/Sensor_drivers/ws_livox/install/livox_ros_driver2/share/ament_index/resource_index/rclcpp_components/livox_ros_driver2
[23.720s] -- Installing: /home/talon/ros2_ws/src/Sensor_drivers/ws_livox/install/livox_ros_driver2/share/livox_ros_driver2/cmake/rosidl_cmake-extras.cmake
[23.720s] -- Installing: /home/talon/ros2_ws/src/Sensor_drivers/ws_livox/install/livox_ros_driver2/share/livox_ros_driver2/cmake/ament_cmake_export_dependencies-extras.cmake
[23.720s] -- Installing: /home/talon/ros2_ws/src/Sensor_drivers/ws_livox/install/livox_ros_driver2/share/livox_ros_driver2/cmake/ament_cmake_export_include_directories-extras.cmake
[23.720s] -- Installing: /home/talon/ros2_ws/src/Sensor_drivers/ws_livox/install/livox_ros_driver2/share/livox_ros_driver2/cmake/ament_cmake_export_libraries-extras.cmake
[23.720s] -- Installing: /home/talon/ros2_ws/src/Sensor_drivers/ws_livox/install/livox_ros_driver2/share/livox_ros_driver2/cmake/ament_cmake_export_targets-extras.cmake
[23.720s] -- Installing: /home/talon/ros2_ws/src/Sensor_drivers/ws_livox/install/livox_ros_driver2/share/livox_ros_driver2/cmake/rosidl_cmake_export_typesupport_targets-extras.cmake
[23.720s] -- Installing: /home/talon/ros2_ws/src/Sensor_drivers/ws_livox/install/livox_ros_driver2/share/livox_ros_driver2/cmake/rosidl_cmake_export_typesupport_libraries-extras.cmake
[23.720s] -- Installing: /home/talon/ros2_ws/src/Sensor_drivers/ws_livox/install/livox_ros_driver2/share/livox_ros_driver2/cmake/livox_ros_driver2Config.cmake
[23.720s] -- Installing: /home/talon/ros2_ws/src/Sensor_drivers/ws_livox/install/livox_ros_driver2/share/livox_ros_driver2/cmake/livox_ros_driver2Config-version.cmake
[23.720s] -- Installing: /home/talon/ros2_ws/src/Sensor_drivers/ws_livox/install/livox_ros_driver2/share/livox_ros_driver2/package.xml
[23.721s] Invoked command in '/home/talon/ros2_ws/src/Sensor_drivers/ws_livox/build/livox_ros_driver2' returned '0': CMAKE_PREFIX_PATH=${CMAKE_PREFIX_PATH}:/home/talon/ros2_humble/install/rqt_bag_plugins:/home/talon/ros2_humble/install/rqt_bag:/home/talon/ros2_humble/install/launch_testing_examples:/home/talon/ros2_humble/install/ros2bag:/home/talon/ros2_humble/install/tracetools_test:/home/talon/ros2_humble/install/tracetools_launch:/home/talon/ros2_humble/install/topic_monitor:/home/talon/ros2_humble/install/tf2_tools:/home/talon/ros2_humble/install/examples_tf2_py:/home/talon/ros2_humble/install/tf2_ros_py:/home/talon/ros2_humble/install/sros2:/home/talon/ros2_humble/install/rqt_topic:/home/talon/ros2_humble/install/rqt_srv:/home/talon/ros2_humble/install/rqt_shell:/home/talon/ros2_humble/install/rqt_service_caller:/home/talon/ros2_humble/install/rqt_reconfigure:/home/talon/ros2_humble/install/rqt_py_console:/home/talon/ros2_humble/install/rqt_publisher:/home/talon/ros2_humble/install/rqt_plot:/home/talon/ros2_humble/install/rqt_action:/home/talon/ros2_humble/install/rqt_msg:/home/talon/ros2_humble/install/rqt_console:/home/talon/ros2_humble/install/rqt:/home/talon/ros2_humble/install/rqt_graph:/home/talon/ros2_humble/install/rqt_gui_py:/home/talon/ros2_humble/install/rqt_gui:/home/talon/ros2_humble/install/ros2trace:/home/talon/ros2_humble/install/ros2topic:/home/talon/ros2_humble/install/ros2test:/home/talon/ros2_humble/install/ros2component:/home/talon/ros2_humble/install/ros2param:/home/talon/ros2_humble/install/ros2lifecycle:/home/talon/ros2_humble/install/ros2service:/home/talon/ros2_humble/install/ros2run:/home/talon/ros2_humble/install/ros2launch:/home/talon/ros2_humble/install/ros2pkg:/home/talon/ros2_humble/install/ros2node:/home/talon/ros2_humble/install/ros2multicast:/home/talon/ros2_humble/install/ros2interface:/home/talon/ros2_humble/install/ros2doctor:/home/talon/ros2_humble/install/ros2action:/home/talon/ros2_humble/install/ros2cli:/home/talon/ros2_humble/install/quality_of_service_demo_py:/home/talon/ros2_humble/install/lifecycle_py:/home/talon/ros2_humble/install/launch_testing_ros:/home/talon/ros2_humble/install/launch_ros:/home/talon/ros2_humble/install/examples_rclpy_pointcloud_publisher:/home/talon/ros2_humble/install/examples_rclpy_minimal_subscriber:/home/talon/ros2_humble/install/examples_rclpy_minimal_service:/home/talon/ros2_humble/install/examples_rclpy_minimal_publisher:/home/talon/ros2_humble/install/examples_rclpy_minimal_client:/home/talon/ros2_humble/install/examples_rclpy_minimal_action_server:/home/talon/ros2_humble/install/examples_rclpy_minimal_action_client:/home/talon/ros2_humble/install/examples_rclpy_guard_conditions:/home/talon/ros2_humble/install/examples_rclpy_executors:/home/talon/ros2_humble/install/demo_nodes_py:/home/talon/ros2_humble/install/camera_info_manager_py:/home/talon/ros2_humble/install/action_tutorials_py:/home/talon/ros2_humble/install/ament_uncrustify:/home/talon/ros2_humble/install/tracetools_trace:/home/talon/ros2_humble/install/tracetools_read:/home/talon/ros2_humble/install/test_tracetools_launch:/home/talon/ros2_humble/install/test_launch_ros:/home/talon/ros2_humble/install/sensor_msgs_py:/home/talon/ros2_humble/install/rpyutils:/home/talon/ros2_humble/install/rosidl_runtime_py:/home/talon/ros2_humble/install/rosidl_cli:/home/talon/ros2_humble/install/launch_pytest:/home/talon/ros2_humble/install/launch_testing:/home/talon/ros2_humble/install/launch_yaml:/home/talon/ros2_humble/install/launch_xml:/home/talon/ros2_humble/install/launch:/home/talon/ros2_humble/install/osrf_pycommon:/home/talon/ros2_humble/install/domain_coordinator:/home/talon/ros2_humble/install/ament_xmllint:/home/talon/ros2_humble/install/ament_pyflakes:/home/talon/ros2_humble/install/ament_pycodestyle:/home/talon/ros2_humble/install/ament_pep257:/home/talon/ros2_humble/install/ament_pclint:/home/talon/ros2_humble/install/ament_package:/home/talon/ros2_humble/install/ament_mypy:/home/talon/ros2_humble/install/ament_lint_cmake:/home/talon/ros2_humble/install/ament_flake8:/home/talon/ros2_humble/install/ament_copyright:/home/talon/ros2_humble/install/ament_lint:/home/talon/ros2_humble/install/ament_index_python:/home/talon/ros2_humble/install/ament_cpplint:/home/talon/ros2_humble/install/ament_cppcheck:/home/talon/ros2_humble/install/ament_clang_tidy:/home/talon/ros2_humble/install/ament_clang_format:/opt/ros/humble /usr/bin/cmake --install /home/talon/ros2_ws/src/Sensor_drivers/ws_livox/build/livox_ros_driver2
