[0.131s] DEBUG:colcon:Command line arguments: ['/usr/bin/colcon', 'build', '--cmake-args', '-DROS_EDITION=ROS2', '-DHUMBLE_ROS=humble']
[0.131s] DEBUG:colcon:Parsed command line arguments: Namespace(log_base=None, log_level=None, verb_name='build', build_base='build', install_base='install', merge_install=False, symlink_install=False, test_result_base=None, continue_on_error=False, executor='parallel', parallel_workers=18, event_handlers=None, ignore_user_meta=False, metas=['./colcon.meta'], base_paths=['.'], packages_ignore=None, packages_ignore_regex=None, paths=None, packages_up_to=None, packages_up_to_regex=None, packages_above=None, packages_above_and_dependencies=None, packages_above_depth=None, packages_select_by_dep=None, packages_skip_by_dep=None, packages_skip_up_to=None, packages_select_build_failed=False, packages_skip_build_finished=False, packages_select_test_failures=False, packages_skip_test_passed=False, packages_select=None, packages_skip=None, packages_select_regex=None, packages_skip_regex=None, packages_start=None, packages_end=None, allow_overriding=[], cmake_args=['-DROS_EDITION=ROS2', '-DHUMBLE_ROS=humble'], cmake_target=None, cmake_target_skip_unavailable=False, cmake_clean_cache=False, cmake_clean_first=False, cmake_force_configure=False, ament_cmake_args=None, catkin_cmake_args=None, catkin_skip_building_tests=False, mixin_files=None, mixin=None, verb_parser=<colcon_mixin.mixin.mixin_argument.MixinArgumentDecorator object at 0x7be27c4891e0>, verb_extension=<colcon_core.verb.build.BuildVerb object at 0x7be27c5a60b0>, main=<bound method BuildVerb.main of <colcon_core.verb.build.BuildVerb object at 0x7be27c5a60b0>>, mixin_verb=('build',))
[0.275s] Level 1:colcon.colcon_core.package_discovery:discover_packages(colcon_meta) check parameters
[0.275s] Level 1:colcon.colcon_core.package_discovery:discover_packages(recursive) check parameters
[0.275s] Level 1:colcon.colcon_core.package_discovery:discover_packages(ignore) check parameters
[0.275s] Level 1:colcon.colcon_core.package_discovery:discover_packages(path) check parameters
[0.275s] Level 1:colcon.colcon_core.package_discovery:discover_packages(colcon_meta) discover
[0.275s] Level 1:colcon.colcon_core.package_discovery:discover_packages(recursive) discover
[0.276s] INFO:colcon.colcon_core.package_discovery:Crawling recursively for packages in '/home/talon/ros2_ws/src/Sensor_drivers/ws_livox'
[0.276s] Level 1:colcon.colcon_core.package_identification:_identify(.) by extensions ['ignore', 'ignore_ament_install']
[0.276s] Level 1:colcon.colcon_core.package_identification:_identify(.) by extension 'ignore'
[0.276s] Level 1:colcon.colcon_core.package_identification:_identify(.) by extension 'ignore_ament_install'
[0.276s] Level 1:colcon.colcon_core.package_identification:_identify(.) by extensions ['colcon_pkg']
[0.276s] Level 1:colcon.colcon_core.package_identification:_identify(.) by extension 'colcon_pkg'
[0.276s] Level 1:colcon.colcon_core.package_identification:_identify(.) by extensions ['colcon_meta']
[0.276s] Level 1:colcon.colcon_core.package_identification:_identify(.) by extension 'colcon_meta'
[0.276s] Level 1:colcon.colcon_core.package_identification:_identify(.) by extensions ['ros']
[0.276s] Level 1:colcon.colcon_core.package_identification:_identify(.) by extension 'ros'
[0.283s] Level 1:colcon.colcon_core.package_identification:_identify(.) by extensions ['cmake', 'python']
[0.283s] Level 1:colcon.colcon_core.package_identification:_identify(.) by extension 'cmake'
[0.283s] Level 1:colcon.colcon_core.package_identification:_identify(.) by extension 'python'
[0.283s] Level 1:colcon.colcon_core.package_identification:_identify(.) by extensions ['python_setup_py']
[0.283s] Level 1:colcon.colcon_core.package_identification:_identify(.) by extension 'python_setup_py'
[0.283s] Level 1:colcon.colcon_core.package_identification:_identify(build) by extensions ['ignore', 'ignore_ament_install']
[0.284s] Level 1:colcon.colcon_core.package_identification:_identify(build) by extension 'ignore'
[0.284s] Level 1:colcon.colcon_core.package_identification:_identify(build) ignored
[0.284s] Level 1:colcon.colcon_core.package_identification:_identify(install) by extensions ['ignore', 'ignore_ament_install']
[0.284s] Level 1:colcon.colcon_core.package_identification:_identify(install) by extension 'ignore'
[0.284s] Level 1:colcon.colcon_core.package_identification:_identify(install) ignored
[0.284s] Level 1:colcon.colcon_core.package_identification:_identify(log) by extensions ['ignore', 'ignore_ament_install']
[0.284s] Level 1:colcon.colcon_core.package_identification:_identify(log) by extension 'ignore'
[0.284s] Level 1:colcon.colcon_core.package_identification:_identify(log) ignored
[0.284s] Level 1:colcon.colcon_core.package_identification:_identify(src) by extensions ['ignore', 'ignore_ament_install']
[0.284s] Level 1:colcon.colcon_core.package_identification:_identify(src) by extension 'ignore'
[0.284s] Level 1:colcon.colcon_core.package_identification:_identify(src) by extension 'ignore_ament_install'
[0.284s] Level 1:colcon.colcon_core.package_identification:_identify(src) by extensions ['colcon_pkg']
[0.284s] Level 1:colcon.colcon_core.package_identification:_identify(src) by extension 'colcon_pkg'
[0.284s] Level 1:colcon.colcon_core.package_identification:_identify(src) by extensions ['colcon_meta']
[0.284s] Level 1:colcon.colcon_core.package_identification:_identify(src) by extension 'colcon_meta'
[0.284s] Level 1:colcon.colcon_core.package_identification:_identify(src) by extensions ['ros']
[0.284s] Level 1:colcon.colcon_core.package_identification:_identify(src) by extension 'ros'
[0.284s] Level 1:colcon.colcon_core.package_identification:_identify(src) by extensions ['cmake', 'python']
[0.284s] Level 1:colcon.colcon_core.package_identification:_identify(src) by extension 'cmake'
[0.284s] Level 1:colcon.colcon_core.package_identification:_identify(src) by extension 'python'
[0.284s] Level 1:colcon.colcon_core.package_identification:_identify(src) by extensions ['python_setup_py']
[0.284s] Level 1:colcon.colcon_core.package_identification:_identify(src) by extension 'python_setup_py'
[0.284s] Level 1:colcon.colcon_core.package_identification:_identify(src/Livox-SDK2) by extensions ['ignore', 'ignore_ament_install']
[0.284s] Level 1:colcon.colcon_core.package_identification:_identify(src/Livox-SDK2) by extension 'ignore'
[0.284s] Level 1:colcon.colcon_core.package_identification:_identify(src/Livox-SDK2) by extension 'ignore_ament_install'
[0.284s] Level 1:colcon.colcon_core.package_identification:_identify(src/Livox-SDK2) by extensions ['colcon_pkg']
[0.284s] Level 1:colcon.colcon_core.package_identification:_identify(src/Livox-SDK2) by extension 'colcon_pkg'
[0.284s] Level 1:colcon.colcon_core.package_identification:_identify(src/Livox-SDK2) by extensions ['colcon_meta']
[0.284s] Level 1:colcon.colcon_core.package_identification:_identify(src/Livox-SDK2) by extension 'colcon_meta'
[0.284s] Level 1:colcon.colcon_core.package_identification:_identify(src/Livox-SDK2) by extensions ['ros']
[0.284s] Level 1:colcon.colcon_core.package_identification:_identify(src/Livox-SDK2) by extension 'ros'
[0.285s] Level 1:colcon.colcon_core.package_identification:_identify(src/Livox-SDK2) by extensions ['cmake', 'python']
[0.285s] Level 1:colcon.colcon_core.package_identification:_identify(src/Livox-SDK2) by extension 'cmake'
[0.290s] Level 1:colcon.colcon_core.package_identification:_identify(src/Livox-SDK2) by extension 'python'
[0.290s] DEBUG:colcon.colcon_core.package_identification:Package 'src/Livox-SDK2' with type 'cmake' and name 'livox_sdk2'
[0.290s] Level 1:colcon.colcon_core.package_identification:_identify(src/livox_ros_driver2) by extensions ['ignore', 'ignore_ament_install']
[0.290s] Level 1:colcon.colcon_core.package_identification:_identify(src/livox_ros_driver2) by extension 'ignore'
[0.290s] Level 1:colcon.colcon_core.package_identification:_identify(src/livox_ros_driver2) by extension 'ignore_ament_install'
[0.290s] Level 1:colcon.colcon_core.package_identification:_identify(src/livox_ros_driver2) by extensions ['colcon_pkg']
[0.290s] Level 1:colcon.colcon_core.package_identification:_identify(src/livox_ros_driver2) by extension 'colcon_pkg'
[0.291s] Level 1:colcon.colcon_core.package_identification:_identify(src/livox_ros_driver2) by extensions ['colcon_meta']
[0.291s] Level 1:colcon.colcon_core.package_identification:_identify(src/livox_ros_driver2) by extension 'colcon_meta'
[0.291s] Level 1:colcon.colcon_core.package_identification:_identify(src/livox_ros_driver2) by extensions ['ros']
[0.291s] Level 1:colcon.colcon_core.package_identification:_identify(src/livox_ros_driver2) by extension 'ros'
[0.292s] DEBUG:colcon.colcon_core.package_identification:Package 'src/livox_ros_driver2' with type 'ros.ament_cmake' and name 'livox_ros_driver2'
[0.292s] Level 1:colcon.colcon_core.package_discovery:discover_packages(recursive) using defaults
[0.292s] Level 1:colcon.colcon_core.package_discovery:discover_packages(ignore) discover
[0.292s] Level 1:colcon.colcon_core.package_discovery:discover_packages(ignore) using defaults
[0.292s] Level 1:colcon.colcon_core.package_discovery:discover_packages(path) discover
[0.292s] Level 1:colcon.colcon_core.package_discovery:discover_packages(path) using defaults
[0.317s] Level 1:colcon.colcon_core.package_discovery:discover_packages(prefix_path) check parameters
[0.317s] Level 1:colcon.colcon_core.package_discovery:discover_packages(prefix_path) discover
[0.318s] WARNING:colcon.colcon_ros.prefix_path.ament:The path '/home/talon/ros2_ws/src/Sensor_drivers/ws_livox/install/livox_ros_driver2' in the environment variable AMENT_PREFIX_PATH doesn't exist
[0.321s] WARNING:colcon.colcon_ros.prefix_path.catkin:The path '/home/talon/ros2_ws/src/Sensor_drivers/ws_livox/install/livox_ros_driver2' in the environment variable CMAKE_PREFIX_PATH doesn't exist
[0.322s] DEBUG:colcon.colcon_installed_package_information.package_discovery:Found 0 installed packages in /home/talon/ros2_ws/src/Sensor_drivers/ws_livox/install
[0.327s] DEBUG:colcon.colcon_installed_package_information.package_discovery:Found 346 installed packages in /home/talon/ros2_humble/install
[0.328s] DEBUG:colcon.colcon_installed_package_information.package_discovery:Found 140 installed packages in /opt/ros/humble
[0.331s] Level 1:colcon.colcon_core.package_discovery:discover_packages(prefix_path) using defaults
[0.352s] Level 5:colcon.colcon_core.verb:set package 'livox_ros_driver2' build argument 'cmake_args' from command line to '['-DROS_EDITION=ROS2', '-DHUMBLE_ROS=humble']'
[0.352s] Level 5:colcon.colcon_core.verb:set package 'livox_ros_driver2' build argument 'cmake_target' from command line to 'None'
[0.352s] Level 5:colcon.colcon_core.verb:set package 'livox_ros_driver2' build argument 'cmake_target_skip_unavailable' from command line to 'False'
[0.352s] Level 5:colcon.colcon_core.verb:set package 'livox_ros_driver2' build argument 'cmake_clean_cache' from command line to 'False'
[0.352s] Level 5:colcon.colcon_core.verb:set package 'livox_ros_driver2' build argument 'cmake_clean_first' from command line to 'False'
[0.352s] Level 5:colcon.colcon_core.verb:set package 'livox_ros_driver2' build argument 'cmake_force_configure' from command line to 'False'
[0.352s] Level 5:colcon.colcon_core.verb:set package 'livox_ros_driver2' build argument 'ament_cmake_args' from command line to 'None'
[0.352s] Level 5:colcon.colcon_core.verb:set package 'livox_ros_driver2' build argument 'catkin_cmake_args' from command line to 'None'
[0.352s] Level 5:colcon.colcon_core.verb:set package 'livox_ros_driver2' build argument 'catkin_skip_building_tests' from command line to 'False'
[0.352s] DEBUG:colcon.colcon_core.verb:Building package 'livox_ros_driver2' with the following arguments: {'ament_cmake_args': None, 'build_base': '/home/talon/ros2_ws/src/Sensor_drivers/ws_livox/build/livox_ros_driver2', 'catkin_cmake_args': None, 'catkin_skip_building_tests': False, 'cmake_args': ['-DROS_EDITION=ROS2', '-DHUMBLE_ROS=humble'], 'cmake_clean_cache': False, 'cmake_clean_first': False, 'cmake_force_configure': False, 'cmake_target': None, 'cmake_target_skip_unavailable': False, 'install_base': '/home/talon/ros2_ws/src/Sensor_drivers/ws_livox/install/livox_ros_driver2', 'merge_install': False, 'path': '/home/talon/ros2_ws/src/Sensor_drivers/ws_livox/src/livox_ros_driver2', 'symlink_install': False, 'test_result_base': None}
[0.352s] Level 5:colcon.colcon_core.verb:set package 'livox_sdk2' build argument 'cmake_args' from command line to '['-DROS_EDITION=ROS2', '-DHUMBLE_ROS=humble']'
[0.352s] Level 5:colcon.colcon_core.verb:set package 'livox_sdk2' build argument 'cmake_target' from command line to 'None'
[0.352s] Level 5:colcon.colcon_core.verb:set package 'livox_sdk2' build argument 'cmake_target_skip_unavailable' from command line to 'False'
[0.352s] Level 5:colcon.colcon_core.verb:set package 'livox_sdk2' build argument 'cmake_clean_cache' from command line to 'False'
[0.352s] Level 5:colcon.colcon_core.verb:set package 'livox_sdk2' build argument 'cmake_clean_first' from command line to 'False'
[0.352s] Level 5:colcon.colcon_core.verb:set package 'livox_sdk2' build argument 'cmake_force_configure' from command line to 'False'
[0.352s] Level 5:colcon.colcon_core.verb:set package 'livox_sdk2' build argument 'ament_cmake_args' from command line to 'None'
[0.352s] Level 5:colcon.colcon_core.verb:set package 'livox_sdk2' build argument 'catkin_cmake_args' from command line to 'None'
[0.352s] Level 5:colcon.colcon_core.verb:set package 'livox_sdk2' build argument 'catkin_skip_building_tests' from command line to 'False'
[0.352s] DEBUG:colcon.colcon_core.verb:Building package 'livox_sdk2' with the following arguments: {'ament_cmake_args': None, 'build_base': '/home/talon/ros2_ws/src/Sensor_drivers/ws_livox/build/livox_sdk2', 'catkin_cmake_args': None, 'catkin_skip_building_tests': False, 'cmake_args': ['-DROS_EDITION=ROS2', '-DHUMBLE_ROS=humble'], 'cmake_clean_cache': False, 'cmake_clean_first': False, 'cmake_force_configure': False, 'cmake_target': None, 'cmake_target_skip_unavailable': False, 'install_base': '/home/talon/ros2_ws/src/Sensor_drivers/ws_livox/install/livox_sdk2', 'merge_install': False, 'path': '/home/talon/ros2_ws/src/Sensor_drivers/ws_livox/src/Livox-SDK2', 'symlink_install': False, 'test_result_base': None}
[0.353s] INFO:colcon.colcon_core.executor:Executing jobs using 'parallel' executor
[0.353s] DEBUG:colcon.colcon_parallel_executor.executor.parallel:run_until_complete
[0.354s] INFO:colcon.colcon_ros.task.ament_cmake.build:Building ROS package in '/home/talon/ros2_ws/src/Sensor_drivers/ws_livox/src/livox_ros_driver2' with build type 'ament_cmake'
[0.354s] INFO:colcon.colcon_cmake.task.cmake.build:Building CMake package in '/home/talon/ros2_ws/src/Sensor_drivers/ws_livox/src/livox_ros_driver2'
[0.357s] INFO:colcon.colcon_core.plugin_system:Skipping extension 'colcon_core.shell.bat': Not used on non-Windows systems
[0.357s] INFO:colcon.colcon_core.shell:Skip shell extension 'powershell' for command environment: Not usable outside of PowerShell
[0.357s] DEBUG:colcon.colcon_core.shell:Skip shell extension 'dsv' for command environment
[0.367s] INFO:colcon.colcon_cmake.task.cmake.build:Building CMake package in '/home/talon/ros2_ws/src/Sensor_drivers/ws_livox/src/Livox-SDK2'
[0.368s] INFO:colcon.colcon_core.shell:Skip shell extension 'powershell' for command environment: Not usable outside of PowerShell
[0.368s] DEBUG:colcon.colcon_core.shell:Skip shell extension 'dsv' for command environment
[0.385s] DEBUG:colcon.colcon_core.event_handler.log_command:Invoking command in '/home/talon/ros2_ws/src/Sensor_drivers/ws_livox/build/livox_ros_driver2': CMAKE_PREFIX_PATH=${CMAKE_PREFIX_PATH}:/home/talon/ros2_humble/install/rqt_bag_plugins:/home/talon/ros2_humble/install/rqt_bag:/home/talon/ros2_humble/install/launch_testing_examples:/home/talon/ros2_humble/install/ros2bag:/home/talon/ros2_humble/install/tracetools_test:/home/talon/ros2_humble/install/tracetools_launch:/home/talon/ros2_humble/install/topic_monitor:/home/talon/ros2_humble/install/tf2_tools:/home/talon/ros2_humble/install/examples_tf2_py:/home/talon/ros2_humble/install/tf2_ros_py:/home/talon/ros2_humble/install/sros2:/home/talon/ros2_humble/install/rqt_topic:/home/talon/ros2_humble/install/rqt_srv:/home/talon/ros2_humble/install/rqt_shell:/home/talon/ros2_humble/install/rqt_service_caller:/home/talon/ros2_humble/install/rqt_reconfigure:/home/talon/ros2_humble/install/rqt_py_console:/home/talon/ros2_humble/install/rqt_publisher:/home/talon/ros2_humble/install/rqt_plot:/home/talon/ros2_humble/install/rqt_action:/home/talon/ros2_humble/install/rqt_msg:/home/talon/ros2_humble/install/rqt_console:/home/talon/ros2_humble/install/rqt:/home/talon/ros2_humble/install/rqt_graph:/home/talon/ros2_humble/install/rqt_gui_py:/home/talon/ros2_humble/install/rqt_gui:/home/talon/ros2_humble/install/ros2trace:/home/talon/ros2_humble/install/ros2topic:/home/talon/ros2_humble/install/ros2test:/home/talon/ros2_humble/install/ros2component:/home/talon/ros2_humble/install/ros2param:/home/talon/ros2_humble/install/ros2lifecycle:/home/talon/ros2_humble/install/ros2service:/home/talon/ros2_humble/install/ros2run:/home/talon/ros2_humble/install/ros2launch:/home/talon/ros2_humble/install/ros2pkg:/home/talon/ros2_humble/install/ros2node:/home/talon/ros2_humble/install/ros2multicast:/home/talon/ros2_humble/install/ros2interface:/home/talon/ros2_humble/install/ros2doctor:/home/talon/ros2_humble/install/ros2action:/home/talon/ros2_humble/install/ros2cli:/home/talon/ros2_humble/install/quality_of_service_demo_py:/home/talon/ros2_humble/install/lifecycle_py:/home/talon/ros2_humble/install/launch_testing_ros:/home/talon/ros2_humble/install/launch_ros:/home/talon/ros2_humble/install/examples_rclpy_pointcloud_publisher:/home/talon/ros2_humble/install/examples_rclpy_minimal_subscriber:/home/talon/ros2_humble/install/examples_rclpy_minimal_service:/home/talon/ros2_humble/install/examples_rclpy_minimal_publisher:/home/talon/ros2_humble/install/examples_rclpy_minimal_client:/home/talon/ros2_humble/install/examples_rclpy_minimal_action_server:/home/talon/ros2_humble/install/examples_rclpy_minimal_action_client:/home/talon/ros2_humble/install/examples_rclpy_guard_conditions:/home/talon/ros2_humble/install/examples_rclpy_executors:/home/talon/ros2_humble/install/demo_nodes_py:/home/talon/ros2_humble/install/camera_info_manager_py:/home/talon/ros2_humble/install/action_tutorials_py:/home/talon/ros2_humble/install/ament_uncrustify:/home/talon/ros2_humble/install/tracetools_trace:/home/talon/ros2_humble/install/tracetools_read:/home/talon/ros2_humble/install/test_tracetools_launch:/home/talon/ros2_humble/install/test_launch_ros:/home/talon/ros2_humble/install/sensor_msgs_py:/home/talon/ros2_humble/install/rpyutils:/home/talon/ros2_humble/install/rosidl_runtime_py:/home/talon/ros2_humble/install/rosidl_cli:/home/talon/ros2_humble/install/launch_pytest:/home/talon/ros2_humble/install/launch_testing:/home/talon/ros2_humble/install/launch_yaml:/home/talon/ros2_humble/install/launch_xml:/home/talon/ros2_humble/install/launch:/home/talon/ros2_humble/install/osrf_pycommon:/home/talon/ros2_humble/install/domain_coordinator:/home/talon/ros2_humble/install/ament_xmllint:/home/talon/ros2_humble/install/ament_pyflakes:/home/talon/ros2_humble/install/ament_pycodestyle:/home/talon/ros2_humble/install/ament_pep257:/home/talon/ros2_humble/install/ament_pclint:/home/talon/ros2_humble/install/ament_package:/home/talon/ros2_humble/install/ament_mypy:/home/talon/ros2_humble/install/ament_lint_cmake:/home/talon/ros2_humble/install/ament_flake8:/home/talon/ros2_humble/install/ament_copyright:/home/talon/ros2_humble/install/ament_lint:/home/talon/ros2_humble/install/ament_index_python:/home/talon/ros2_humble/install/ament_cpplint:/home/talon/ros2_humble/install/ament_cppcheck:/home/talon/ros2_humble/install/ament_clang_tidy:/home/talon/ros2_humble/install/ament_clang_format:/opt/ros/humble /usr/bin/cmake /home/talon/ros2_ws/src/Sensor_drivers/ws_livox/src/livox_ros_driver2 -DROS_EDITION=ROS2 -DHUMBLE_ROS=humble -DCMAKE_INSTALL_PREFIX=/home/talon/ros2_ws/src/Sensor_drivers/ws_livox/install/livox_ros_driver2
[0.387s] DEBUG:colcon.colcon_core.event_handler.log_command:Invoking command in '/home/talon/ros2_ws/src/Sensor_drivers/ws_livox/build/livox_sdk2': /usr/bin/cmake /home/talon/ros2_ws/src/Sensor_drivers/ws_livox/src/Livox-SDK2 -DROS_EDITION=ROS2 -DHUMBLE_ROS=humble -DCMAKE_INSTALL_PREFIX=/home/talon/ros2_ws/src/Sensor_drivers/ws_livox/install/livox_sdk2
[0.751s] DEBUG:colcon.colcon_core.event_handler.log_command:Invoked command in '/home/talon/ros2_ws/src/Sensor_drivers/ws_livox/build/livox_sdk2' returned '0': /usr/bin/cmake /home/talon/ros2_ws/src/Sensor_drivers/ws_livox/src/Livox-SDK2 -DROS_EDITION=ROS2 -DHUMBLE_ROS=humble -DCMAKE_INSTALL_PREFIX=/home/talon/ros2_ws/src/Sensor_drivers/ws_livox/install/livox_sdk2
[0.752s] DEBUG:colcon.colcon_core.event_handler.log_command:Invoking command in '/home/talon/ros2_ws/src/Sensor_drivers/ws_livox/build/livox_sdk2': /usr/bin/cmake --build /home/talon/ros2_ws/src/Sensor_drivers/ws_livox/build/livox_sdk2 -- -j18 -l18
[12.129s] DEBUG:colcon.colcon_core.event_handler.log_command:Invoked command in '/home/talon/ros2_ws/src/Sensor_drivers/ws_livox/build/livox_sdk2' returned '0': /usr/bin/cmake --build /home/talon/ros2_ws/src/Sensor_drivers/ws_livox/build/livox_sdk2 -- -j18 -l18
[12.140s] DEBUG:colcon.colcon_core.event_handler.log_command:Invoking command in '/home/talon/ros2_ws/src/Sensor_drivers/ws_livox/build/livox_sdk2': /usr/bin/cmake --install /home/talon/ros2_ws/src/Sensor_drivers/ws_livox/build/livox_sdk2
[12.168s] Level 1:colcon.colcon_core.environment:create_environment_scripts_only(livox_sdk2)
[12.168s] DEBUG:colcon.colcon_core.event_handler.log_command:Invoked command in '/home/talon/ros2_ws/src/Sensor_drivers/ws_livox/build/livox_sdk2' returned '0': /usr/bin/cmake --install /home/talon/ros2_ws/src/Sensor_drivers/ws_livox/build/livox_sdk2
[12.172s] Level 1:colcon.colcon_core.environment:checking '/home/talon/ros2_ws/src/Sensor_drivers/ws_livox/install/livox_sdk2' for CMake module files
[12.172s] Level 1:colcon.colcon_core.environment:checking '/home/talon/ros2_ws/src/Sensor_drivers/ws_livox/install/livox_sdk2' for CMake config files
[12.172s] Level 1:colcon.colcon_core.environment:checking '/home/talon/ros2_ws/src/Sensor_drivers/ws_livox/install/livox_sdk2/lib'
[12.172s] Level 1:colcon.colcon_core.shell:create_environment_hook('livox_sdk2', 'ld_library_path_lib')
[12.172s] INFO:colcon.colcon_core.shell:Creating environment hook '/home/talon/ros2_ws/src/Sensor_drivers/ws_livox/install/livox_sdk2/share/livox_sdk2/hook/ld_library_path_lib.ps1'
[12.173s] INFO:colcon.colcon_core.shell:Creating environment descriptor '/home/talon/ros2_ws/src/Sensor_drivers/ws_livox/install/livox_sdk2/share/livox_sdk2/hook/ld_library_path_lib.dsv'
[12.173s] INFO:colcon.colcon_core.shell:Creating environment hook '/home/talon/ros2_ws/src/Sensor_drivers/ws_livox/install/livox_sdk2/share/livox_sdk2/hook/ld_library_path_lib.sh'
[12.173s] Level 1:colcon.colcon_core.environment:checking '/home/talon/ros2_ws/src/Sensor_drivers/ws_livox/install/livox_sdk2/bin'
[12.173s] Level 1:colcon.colcon_core.environment:checking '/home/talon/ros2_ws/src/Sensor_drivers/ws_livox/install/livox_sdk2/lib/pkgconfig/livox_sdk2.pc'
[12.174s] Level 1:colcon.colcon_core.environment:checking '/home/talon/ros2_ws/src/Sensor_drivers/ws_livox/install/livox_sdk2/lib/python3.10/site-packages'
[12.174s] Level 1:colcon.colcon_core.environment:checking '/home/talon/ros2_ws/src/Sensor_drivers/ws_livox/install/livox_sdk2/bin'
[12.174s] INFO:colcon.colcon_core.shell:Creating package script '/home/talon/ros2_ws/src/Sensor_drivers/ws_livox/install/livox_sdk2/share/livox_sdk2/package.ps1'
[12.174s] INFO:colcon.colcon_core.shell:Creating package descriptor '/home/talon/ros2_ws/src/Sensor_drivers/ws_livox/install/livox_sdk2/share/livox_sdk2/package.dsv'
[12.175s] INFO:colcon.colcon_core.shell:Creating package script '/home/talon/ros2_ws/src/Sensor_drivers/ws_livox/install/livox_sdk2/share/livox_sdk2/package.sh'
[12.175s] INFO:colcon.colcon_core.shell:Creating package script '/home/talon/ros2_ws/src/Sensor_drivers/ws_livox/install/livox_sdk2/share/livox_sdk2/package.bash'
[12.175s] INFO:colcon.colcon_core.shell:Creating package script '/home/talon/ros2_ws/src/Sensor_drivers/ws_livox/install/livox_sdk2/share/livox_sdk2/package.zsh'
[12.176s] Level 1:colcon.colcon_core.environment:create_file_with_runtime_dependencies(/home/talon/ros2_ws/src/Sensor_drivers/ws_livox/install/livox_sdk2/share/colcon-core/packages/livox_sdk2)
[13.792s] DEBUG:colcon.colcon_core.event_handler.log_command:Invoked command in '/home/talon/ros2_ws/src/Sensor_drivers/ws_livox/build/livox_ros_driver2' returned '0': CMAKE_PREFIX_PATH=${CMAKE_PREFIX_PATH}:/home/talon/ros2_humble/install/rqt_bag_plugins:/home/talon/ros2_humble/install/rqt_bag:/home/talon/ros2_humble/install/launch_testing_examples:/home/talon/ros2_humble/install/ros2bag:/home/talon/ros2_humble/install/tracetools_test:/home/talon/ros2_humble/install/tracetools_launch:/home/talon/ros2_humble/install/topic_monitor:/home/talon/ros2_humble/install/tf2_tools:/home/talon/ros2_humble/install/examples_tf2_py:/home/talon/ros2_humble/install/tf2_ros_py:/home/talon/ros2_humble/install/sros2:/home/talon/ros2_humble/install/rqt_topic:/home/talon/ros2_humble/install/rqt_srv:/home/talon/ros2_humble/install/rqt_shell:/home/talon/ros2_humble/install/rqt_service_caller:/home/talon/ros2_humble/install/rqt_reconfigure:/home/talon/ros2_humble/install/rqt_py_console:/home/talon/ros2_humble/install/rqt_publisher:/home/talon/ros2_humble/install/rqt_plot:/home/talon/ros2_humble/install/rqt_action:/home/talon/ros2_humble/install/rqt_msg:/home/talon/ros2_humble/install/rqt_console:/home/talon/ros2_humble/install/rqt:/home/talon/ros2_humble/install/rqt_graph:/home/talon/ros2_humble/install/rqt_gui_py:/home/talon/ros2_humble/install/rqt_gui:/home/talon/ros2_humble/install/ros2trace:/home/talon/ros2_humble/install/ros2topic:/home/talon/ros2_humble/install/ros2test:/home/talon/ros2_humble/install/ros2component:/home/talon/ros2_humble/install/ros2param:/home/talon/ros2_humble/install/ros2lifecycle:/home/talon/ros2_humble/install/ros2service:/home/talon/ros2_humble/install/ros2run:/home/talon/ros2_humble/install/ros2launch:/home/talon/ros2_humble/install/ros2pkg:/home/talon/ros2_humble/install/ros2node:/home/talon/ros2_humble/install/ros2multicast:/home/talon/ros2_humble/install/ros2interface:/home/talon/ros2_humble/install/ros2doctor:/home/talon/ros2_humble/install/ros2action:/home/talon/ros2_humble/install/ros2cli:/home/talon/ros2_humble/install/quality_of_service_demo_py:/home/talon/ros2_humble/install/lifecycle_py:/home/talon/ros2_humble/install/launch_testing_ros:/home/talon/ros2_humble/install/launch_ros:/home/talon/ros2_humble/install/examples_rclpy_pointcloud_publisher:/home/talon/ros2_humble/install/examples_rclpy_minimal_subscriber:/home/talon/ros2_humble/install/examples_rclpy_minimal_service:/home/talon/ros2_humble/install/examples_rclpy_minimal_publisher:/home/talon/ros2_humble/install/examples_rclpy_minimal_client:/home/talon/ros2_humble/install/examples_rclpy_minimal_action_server:/home/talon/ros2_humble/install/examples_rclpy_minimal_action_client:/home/talon/ros2_humble/install/examples_rclpy_guard_conditions:/home/talon/ros2_humble/install/examples_rclpy_executors:/home/talon/ros2_humble/install/demo_nodes_py:/home/talon/ros2_humble/install/camera_info_manager_py:/home/talon/ros2_humble/install/action_tutorials_py:/home/talon/ros2_humble/install/ament_uncrustify:/home/talon/ros2_humble/install/tracetools_trace:/home/talon/ros2_humble/install/tracetools_read:/home/talon/ros2_humble/install/test_tracetools_launch:/home/talon/ros2_humble/install/test_launch_ros:/home/talon/ros2_humble/install/sensor_msgs_py:/home/talon/ros2_humble/install/rpyutils:/home/talon/ros2_humble/install/rosidl_runtime_py:/home/talon/ros2_humble/install/rosidl_cli:/home/talon/ros2_humble/install/launch_pytest:/home/talon/ros2_humble/install/launch_testing:/home/talon/ros2_humble/install/launch_yaml:/home/talon/ros2_humble/install/launch_xml:/home/talon/ros2_humble/install/launch:/home/talon/ros2_humble/install/osrf_pycommon:/home/talon/ros2_humble/install/domain_coordinator:/home/talon/ros2_humble/install/ament_xmllint:/home/talon/ros2_humble/install/ament_pyflakes:/home/talon/ros2_humble/install/ament_pycodestyle:/home/talon/ros2_humble/install/ament_pep257:/home/talon/ros2_humble/install/ament_pclint:/home/talon/ros2_humble/install/ament_package:/home/talon/ros2_humble/install/ament_mypy:/home/talon/ros2_humble/install/ament_lint_cmake:/home/talon/ros2_humble/install/ament_flake8:/home/talon/ros2_humble/install/ament_copyright:/home/talon/ros2_humble/install/ament_lint:/home/talon/ros2_humble/install/ament_index_python:/home/talon/ros2_humble/install/ament_cpplint:/home/talon/ros2_humble/install/ament_cppcheck:/home/talon/ros2_humble/install/ament_clang_tidy:/home/talon/ros2_humble/install/ament_clang_format:/opt/ros/humble /usr/bin/cmake /home/talon/ros2_ws/src/Sensor_drivers/ws_livox/src/livox_ros_driver2 -DROS_EDITION=ROS2 -DHUMBLE_ROS=humble -DCMAKE_INSTALL_PREFIX=/home/talon/ros2_ws/src/Sensor_drivers/ws_livox/install/livox_ros_driver2
[13.793s] DEBUG:colcon.colcon_core.event_handler.log_command:Invoking command in '/home/talon/ros2_ws/src/Sensor_drivers/ws_livox/build/livox_ros_driver2': CMAKE_PREFIX_PATH=${CMAKE_PREFIX_PATH}:/home/talon/ros2_humble/install/rqt_bag_plugins:/home/talon/ros2_humble/install/rqt_bag:/home/talon/ros2_humble/install/launch_testing_examples:/home/talon/ros2_humble/install/ros2bag:/home/talon/ros2_humble/install/tracetools_test:/home/talon/ros2_humble/install/tracetools_launch:/home/talon/ros2_humble/install/topic_monitor:/home/talon/ros2_humble/install/tf2_tools:/home/talon/ros2_humble/install/examples_tf2_py:/home/talon/ros2_humble/install/tf2_ros_py:/home/talon/ros2_humble/install/sros2:/home/talon/ros2_humble/install/rqt_topic:/home/talon/ros2_humble/install/rqt_srv:/home/talon/ros2_humble/install/rqt_shell:/home/talon/ros2_humble/install/rqt_service_caller:/home/talon/ros2_humble/install/rqt_reconfigure:/home/talon/ros2_humble/install/rqt_py_console:/home/talon/ros2_humble/install/rqt_publisher:/home/talon/ros2_humble/install/rqt_plot:/home/talon/ros2_humble/install/rqt_action:/home/talon/ros2_humble/install/rqt_msg:/home/talon/ros2_humble/install/rqt_console:/home/talon/ros2_humble/install/rqt:/home/talon/ros2_humble/install/rqt_graph:/home/talon/ros2_humble/install/rqt_gui_py:/home/talon/ros2_humble/install/rqt_gui:/home/talon/ros2_humble/install/ros2trace:/home/talon/ros2_humble/install/ros2topic:/home/talon/ros2_humble/install/ros2test:/home/talon/ros2_humble/install/ros2component:/home/talon/ros2_humble/install/ros2param:/home/talon/ros2_humble/install/ros2lifecycle:/home/talon/ros2_humble/install/ros2service:/home/talon/ros2_humble/install/ros2run:/home/talon/ros2_humble/install/ros2launch:/home/talon/ros2_humble/install/ros2pkg:/home/talon/ros2_humble/install/ros2node:/home/talon/ros2_humble/install/ros2multicast:/home/talon/ros2_humble/install/ros2interface:/home/talon/ros2_humble/install/ros2doctor:/home/talon/ros2_humble/install/ros2action:/home/talon/ros2_humble/install/ros2cli:/home/talon/ros2_humble/install/quality_of_service_demo_py:/home/talon/ros2_humble/install/lifecycle_py:/home/talon/ros2_humble/install/launch_testing_ros:/home/talon/ros2_humble/install/launch_ros:/home/talon/ros2_humble/install/examples_rclpy_pointcloud_publisher:/home/talon/ros2_humble/install/examples_rclpy_minimal_subscriber:/home/talon/ros2_humble/install/examples_rclpy_minimal_service:/home/talon/ros2_humble/install/examples_rclpy_minimal_publisher:/home/talon/ros2_humble/install/examples_rclpy_minimal_client:/home/talon/ros2_humble/install/examples_rclpy_minimal_action_server:/home/talon/ros2_humble/install/examples_rclpy_minimal_action_client:/home/talon/ros2_humble/install/examples_rclpy_guard_conditions:/home/talon/ros2_humble/install/examples_rclpy_executors:/home/talon/ros2_humble/install/demo_nodes_py:/home/talon/ros2_humble/install/camera_info_manager_py:/home/talon/ros2_humble/install/action_tutorials_py:/home/talon/ros2_humble/install/ament_uncrustify:/home/talon/ros2_humble/install/tracetools_trace:/home/talon/ros2_humble/install/tracetools_read:/home/talon/ros2_humble/install/test_tracetools_launch:/home/talon/ros2_humble/install/test_launch_ros:/home/talon/ros2_humble/install/sensor_msgs_py:/home/talon/ros2_humble/install/rpyutils:/home/talon/ros2_humble/install/rosidl_runtime_py:/home/talon/ros2_humble/install/rosidl_cli:/home/talon/ros2_humble/install/launch_pytest:/home/talon/ros2_humble/install/launch_testing:/home/talon/ros2_humble/install/launch_yaml:/home/talon/ros2_humble/install/launch_xml:/home/talon/ros2_humble/install/launch:/home/talon/ros2_humble/install/osrf_pycommon:/home/talon/ros2_humble/install/domain_coordinator:/home/talon/ros2_humble/install/ament_xmllint:/home/talon/ros2_humble/install/ament_pyflakes:/home/talon/ros2_humble/install/ament_pycodestyle:/home/talon/ros2_humble/install/ament_pep257:/home/talon/ros2_humble/install/ament_pclint:/home/talon/ros2_humble/install/ament_package:/home/talon/ros2_humble/install/ament_mypy:/home/talon/ros2_humble/install/ament_lint_cmake:/home/talon/ros2_humble/install/ament_flake8:/home/talon/ros2_humble/install/ament_copyright:/home/talon/ros2_humble/install/ament_lint:/home/talon/ros2_humble/install/ament_index_python:/home/talon/ros2_humble/install/ament_cpplint:/home/talon/ros2_humble/install/ament_cppcheck:/home/talon/ros2_humble/install/ament_clang_tidy:/home/talon/ros2_humble/install/ament_clang_format:/opt/ros/humble /usr/bin/cmake --build /home/talon/ros2_ws/src/Sensor_drivers/ws_livox/build/livox_ros_driver2 -- -j18 -l18
[21.775s] DEBUG:colcon.colcon_core.event_handler.log_command:Invoked command in '/home/talon/ros2_ws/src/Sensor_drivers/ws_livox/build/livox_ros_driver2' returned '0': CMAKE_PREFIX_PATH=${CMAKE_PREFIX_PATH}:/home/talon/ros2_humble/install/rqt_bag_plugins:/home/talon/ros2_humble/install/rqt_bag:/home/talon/ros2_humble/install/launch_testing_examples:/home/talon/ros2_humble/install/ros2bag:/home/talon/ros2_humble/install/tracetools_test:/home/talon/ros2_humble/install/tracetools_launch:/home/talon/ros2_humble/install/topic_monitor:/home/talon/ros2_humble/install/tf2_tools:/home/talon/ros2_humble/install/examples_tf2_py:/home/talon/ros2_humble/install/tf2_ros_py:/home/talon/ros2_humble/install/sros2:/home/talon/ros2_humble/install/rqt_topic:/home/talon/ros2_humble/install/rqt_srv:/home/talon/ros2_humble/install/rqt_shell:/home/talon/ros2_humble/install/rqt_service_caller:/home/talon/ros2_humble/install/rqt_reconfigure:/home/talon/ros2_humble/install/rqt_py_console:/home/talon/ros2_humble/install/rqt_publisher:/home/talon/ros2_humble/install/rqt_plot:/home/talon/ros2_humble/install/rqt_action:/home/talon/ros2_humble/install/rqt_msg:/home/talon/ros2_humble/install/rqt_console:/home/talon/ros2_humble/install/rqt:/home/talon/ros2_humble/install/rqt_graph:/home/talon/ros2_humble/install/rqt_gui_py:/home/talon/ros2_humble/install/rqt_gui:/home/talon/ros2_humble/install/ros2trace:/home/talon/ros2_humble/install/ros2topic:/home/talon/ros2_humble/install/ros2test:/home/talon/ros2_humble/install/ros2component:/home/talon/ros2_humble/install/ros2param:/home/talon/ros2_humble/install/ros2lifecycle:/home/talon/ros2_humble/install/ros2service:/home/talon/ros2_humble/install/ros2run:/home/talon/ros2_humble/install/ros2launch:/home/talon/ros2_humble/install/ros2pkg:/home/talon/ros2_humble/install/ros2node:/home/talon/ros2_humble/install/ros2multicast:/home/talon/ros2_humble/install/ros2interface:/home/talon/ros2_humble/install/ros2doctor:/home/talon/ros2_humble/install/ros2action:/home/talon/ros2_humble/install/ros2cli:/home/talon/ros2_humble/install/quality_of_service_demo_py:/home/talon/ros2_humble/install/lifecycle_py:/home/talon/ros2_humble/install/launch_testing_ros:/home/talon/ros2_humble/install/launch_ros:/home/talon/ros2_humble/install/examples_rclpy_pointcloud_publisher:/home/talon/ros2_humble/install/examples_rclpy_minimal_subscriber:/home/talon/ros2_humble/install/examples_rclpy_minimal_service:/home/talon/ros2_humble/install/examples_rclpy_minimal_publisher:/home/talon/ros2_humble/install/examples_rclpy_minimal_client:/home/talon/ros2_humble/install/examples_rclpy_minimal_action_server:/home/talon/ros2_humble/install/examples_rclpy_minimal_action_client:/home/talon/ros2_humble/install/examples_rclpy_guard_conditions:/home/talon/ros2_humble/install/examples_rclpy_executors:/home/talon/ros2_humble/install/demo_nodes_py:/home/talon/ros2_humble/install/camera_info_manager_py:/home/talon/ros2_humble/install/action_tutorials_py:/home/talon/ros2_humble/install/ament_uncrustify:/home/talon/ros2_humble/install/tracetools_trace:/home/talon/ros2_humble/install/tracetools_read:/home/talon/ros2_humble/install/test_tracetools_launch:/home/talon/ros2_humble/install/test_launch_ros:/home/talon/ros2_humble/install/sensor_msgs_py:/home/talon/ros2_humble/install/rpyutils:/home/talon/ros2_humble/install/rosidl_runtime_py:/home/talon/ros2_humble/install/rosidl_cli:/home/talon/ros2_humble/install/launch_pytest:/home/talon/ros2_humble/install/launch_testing:/home/talon/ros2_humble/install/launch_yaml:/home/talon/ros2_humble/install/launch_xml:/home/talon/ros2_humble/install/launch:/home/talon/ros2_humble/install/osrf_pycommon:/home/talon/ros2_humble/install/domain_coordinator:/home/talon/ros2_humble/install/ament_xmllint:/home/talon/ros2_humble/install/ament_pyflakes:/home/talon/ros2_humble/install/ament_pycodestyle:/home/talon/ros2_humble/install/ament_pep257:/home/talon/ros2_humble/install/ament_pclint:/home/talon/ros2_humble/install/ament_package:/home/talon/ros2_humble/install/ament_mypy:/home/talon/ros2_humble/install/ament_lint_cmake:/home/talon/ros2_humble/install/ament_flake8:/home/talon/ros2_humble/install/ament_copyright:/home/talon/ros2_humble/install/ament_lint:/home/talon/ros2_humble/install/ament_index_python:/home/talon/ros2_humble/install/ament_cpplint:/home/talon/ros2_humble/install/ament_cppcheck:/home/talon/ros2_humble/install/ament_clang_tidy:/home/talon/ros2_humble/install/ament_clang_format:/opt/ros/humble /usr/bin/cmake --build /home/talon/ros2_ws/src/Sensor_drivers/ws_livox/build/livox_ros_driver2 -- -j18 -l18
[21.776s] DEBUG:colcon.colcon_core.event_handler.log_command:Invoking command in '/home/talon/ros2_ws/src/Sensor_drivers/ws_livox/build/livox_ros_driver2': CMAKE_PREFIX_PATH=${CMAKE_PREFIX_PATH}:/home/talon/ros2_humble/install/rqt_bag_plugins:/home/talon/ros2_humble/install/rqt_bag:/home/talon/ros2_humble/install/launch_testing_examples:/home/talon/ros2_humble/install/ros2bag:/home/talon/ros2_humble/install/tracetools_test:/home/talon/ros2_humble/install/tracetools_launch:/home/talon/ros2_humble/install/topic_monitor:/home/talon/ros2_humble/install/tf2_tools:/home/talon/ros2_humble/install/examples_tf2_py:/home/talon/ros2_humble/install/tf2_ros_py:/home/talon/ros2_humble/install/sros2:/home/talon/ros2_humble/install/rqt_topic:/home/talon/ros2_humble/install/rqt_srv:/home/talon/ros2_humble/install/rqt_shell:/home/talon/ros2_humble/install/rqt_service_caller:/home/talon/ros2_humble/install/rqt_reconfigure:/home/talon/ros2_humble/install/rqt_py_console:/home/talon/ros2_humble/install/rqt_publisher:/home/talon/ros2_humble/install/rqt_plot:/home/talon/ros2_humble/install/rqt_action:/home/talon/ros2_humble/install/rqt_msg:/home/talon/ros2_humble/install/rqt_console:/home/talon/ros2_humble/install/rqt:/home/talon/ros2_humble/install/rqt_graph:/home/talon/ros2_humble/install/rqt_gui_py:/home/talon/ros2_humble/install/rqt_gui:/home/talon/ros2_humble/install/ros2trace:/home/talon/ros2_humble/install/ros2topic:/home/talon/ros2_humble/install/ros2test:/home/talon/ros2_humble/install/ros2component:/home/talon/ros2_humble/install/ros2param:/home/talon/ros2_humble/install/ros2lifecycle:/home/talon/ros2_humble/install/ros2service:/home/talon/ros2_humble/install/ros2run:/home/talon/ros2_humble/install/ros2launch:/home/talon/ros2_humble/install/ros2pkg:/home/talon/ros2_humble/install/ros2node:/home/talon/ros2_humble/install/ros2multicast:/home/talon/ros2_humble/install/ros2interface:/home/talon/ros2_humble/install/ros2doctor:/home/talon/ros2_humble/install/ros2action:/home/talon/ros2_humble/install/ros2cli:/home/talon/ros2_humble/install/quality_of_service_demo_py:/home/talon/ros2_humble/install/lifecycle_py:/home/talon/ros2_humble/install/launch_testing_ros:/home/talon/ros2_humble/install/launch_ros:/home/talon/ros2_humble/install/examples_rclpy_pointcloud_publisher:/home/talon/ros2_humble/install/examples_rclpy_minimal_subscriber:/home/talon/ros2_humble/install/examples_rclpy_minimal_service:/home/talon/ros2_humble/install/examples_rclpy_minimal_publisher:/home/talon/ros2_humble/install/examples_rclpy_minimal_client:/home/talon/ros2_humble/install/examples_rclpy_minimal_action_server:/home/talon/ros2_humble/install/examples_rclpy_minimal_action_client:/home/talon/ros2_humble/install/examples_rclpy_guard_conditions:/home/talon/ros2_humble/install/examples_rclpy_executors:/home/talon/ros2_humble/install/demo_nodes_py:/home/talon/ros2_humble/install/camera_info_manager_py:/home/talon/ros2_humble/install/action_tutorials_py:/home/talon/ros2_humble/install/ament_uncrustify:/home/talon/ros2_humble/install/tracetools_trace:/home/talon/ros2_humble/install/tracetools_read:/home/talon/ros2_humble/install/test_tracetools_launch:/home/talon/ros2_humble/install/test_launch_ros:/home/talon/ros2_humble/install/sensor_msgs_py:/home/talon/ros2_humble/install/rpyutils:/home/talon/ros2_humble/install/rosidl_runtime_py:/home/talon/ros2_humble/install/rosidl_cli:/home/talon/ros2_humble/install/launch_pytest:/home/talon/ros2_humble/install/launch_testing:/home/talon/ros2_humble/install/launch_yaml:/home/talon/ros2_humble/install/launch_xml:/home/talon/ros2_humble/install/launch:/home/talon/ros2_humble/install/osrf_pycommon:/home/talon/ros2_humble/install/domain_coordinator:/home/talon/ros2_humble/install/ament_xmllint:/home/talon/ros2_humble/install/ament_pyflakes:/home/talon/ros2_humble/install/ament_pycodestyle:/home/talon/ros2_humble/install/ament_pep257:/home/talon/ros2_humble/install/ament_pclint:/home/talon/ros2_humble/install/ament_package:/home/talon/ros2_humble/install/ament_mypy:/home/talon/ros2_humble/install/ament_lint_cmake:/home/talon/ros2_humble/install/ament_flake8:/home/talon/ros2_humble/install/ament_copyright:/home/talon/ros2_humble/install/ament_lint:/home/talon/ros2_humble/install/ament_index_python:/home/talon/ros2_humble/install/ament_cpplint:/home/talon/ros2_humble/install/ament_cppcheck:/home/talon/ros2_humble/install/ament_clang_tidy:/home/talon/ros2_humble/install/ament_clang_format:/opt/ros/humble /usr/bin/cmake --install /home/talon/ros2_ws/src/Sensor_drivers/ws_livox/build/livox_ros_driver2
[21.895s] Level 1:colcon.colcon_core.environment:create_environment_scripts_only(livox_ros_driver2)
[21.896s] Level 1:colcon.colcon_core.environment:checking '/home/talon/ros2_ws/src/Sensor_drivers/ws_livox/install/livox_ros_driver2' for CMake module files
[21.896s] DEBUG:colcon.colcon_core.event_handler.log_command:Invoked command in '/home/talon/ros2_ws/src/Sensor_drivers/ws_livox/build/livox_ros_driver2' returned '0': CMAKE_PREFIX_PATH=${CMAKE_PREFIX_PATH}:/home/talon/ros2_humble/install/rqt_bag_plugins:/home/talon/ros2_humble/install/rqt_bag:/home/talon/ros2_humble/install/launch_testing_examples:/home/talon/ros2_humble/install/ros2bag:/home/talon/ros2_humble/install/tracetools_test:/home/talon/ros2_humble/install/tracetools_launch:/home/talon/ros2_humble/install/topic_monitor:/home/talon/ros2_humble/install/tf2_tools:/home/talon/ros2_humble/install/examples_tf2_py:/home/talon/ros2_humble/install/tf2_ros_py:/home/talon/ros2_humble/install/sros2:/home/talon/ros2_humble/install/rqt_topic:/home/talon/ros2_humble/install/rqt_srv:/home/talon/ros2_humble/install/rqt_shell:/home/talon/ros2_humble/install/rqt_service_caller:/home/talon/ros2_humble/install/rqt_reconfigure:/home/talon/ros2_humble/install/rqt_py_console:/home/talon/ros2_humble/install/rqt_publisher:/home/talon/ros2_humble/install/rqt_plot:/home/talon/ros2_humble/install/rqt_action:/home/talon/ros2_humble/install/rqt_msg:/home/talon/ros2_humble/install/rqt_console:/home/talon/ros2_humble/install/rqt:/home/talon/ros2_humble/install/rqt_graph:/home/talon/ros2_humble/install/rqt_gui_py:/home/talon/ros2_humble/install/rqt_gui:/home/talon/ros2_humble/install/ros2trace:/home/talon/ros2_humble/install/ros2topic:/home/talon/ros2_humble/install/ros2test:/home/talon/ros2_humble/install/ros2component:/home/talon/ros2_humble/install/ros2param:/home/talon/ros2_humble/install/ros2lifecycle:/home/talon/ros2_humble/install/ros2service:/home/talon/ros2_humble/install/ros2run:/home/talon/ros2_humble/install/ros2launch:/home/talon/ros2_humble/install/ros2pkg:/home/talon/ros2_humble/install/ros2node:/home/talon/ros2_humble/install/ros2multicast:/home/talon/ros2_humble/install/ros2interface:/home/talon/ros2_humble/install/ros2doctor:/home/talon/ros2_humble/install/ros2action:/home/talon/ros2_humble/install/ros2cli:/home/talon/ros2_humble/install/quality_of_service_demo_py:/home/talon/ros2_humble/install/lifecycle_py:/home/talon/ros2_humble/install/launch_testing_ros:/home/talon/ros2_humble/install/launch_ros:/home/talon/ros2_humble/install/examples_rclpy_pointcloud_publisher:/home/talon/ros2_humble/install/examples_rclpy_minimal_subscriber:/home/talon/ros2_humble/install/examples_rclpy_minimal_service:/home/talon/ros2_humble/install/examples_rclpy_minimal_publisher:/home/talon/ros2_humble/install/examples_rclpy_minimal_client:/home/talon/ros2_humble/install/examples_rclpy_minimal_action_server:/home/talon/ros2_humble/install/examples_rclpy_minimal_action_client:/home/talon/ros2_humble/install/examples_rclpy_guard_conditions:/home/talon/ros2_humble/install/examples_rclpy_executors:/home/talon/ros2_humble/install/demo_nodes_py:/home/talon/ros2_humble/install/camera_info_manager_py:/home/talon/ros2_humble/install/action_tutorials_py:/home/talon/ros2_humble/install/ament_uncrustify:/home/talon/ros2_humble/install/tracetools_trace:/home/talon/ros2_humble/install/tracetools_read:/home/talon/ros2_humble/install/test_tracetools_launch:/home/talon/ros2_humble/install/test_launch_ros:/home/talon/ros2_humble/install/sensor_msgs_py:/home/talon/ros2_humble/install/rpyutils:/home/talon/ros2_humble/install/rosidl_runtime_py:/home/talon/ros2_humble/install/rosidl_cli:/home/talon/ros2_humble/install/launch_pytest:/home/talon/ros2_humble/install/launch_testing:/home/talon/ros2_humble/install/launch_yaml:/home/talon/ros2_humble/install/launch_xml:/home/talon/ros2_humble/install/launch:/home/talon/ros2_humble/install/osrf_pycommon:/home/talon/ros2_humble/install/domain_coordinator:/home/talon/ros2_humble/install/ament_xmllint:/home/talon/ros2_humble/install/ament_pyflakes:/home/talon/ros2_humble/install/ament_pycodestyle:/home/talon/ros2_humble/install/ament_pep257:/home/talon/ros2_humble/install/ament_pclint:/home/talon/ros2_humble/install/ament_package:/home/talon/ros2_humble/install/ament_mypy:/home/talon/ros2_humble/install/ament_lint_cmake:/home/talon/ros2_humble/install/ament_flake8:/home/talon/ros2_humble/install/ament_copyright:/home/talon/ros2_humble/install/ament_lint:/home/talon/ros2_humble/install/ament_index_python:/home/talon/ros2_humble/install/ament_cpplint:/home/talon/ros2_humble/install/ament_cppcheck:/home/talon/ros2_humble/install/ament_clang_tidy:/home/talon/ros2_humble/install/ament_clang_format:/opt/ros/humble /usr/bin/cmake --install /home/talon/ros2_ws/src/Sensor_drivers/ws_livox/build/livox_ros_driver2
[21.896s] Level 1:colcon.colcon_core.environment:checking '/home/talon/ros2_ws/src/Sensor_drivers/ws_livox/install/livox_ros_driver2' for CMake config files
[21.897s] Level 1:colcon.colcon_core.shell:create_environment_hook('livox_ros_driver2', 'cmake_prefix_path')
[21.897s] INFO:colcon.colcon_core.shell:Creating environment hook '/home/talon/ros2_ws/src/Sensor_drivers/ws_livox/install/livox_ros_driver2/share/livox_ros_driver2/hook/cmake_prefix_path.ps1'
[21.897s] INFO:colcon.colcon_core.shell:Creating environment descriptor '/home/talon/ros2_ws/src/Sensor_drivers/ws_livox/install/livox_ros_driver2/share/livox_ros_driver2/hook/cmake_prefix_path.dsv'
[21.897s] INFO:colcon.colcon_core.shell:Creating environment hook '/home/talon/ros2_ws/src/Sensor_drivers/ws_livox/install/livox_ros_driver2/share/livox_ros_driver2/hook/cmake_prefix_path.sh'
[21.898s] Level 1:colcon.colcon_core.environment:checking '/home/talon/ros2_ws/src/Sensor_drivers/ws_livox/install/livox_ros_driver2/lib'
[21.898s] Level 1:colcon.colcon_core.shell:create_environment_hook('livox_ros_driver2', 'ld_library_path_lib')
[21.898s] INFO:colcon.colcon_core.shell:Creating environment hook '/home/talon/ros2_ws/src/Sensor_drivers/ws_livox/install/livox_ros_driver2/share/livox_ros_driver2/hook/ld_library_path_lib.ps1'
[21.898s] INFO:colcon.colcon_core.shell:Creating environment descriptor '/home/talon/ros2_ws/src/Sensor_drivers/ws_livox/install/livox_ros_driver2/share/livox_ros_driver2/hook/ld_library_path_lib.dsv'
[21.898s] INFO:colcon.colcon_core.shell:Creating environment hook '/home/talon/ros2_ws/src/Sensor_drivers/ws_livox/install/livox_ros_driver2/share/livox_ros_driver2/hook/ld_library_path_lib.sh'
[21.898s] Level 1:colcon.colcon_core.environment:checking '/home/talon/ros2_ws/src/Sensor_drivers/ws_livox/install/livox_ros_driver2/bin'
[21.898s] Level 1:colcon.colcon_core.environment:checking '/home/talon/ros2_ws/src/Sensor_drivers/ws_livox/install/livox_ros_driver2/lib/pkgconfig/livox_ros_driver2.pc'
[21.898s] Level 1:colcon.colcon_core.environment:checking '/home/talon/ros2_ws/src/Sensor_drivers/ws_livox/install/livox_ros_driver2/lib/python3.10/site-packages'
[21.899s] Level 1:colcon.colcon_core.environment:checking '/home/talon/ros2_ws/src/Sensor_drivers/ws_livox/install/livox_ros_driver2/bin'
[21.899s] INFO:colcon.colcon_core.shell:Creating package script '/home/talon/ros2_ws/src/Sensor_drivers/ws_livox/install/livox_ros_driver2/share/livox_ros_driver2/package.ps1'
[21.899s] INFO:colcon.colcon_core.shell:Creating package descriptor '/home/talon/ros2_ws/src/Sensor_drivers/ws_livox/install/livox_ros_driver2/share/livox_ros_driver2/package.dsv'
[21.899s] INFO:colcon.colcon_core.shell:Creating package script '/home/talon/ros2_ws/src/Sensor_drivers/ws_livox/install/livox_ros_driver2/share/livox_ros_driver2/package.sh'
[21.899s] INFO:colcon.colcon_core.shell:Creating package script '/home/talon/ros2_ws/src/Sensor_drivers/ws_livox/install/livox_ros_driver2/share/livox_ros_driver2/package.bash'
[21.900s] INFO:colcon.colcon_core.shell:Creating package script '/home/talon/ros2_ws/src/Sensor_drivers/ws_livox/install/livox_ros_driver2/share/livox_ros_driver2/package.zsh'
[21.900s] Level 1:colcon.colcon_core.environment:create_file_with_runtime_dependencies(/home/talon/ros2_ws/src/Sensor_drivers/ws_livox/install/livox_ros_driver2/share/colcon-core/packages/livox_ros_driver2)
[21.900s] Level 1:colcon.colcon_core.environment:create_environment_scripts_only(livox_ros_driver2)
[21.900s] Level 1:colcon.colcon_core.environment:checking '/home/talon/ros2_ws/src/Sensor_drivers/ws_livox/install/livox_ros_driver2' for CMake module files
[21.900s] Level 1:colcon.colcon_core.environment:checking '/home/talon/ros2_ws/src/Sensor_drivers/ws_livox/install/livox_ros_driver2' for CMake config files
[21.901s] Level 1:colcon.colcon_core.shell:create_environment_hook('livox_ros_driver2', 'cmake_prefix_path')
[21.901s] INFO:colcon.colcon_core.shell:Creating environment hook '/home/talon/ros2_ws/src/Sensor_drivers/ws_livox/install/livox_ros_driver2/share/livox_ros_driver2/hook/cmake_prefix_path.ps1'
[21.901s] INFO:colcon.colcon_core.shell:Creating environment descriptor '/home/talon/ros2_ws/src/Sensor_drivers/ws_livox/install/livox_ros_driver2/share/livox_ros_driver2/hook/cmake_prefix_path.dsv'
[21.901s] INFO:colcon.colcon_core.shell:Creating environment hook '/home/talon/ros2_ws/src/Sensor_drivers/ws_livox/install/livox_ros_driver2/share/livox_ros_driver2/hook/cmake_prefix_path.sh'
[21.901s] Level 1:colcon.colcon_core.environment:checking '/home/talon/ros2_ws/src/Sensor_drivers/ws_livox/install/livox_ros_driver2/lib'
[21.902s] Level 1:colcon.colcon_core.shell:create_environment_hook('livox_ros_driver2', 'ld_library_path_lib')
[21.902s] INFO:colcon.colcon_core.shell:Creating environment hook '/home/talon/ros2_ws/src/Sensor_drivers/ws_livox/install/livox_ros_driver2/share/livox_ros_driver2/hook/ld_library_path_lib.ps1'
[21.902s] INFO:colcon.colcon_core.shell:Creating environment descriptor '/home/talon/ros2_ws/src/Sensor_drivers/ws_livox/install/livox_ros_driver2/share/livox_ros_driver2/hook/ld_library_path_lib.dsv'
[21.902s] INFO:colcon.colcon_core.shell:Creating environment hook '/home/talon/ros2_ws/src/Sensor_drivers/ws_livox/install/livox_ros_driver2/share/livox_ros_driver2/hook/ld_library_path_lib.sh'
[21.902s] Level 1:colcon.colcon_core.environment:checking '/home/talon/ros2_ws/src/Sensor_drivers/ws_livox/install/livox_ros_driver2/bin'
[21.902s] Level 1:colcon.colcon_core.environment:checking '/home/talon/ros2_ws/src/Sensor_drivers/ws_livox/install/livox_ros_driver2/lib/pkgconfig/livox_ros_driver2.pc'
[21.902s] Level 1:colcon.colcon_core.environment:checking '/home/talon/ros2_ws/src/Sensor_drivers/ws_livox/install/livox_ros_driver2/lib/python3.10/site-packages'
[21.902s] Level 1:colcon.colcon_core.environment:checking '/home/talon/ros2_ws/src/Sensor_drivers/ws_livox/install/livox_ros_driver2/bin'
[21.903s] INFO:colcon.colcon_core.shell:Creating package script '/home/talon/ros2_ws/src/Sensor_drivers/ws_livox/install/livox_ros_driver2/share/livox_ros_driver2/package.ps1'
[21.903s] INFO:colcon.colcon_core.shell:Creating package descriptor '/home/talon/ros2_ws/src/Sensor_drivers/ws_livox/install/livox_ros_driver2/share/livox_ros_driver2/package.dsv'
[21.903s] INFO:colcon.colcon_core.shell:Creating package script '/home/talon/ros2_ws/src/Sensor_drivers/ws_livox/install/livox_ros_driver2/share/livox_ros_driver2/package.sh'
[21.903s] INFO:colcon.colcon_core.shell:Creating package script '/home/talon/ros2_ws/src/Sensor_drivers/ws_livox/install/livox_ros_driver2/share/livox_ros_driver2/package.bash'
[21.904s] INFO:colcon.colcon_core.shell:Creating package script '/home/talon/ros2_ws/src/Sensor_drivers/ws_livox/install/livox_ros_driver2/share/livox_ros_driver2/package.zsh'
[21.904s] Level 1:colcon.colcon_core.environment:create_file_with_runtime_dependencies(/home/talon/ros2_ws/src/Sensor_drivers/ws_livox/install/livox_ros_driver2/share/colcon-core/packages/livox_ros_driver2)
[21.904s] DEBUG:colcon.colcon_parallel_executor.executor.parallel:closing loop
[21.904s] DEBUG:colcon.colcon_parallel_executor.executor.parallel:loop closed
[21.904s] DEBUG:colcon.colcon_parallel_executor.executor.parallel:run_until_complete finished with '0'
[21.904s] DEBUG:colcon.colcon_core.event_reactor:joining thread
[21.911s] INFO:colcon.colcon_core.plugin_system:Skipping extension 'colcon_notification.desktop_notification.terminal_notifier': Not used on non-Darwin systems
[21.911s] INFO:colcon.colcon_core.plugin_system:Skipping extension 'colcon_notification.desktop_notification.win32': Not used on non-Windows systems
[21.911s] INFO:colcon.colcon_notification.desktop_notification:Sending desktop notification using 'notify2'
[21.921s] DEBUG:colcon.colcon_core.event_reactor:joined thread
[21.921s] INFO:colcon.colcon_core.shell:Creating prefix script '/home/talon/ros2_ws/src/Sensor_drivers/ws_livox/install/local_setup.ps1'
[21.921s] INFO:colcon.colcon_core.shell:Creating prefix util module '/home/talon/ros2_ws/src/Sensor_drivers/ws_livox/install/_local_setup_util_ps1.py'
[21.922s] INFO:colcon.colcon_core.shell:Creating prefix chain script '/home/talon/ros2_ws/src/Sensor_drivers/ws_livox/install/setup.ps1'
[21.927s] INFO:colcon.colcon_core.shell:Creating prefix script '/home/talon/ros2_ws/src/Sensor_drivers/ws_livox/install/local_setup.sh'
[21.928s] INFO:colcon.colcon_core.shell:Creating prefix util module '/home/talon/ros2_ws/src/Sensor_drivers/ws_livox/install/_local_setup_util_sh.py'
[21.928s] INFO:colcon.colcon_core.shell:Creating prefix chain script '/home/talon/ros2_ws/src/Sensor_drivers/ws_livox/install/setup.sh'
[21.933s] INFO:colcon.colcon_core.shell:Creating prefix script '/home/talon/ros2_ws/src/Sensor_drivers/ws_livox/install/local_setup.bash'
[21.933s] INFO:colcon.colcon_core.shell:Creating prefix chain script '/home/talon/ros2_ws/src/Sensor_drivers/ws_livox/install/setup.bash'
[21.938s] INFO:colcon.colcon_core.shell:Creating prefix script '/home/talon/ros2_ws/src/Sensor_drivers/ws_livox/install/local_setup.zsh'
[21.938s] INFO:colcon.colcon_core.shell:Creating prefix chain script '/home/talon/ros2_ws/src/Sensor_drivers/ws_livox/install/setup.zsh'
