[0.029s] Invoking command in '/home/talon/ros2_ws/src/Sensor_drivers/ws_livox/build/livox_ros_driver2': CMAKE_PREFIX_PATH=${CMAKE_PREFIX_PATH}:/home/talon/ros2_ws/install/talon_sensors:/home/talon/ros2_ws/install/nmea_navsat_driver:/home/talon/ros2_ws/install/imu_rviz:/home/talon/ros2_humble/install/rqt_bag_plugins:/home/talon/ros2_humble/install/rqt_bag:/home/talon/ros2_humble/install/launch_testing_examples:/home/talon/ros2_humble/install/ros2bag:/home/talon/ros2_humble/install/tracetools_test:/home/talon/ros2_humble/install/tracetools_launch:/home/talon/ros2_humble/install/topic_monitor:/home/talon/ros2_humble/install/tf2_tools:/home/talon/ros2_humble/install/examples_tf2_py:/home/talon/ros2_humble/install/tf2_ros_py:/home/talon/ros2_humble/install/sros2:/home/talon/ros2_humble/install/rqt_topic:/home/talon/ros2_humble/install/rqt_srv:/home/talon/ros2_humble/install/rqt_shell:/home/talon/ros2_humble/install/rqt_service_caller:/home/talon/ros2_humble/install/rqt_reconfigure:/home/talon/ros2_humble/install/rqt_py_console:/home/talon/ros2_humble/install/rqt_publisher:/home/talon/ros2_humble/install/rqt_plot:/home/talon/ros2_humble/install/rqt_action:/home/talon/ros2_humble/install/rqt_msg:/home/talon/ros2_humble/install/rqt_console:/home/talon/ros2_humble/install/rqt:/home/talon/ros2_humble/install/rqt_graph:/home/talon/ros2_humble/install/rqt_gui_py:/home/talon/ros2_humble/install/rqt_gui:/home/talon/ros2_humble/install/ros2trace:/home/talon/ros2_humble/install/ros2topic:/home/talon/ros2_humble/install/ros2test:/home/talon/ros2_humble/install/ros2component:/home/talon/ros2_humble/install/ros2param:/home/talon/ros2_humble/install/ros2lifecycle:/home/talon/ros2_humble/install/ros2service:/home/talon/ros2_humble/install/ros2run:/home/talon/ros2_humble/install/ros2launch:/home/talon/ros2_humble/install/ros2pkg:/home/talon/ros2_humble/install/ros2node:/home/talon/ros2_humble/install/ros2multicast:/home/talon/ros2_humble/install/ros2interface:/home/talon/ros2_humble/install/ros2doctor:/home/talon/ros2_humble/install/ros2action:/home/talon/ros2_humble/install/ros2cli:/home/talon/ros2_humble/install/quality_of_service_demo_py:/home/talon/ros2_humble/install/lifecycle_py:/home/talon/ros2_humble/install/launch_testing_ros:/home/talon/ros2_humble/install/launch_ros:/home/talon/ros2_humble/install/examples_rclpy_pointcloud_publisher:/home/talon/ros2_humble/install/examples_rclpy_minimal_subscriber:/home/talon/ros2_humble/install/examples_rclpy_minimal_service:/home/talon/ros2_humble/install/examples_rclpy_minimal_publisher:/home/talon/ros2_humble/install/examples_rclpy_minimal_client:/home/talon/ros2_humble/install/examples_rclpy_minimal_action_server:/home/talon/ros2_humble/install/examples_rclpy_minimal_action_client:/home/talon/ros2_humble/install/examples_rclpy_guard_conditions:/home/talon/ros2_humble/install/examples_rclpy_executors:/home/talon/ros2_humble/install/demo_nodes_py:/home/talon/ros2_humble/install/camera_info_manager_py:/home/talon/ros2_humble/install/action_tutorials_py:/home/talon/ros2_humble/install/ament_uncrustify:/home/talon/ros2_humble/install/tracetools_trace:/home/talon/ros2_humble/install/tracetools_read:/home/talon/ros2_humble/install/test_tracetools_launch:/home/talon/ros2_humble/install/test_launch_ros:/home/talon/ros2_humble/install/sensor_msgs_py:/home/talon/ros2_humble/install/rpyutils:/home/talon/ros2_humble/install/rosidl_runtime_py:/home/talon/ros2_humble/install/rosidl_cli:/home/talon/ros2_humble/install/launch_pytest:/home/talon/ros2_humble/install/launch_testing:/home/talon/ros2_humble/install/launch_yaml:/home/talon/ros2_humble/install/launch_xml:/home/talon/ros2_humble/install/launch:/home/talon/ros2_humble/install/osrf_pycommon:/home/talon/ros2_humble/install/domain_coordinator:/home/talon/ros2_humble/install/ament_xmllint:/home/talon/ros2_humble/install/ament_pyflakes:/home/talon/ros2_humble/install/ament_pycodestyle:/home/talon/ros2_humble/install/ament_pep257:/home/talon/ros2_humble/install/ament_pclint:/home/talon/ros2_humble/install/ament_package:/home/talon/ros2_humble/install/ament_mypy:/home/talon/ros2_humble/install/ament_lint_cmake:/home/talon/ros2_humble/install/ament_flake8:/home/talon/ros2_humble/install/ament_copyright:/home/talon/ros2_humble/install/ament_lint:/home/talon/ros2_humble/install/ament_index_python:/home/talon/ros2_humble/install/ament_cpplint:/home/talon/ros2_humble/install/ament_cppcheck:/home/talon/ros2_humble/install/ament_clang_tidy:/home/talon/ros2_humble/install/ament_clang_format:/opt/ros/humble /usr/bin/cmake /home/talon/ros2_ws/src/Sensor_drivers/ws_livox/src/livox_ros_driver2 -DROS_EDITION=ROS2 -DHUMBLE_ROS=humble -DCMAKE_INSTALL_PREFIX=/home/talon/ros2_ws/src/Sensor_drivers/ws_livox/install/livox_ros_driver2
[0.113s] -- The C compiler identification is GNU 11.4.0
[0.165s] -- The CXX compiler identification is GNU 11.4.0
[0.171s] -- Detecting C compiler ABI info
[0.257s] -- Detecting C compiler ABI info - done
[0.263s] -- Check for working C compiler: /usr/bin/cc - skipped
[0.263s] -- Detecting C compile features
[0.263s] -- Detecting C compile features - done
[0.265s] -- Detecting CXX compiler ABI info
[0.370s] -- Detecting CXX compiler ABI info - done
[0.376s] -- Check for working CXX compiler: /usr/bin/c++ - skipped
[0.376s] -- Detecting CXX compile features
[0.376s] -- Detecting CXX compile features - done
[0.376s] -- livox_ros_driver2 version: 1.2.4
[0.385s] -- Found ament_cmake_auto: 1.3.11 (/home/talon/ros2_humble/install/ament_cmake_auto/share/ament_cmake_auto/cmake)
[1.701s] -- Found Python3: /usr/bin/python3 (found version "3.10.12") found components: Interpreter 
[4.237s] -- Using all available rosidl_typesupport_c: rosidl_typesupport_introspection_c;rosidl_typesupport_fastrtps_c
[4.285s] -- Found rosidl_adapter: 3.1.6 (/home/talon/ros2_humble/install/rosidl_adapter/share/rosidl_adapter/cmake)
[4.490s] -- Using all available rosidl_typesupport_cpp: rosidl_typesupport_introspection_cpp;rosidl_typesupport_fastrtps_cpp
[4.803s] -- Found rmw_implementation_cmake: 6.1.2 (/home/talon/ros2_humble/install/rmw_implementation_cmake/share/rmw_implementation_cmake/cmake)
[4.837s] -- Found rmw_fastrtps_cpp: 6.2.7 (/home/talon/ros2_humble/install/rmw_fastrtps_cpp/share/rmw_fastrtps_cpp/cmake)
[5.381s] -- Found OpenSSL: /usr/lib/x86_64-linux-gnu/libcrypto.so (found version "3.0.2")  
[5.538s] -- Found FastRTPS: /home/talon/ros2_humble/install/fastrtps/include  
[5.751s] -- Using RMW implementation 'rmw_fastrtps_cpp' as default
[5.831s] -- Looking for pthread.h
[6.060s] -- Looking for pthread.h - found
[6.061s] -- Performing Test CMAKE_HAVE_LIBC_PTHREAD
[6.404s] -- Performing Test CMAKE_HAVE_LIBC_PTHREAD - Success
[6.408s] -- Found Threads: TRUE  
[6.827s] -- Checking for module 'eigen3'
[6.950s] --   Found eigen3, version 3.4.0
[7.173s] -- Found Eigen: /usr/include/eigen3 (Required is at least version "3.1") 
[7.174s] -- Eigen found (include: /usr/include/eigen3, version: 3.4.0)
[7.436s] -- Checking for module 'flann'
[7.533s] --   Found flann, version 1.9.1
[7.769s] -- Found FLANN: /usr/lib/x86_64-linux-gnu/libflann_cpp.so  
[7.769s] -- FLANN found (include: /usr/include, lib: /usr/lib/x86_64-linux-gnu/libflann_cpp.so)
[10.137s] -- Checking for module 'libusb-1.0'
[10.192s] --   Found libusb-1.0, version 1.0.25
[10.269s] -- Found libusb: /usr/lib/x86_64-linux-gnu/libusb-1.0.so  
[10.270s] -- OpenNI found (version: 1.5.4.0, include: /usr/include/ni, lib: /usr/lib/libOpenNI.so;libusb::libusb)
[10.400s] -- OpenNI2 found (version: 2.2.0.33, include: /usr/include/openni2, lib: /usr/lib/x86_64-linux-gnu/libOpenNI2.so;libusb::libusb)
[10.660s] -- Eigen found (include: /usr/include/eigen3, version: 3.4.0)
[10.669s] -- OpenNI found (version: 1.5.4.0, include: /usr/include/ni, lib: /usr/lib/libOpenNI.so;libusb::libusb)
[10.675s] -- OpenNI2 found (version: 2.2.0.33, include: /usr/include/openni2, lib: /usr/lib/x86_64-linux-gnu/libOpenNI2.so;libusb::libusb)
[10.953s] -- Found Qhull version 8.0.2
[11.226s] -- OpenNI found (version: 1.5.4.0, include: /usr/include/ni, lib: /usr/lib/libOpenNI.so;libusb::libusb)
[11.554s] -- Found PCL_COMMON: /usr/lib/x86_64-linux-gnu/libpcl_common.so  
[11.556s] -- Found PCL_KDTREE: /usr/lib/x86_64-linux-gnu/libpcl_kdtree.so  
[11.557s] -- Found PCL_OCTREE: /usr/lib/x86_64-linux-gnu/libpcl_octree.so  
[11.558s] -- Found PCL_SEARCH: /usr/lib/x86_64-linux-gnu/libpcl_search.so  
[11.560s] -- Found PCL_SAMPLE_CONSENSUS: /usr/lib/x86_64-linux-gnu/libpcl_sample_consensus.so  
[11.561s] -- Found PCL_FILTERS: /usr/lib/x86_64-linux-gnu/libpcl_filters.so  
[11.561s] -- Found PCL_2D: /usr/include/pcl-1.12  
[11.562s] -- Found PCL_GEOMETRY: /usr/include/pcl-1.12  
[11.563s] -- Found PCL_IO: /usr/lib/x86_64-linux-gnu/libpcl_io.so  
[11.564s] -- Found PCL_FEATURES: /usr/lib/x86_64-linux-gnu/libpcl_features.so  
[11.565s] -- Found PCL_ML: /usr/lib/x86_64-linux-gnu/libpcl_ml.so  
[11.567s] -- Found PCL_SEGMENTATION: /usr/lib/x86_64-linux-gnu/libpcl_segmentation.so  
[11.568s] -- Found PCL_VISUALIZATION: /usr/lib/x86_64-linux-gnu/libpcl_visualization.so  
[11.569s] -- Found PCL_SURFACE: /usr/lib/x86_64-linux-gnu/libpcl_surface.so  
[11.570s] -- Found PCL_REGISTRATION: /usr/lib/x86_64-linux-gnu/libpcl_registration.so  
[11.571s] -- Found PCL_KEYPOINTS: /usr/lib/x86_64-linux-gnu/libpcl_keypoints.so  
[11.572s] -- Found PCL_TRACKING: /usr/lib/x86_64-linux-gnu/libpcl_tracking.so  
[11.573s] -- Found PCL_RECOGNITION: /usr/lib/x86_64-linux-gnu/libpcl_recognition.so  
[11.574s] -- Found PCL_STEREO: /usr/lib/x86_64-linux-gnu/libpcl_stereo.so  
[11.575s] -- Found PCL_APPS: /usr/lib/x86_64-linux-gnu/libpcl_apps.so  
[11.576s] -- Found PCL_IN_HAND_SCANNER: /usr/include/pcl-1.12  
[11.577s] -- Found PCL_MODELER: /usr/include/pcl-1.12  
[11.577s] -- Found PCL_POINT_CLOUD_EDITOR: /usr/include/pcl-1.12  
[11.579s] -- Found PCL_OUTOFCORE: /usr/lib/x86_64-linux-gnu/libpcl_outofcore.so  
[11.580s] -- Found PCL_PEOPLE: /usr/lib/x86_64-linux-gnu/libpcl_people.so  
[11.662s] -- Found PkgConfig: /usr/bin/pkg-config (found version "0.29.2") 
[11.664s] -- Checking for module 'apr-1'
[11.723s] --   Found apr-1, version 1.7.0
[11.806s] [0m/usr/include/apr-1.0[0m
[11.806s] [0mapr-1[0m
[12.522s] -- Found ament_cmake_ros: 0.10.0 (/home/talon/ros2_humble/install/ament_cmake_ros/share/ament_cmake_ros/cmake)
[12.809s] -- Using all available rosidl_typesupport_c: rosidl_typesupport_introspection_c;rosidl_typesupport_fastrtps_c
[13.328s] -- Using all available rosidl_typesupport_cpp: rosidl_typesupport_introspection_cpp;rosidl_typesupport_fastrtps_cpp
[13.380s] -- Found PythonInterp: /usr/bin/python3 (found suitable version "3.10.12", minimum required is "3.6") 
[13.387s] -- Found python_cmake_module: 0.10.0 (/home/talon/ros2_humble/install/python_cmake_module/share/python_cmake_module/cmake)
[13.445s] -- Found PythonLibs: /usr/lib/x86_64-linux-gnu/libpython3.10.so (found suitable version "3.10.12", minimum required is "3.5") 
[13.446s] -- Using PYTHON_EXECUTABLE: /usr/bin/python3
[13.446s] -- Using PYTHON_INCLUDE_DIRS: /usr/include/python3.10
[13.446s] -- Using PYTHON_LIBRARIES: /usr/lib/x86_64-linux-gnu/libpython3.10.so
[13.498s] -- Found PythonExtra: .so  
[14.192s] -- Found ament_lint_auto: 0.12.11 (/home/talon/ros2_humble/install/ament_lint_auto/share/ament_lint_auto/cmake)
[14.258s] -- Added test 'copyright' to check source files copyright and LICENSE
[14.262s] -- Added test 'cppcheck' to perform static code analysis on C / C++ code
[14.263s] -- Configured cppcheck include dirs: /home/talon/ros2_ws/src/Sensor_drivers/ws_livox/src/livox_ros_driver2/3rdparty;/home/talon/ros2_ws/src/Sensor_drivers/ws_livox/src/livox_ros_driver2/src
[14.263s] -- Configured cppcheck exclude dirs and/or files: 
[14.267s] -- Added test 'cpplint' to check C / C++ code against the Google style
[14.267s] -- Configured cpplint exclude dirs and/or files: 
[14.270s] -- Added test 'flake8' to check Python code syntax and style conventions
[14.273s] -- Added test 'lint_cmake' to check CMake code style
[14.275s] -- Added test 'pep257' to check Python code against some of the docstring style conventions in PEP 257
[14.279s] -- Added test 'uncrustify' to check C / C++ code style
[14.279s] -- Configured uncrustify additional arguments: 
[14.282s] -- Added test 'xmllint' to check XML markup files
[14.287s] -- Configuring done
[14.340s] -- Generating done
[14.352s] -- Build files have been written to: /home/talon/ros2_ws/src/Sensor_drivers/ws_livox/build/livox_ros_driver2
[14.366s] Invoked command in '/home/talon/ros2_ws/src/Sensor_drivers/ws_livox/build/livox_ros_driver2' returned '0': CMAKE_PREFIX_PATH=${CMAKE_PREFIX_PATH}:/home/talon/ros2_ws/install/talon_sensors:/home/talon/ros2_ws/install/nmea_navsat_driver:/home/talon/ros2_ws/install/imu_rviz:/home/talon/ros2_humble/install/rqt_bag_plugins:/home/talon/ros2_humble/install/rqt_bag:/home/talon/ros2_humble/install/launch_testing_examples:/home/talon/ros2_humble/install/ros2bag:/home/talon/ros2_humble/install/tracetools_test:/home/talon/ros2_humble/install/tracetools_launch:/home/talon/ros2_humble/install/topic_monitor:/home/talon/ros2_humble/install/tf2_tools:/home/talon/ros2_humble/install/examples_tf2_py:/home/talon/ros2_humble/install/tf2_ros_py:/home/talon/ros2_humble/install/sros2:/home/talon/ros2_humble/install/rqt_topic:/home/talon/ros2_humble/install/rqt_srv:/home/talon/ros2_humble/install/rqt_shell:/home/talon/ros2_humble/install/rqt_service_caller:/home/talon/ros2_humble/install/rqt_reconfigure:/home/talon/ros2_humble/install/rqt_py_console:/home/talon/ros2_humble/install/rqt_publisher:/home/talon/ros2_humble/install/rqt_plot:/home/talon/ros2_humble/install/rqt_action:/home/talon/ros2_humble/install/rqt_msg:/home/talon/ros2_humble/install/rqt_console:/home/talon/ros2_humble/install/rqt:/home/talon/ros2_humble/install/rqt_graph:/home/talon/ros2_humble/install/rqt_gui_py:/home/talon/ros2_humble/install/rqt_gui:/home/talon/ros2_humble/install/ros2trace:/home/talon/ros2_humble/install/ros2topic:/home/talon/ros2_humble/install/ros2test:/home/talon/ros2_humble/install/ros2component:/home/talon/ros2_humble/install/ros2param:/home/talon/ros2_humble/install/ros2lifecycle:/home/talon/ros2_humble/install/ros2service:/home/talon/ros2_humble/install/ros2run:/home/talon/ros2_humble/install/ros2launch:/home/talon/ros2_humble/install/ros2pkg:/home/talon/ros2_humble/install/ros2node:/home/talon/ros2_humble/install/ros2multicast:/home/talon/ros2_humble/install/ros2interface:/home/talon/ros2_humble/install/ros2doctor:/home/talon/ros2_humble/install/ros2action:/home/talon/ros2_humble/install/ros2cli:/home/talon/ros2_humble/install/quality_of_service_demo_py:/home/talon/ros2_humble/install/lifecycle_py:/home/talon/ros2_humble/install/launch_testing_ros:/home/talon/ros2_humble/install/launch_ros:/home/talon/ros2_humble/install/examples_rclpy_pointcloud_publisher:/home/talon/ros2_humble/install/examples_rclpy_minimal_subscriber:/home/talon/ros2_humble/install/examples_rclpy_minimal_service:/home/talon/ros2_humble/install/examples_rclpy_minimal_publisher:/home/talon/ros2_humble/install/examples_rclpy_minimal_client:/home/talon/ros2_humble/install/examples_rclpy_minimal_action_server:/home/talon/ros2_humble/install/examples_rclpy_minimal_action_client:/home/talon/ros2_humble/install/examples_rclpy_guard_conditions:/home/talon/ros2_humble/install/examples_rclpy_executors:/home/talon/ros2_humble/install/demo_nodes_py:/home/talon/ros2_humble/install/camera_info_manager_py:/home/talon/ros2_humble/install/action_tutorials_py:/home/talon/ros2_humble/install/ament_uncrustify:/home/talon/ros2_humble/install/tracetools_trace:/home/talon/ros2_humble/install/tracetools_read:/home/talon/ros2_humble/install/test_tracetools_launch:/home/talon/ros2_humble/install/test_launch_ros:/home/talon/ros2_humble/install/sensor_msgs_py:/home/talon/ros2_humble/install/rpyutils:/home/talon/ros2_humble/install/rosidl_runtime_py:/home/talon/ros2_humble/install/rosidl_cli:/home/talon/ros2_humble/install/launch_pytest:/home/talon/ros2_humble/install/launch_testing:/home/talon/ros2_humble/install/launch_yaml:/home/talon/ros2_humble/install/launch_xml:/home/talon/ros2_humble/install/launch:/home/talon/ros2_humble/install/osrf_pycommon:/home/talon/ros2_humble/install/domain_coordinator:/home/talon/ros2_humble/install/ament_xmllint:/home/talon/ros2_humble/install/ament_pyflakes:/home/talon/ros2_humble/install/ament_pycodestyle:/home/talon/ros2_humble/install/ament_pep257:/home/talon/ros2_humble/install/ament_pclint:/home/talon/ros2_humble/install/ament_package:/home/talon/ros2_humble/install/ament_mypy:/home/talon/ros2_humble/install/ament_lint_cmake:/home/talon/ros2_humble/install/ament_flake8:/home/talon/ros2_humble/install/ament_copyright:/home/talon/ros2_humble/install/ament_lint:/home/talon/ros2_humble/install/ament_index_python:/home/talon/ros2_humble/install/ament_cpplint:/home/talon/ros2_humble/install/ament_cppcheck:/home/talon/ros2_humble/install/ament_clang_tidy:/home/talon/ros2_humble/install/ament_clang_format:/opt/ros/humble /usr/bin/cmake /home/talon/ros2_ws/src/Sensor_drivers/ws_livox/src/livox_ros_driver2 -DROS_EDITION=ROS2 -DHUMBLE_ROS=humble -DCMAKE_INSTALL_PREFIX=/home/talon/ros2_ws/src/Sensor_drivers/ws_livox/install/livox_ros_driver2
[14.367s] Invoking command in '/home/talon/ros2_ws/src/Sensor_drivers/ws_livox/build/livox_ros_driver2': CMAKE_PREFIX_PATH=${CMAKE_PREFIX_PATH}:/home/talon/ros2_ws/install/talon_sensors:/home/talon/ros2_ws/install/nmea_navsat_driver:/home/talon/ros2_ws/install/imu_rviz:/home/talon/ros2_humble/install/rqt_bag_plugins:/home/talon/ros2_humble/install/rqt_bag:/home/talon/ros2_humble/install/launch_testing_examples:/home/talon/ros2_humble/install/ros2bag:/home/talon/ros2_humble/install/tracetools_test:/home/talon/ros2_humble/install/tracetools_launch:/home/talon/ros2_humble/install/topic_monitor:/home/talon/ros2_humble/install/tf2_tools:/home/talon/ros2_humble/install/examples_tf2_py:/home/talon/ros2_humble/install/tf2_ros_py:/home/talon/ros2_humble/install/sros2:/home/talon/ros2_humble/install/rqt_topic:/home/talon/ros2_humble/install/rqt_srv:/home/talon/ros2_humble/install/rqt_shell:/home/talon/ros2_humble/install/rqt_service_caller:/home/talon/ros2_humble/install/rqt_reconfigure:/home/talon/ros2_humble/install/rqt_py_console:/home/talon/ros2_humble/install/rqt_publisher:/home/talon/ros2_humble/install/rqt_plot:/home/talon/ros2_humble/install/rqt_action:/home/talon/ros2_humble/install/rqt_msg:/home/talon/ros2_humble/install/rqt_console:/home/talon/ros2_humble/install/rqt:/home/talon/ros2_humble/install/rqt_graph:/home/talon/ros2_humble/install/rqt_gui_py:/home/talon/ros2_humble/install/rqt_gui:/home/talon/ros2_humble/install/ros2trace:/home/talon/ros2_humble/install/ros2topic:/home/talon/ros2_humble/install/ros2test:/home/talon/ros2_humble/install/ros2component:/home/talon/ros2_humble/install/ros2param:/home/talon/ros2_humble/install/ros2lifecycle:/home/talon/ros2_humble/install/ros2service:/home/talon/ros2_humble/install/ros2run:/home/talon/ros2_humble/install/ros2launch:/home/talon/ros2_humble/install/ros2pkg:/home/talon/ros2_humble/install/ros2node:/home/talon/ros2_humble/install/ros2multicast:/home/talon/ros2_humble/install/ros2interface:/home/talon/ros2_humble/install/ros2doctor:/home/talon/ros2_humble/install/ros2action:/home/talon/ros2_humble/install/ros2cli:/home/talon/ros2_humble/install/quality_of_service_demo_py:/home/talon/ros2_humble/install/lifecycle_py:/home/talon/ros2_humble/install/launch_testing_ros:/home/talon/ros2_humble/install/launch_ros:/home/talon/ros2_humble/install/examples_rclpy_pointcloud_publisher:/home/talon/ros2_humble/install/examples_rclpy_minimal_subscriber:/home/talon/ros2_humble/install/examples_rclpy_minimal_service:/home/talon/ros2_humble/install/examples_rclpy_minimal_publisher:/home/talon/ros2_humble/install/examples_rclpy_minimal_client:/home/talon/ros2_humble/install/examples_rclpy_minimal_action_server:/home/talon/ros2_humble/install/examples_rclpy_minimal_action_client:/home/talon/ros2_humble/install/examples_rclpy_guard_conditions:/home/talon/ros2_humble/install/examples_rclpy_executors:/home/talon/ros2_humble/install/demo_nodes_py:/home/talon/ros2_humble/install/camera_info_manager_py:/home/talon/ros2_humble/install/action_tutorials_py:/home/talon/ros2_humble/install/ament_uncrustify:/home/talon/ros2_humble/install/tracetools_trace:/home/talon/ros2_humble/install/tracetools_read:/home/talon/ros2_humble/install/test_tracetools_launch:/home/talon/ros2_humble/install/test_launch_ros:/home/talon/ros2_humble/install/sensor_msgs_py:/home/talon/ros2_humble/install/rpyutils:/home/talon/ros2_humble/install/rosidl_runtime_py:/home/talon/ros2_humble/install/rosidl_cli:/home/talon/ros2_humble/install/launch_pytest:/home/talon/ros2_humble/install/launch_testing:/home/talon/ros2_humble/install/launch_yaml:/home/talon/ros2_humble/install/launch_xml:/home/talon/ros2_humble/install/launch:/home/talon/ros2_humble/install/osrf_pycommon:/home/talon/ros2_humble/install/domain_coordinator:/home/talon/ros2_humble/install/ament_xmllint:/home/talon/ros2_humble/install/ament_pyflakes:/home/talon/ros2_humble/install/ament_pycodestyle:/home/talon/ros2_humble/install/ament_pep257:/home/talon/ros2_humble/install/ament_pclint:/home/talon/ros2_humble/install/ament_package:/home/talon/ros2_humble/install/ament_mypy:/home/talon/ros2_humble/install/ament_lint_cmake:/home/talon/ros2_humble/install/ament_flake8:/home/talon/ros2_humble/install/ament_copyright:/home/talon/ros2_humble/install/ament_lint:/home/talon/ros2_humble/install/ament_index_python:/home/talon/ros2_humble/install/ament_cpplint:/home/talon/ros2_humble/install/ament_cppcheck:/home/talon/ros2_humble/install/ament_clang_tidy:/home/talon/ros2_humble/install/ament_clang_format:/opt/ros/humble /usr/bin/cmake --build /home/talon/ros2_ws/src/Sensor_drivers/ws_livox/build/livox_ros_driver2 -- -j18 -l18
[14.427s] [  1%] [34m[1mGenerating C code for ROS interfaces[0m
[14.450s] [  5%] [32mBuilding CXX object CMakeFiles/livox_ros_driver2_node.dir/rclcpp_components/node_main_livox_ros_driver2_node.cpp.o[0m
[14.450s] [  5%] [34m[1mGenerating C++ code for ROS interfaces[0m
[14.461s] [  5%] Built target ament_cmake_python_copy_livox_ros_driver2
[14.768s] running egg_info
[14.768s] creating livox_ros_driver2.egg-info
[14.768s] writing livox_ros_driver2.egg-info/PKG-INFO
[14.769s] writing dependency_links to livox_ros_driver2.egg-info/dependency_links.txt
[14.769s] writing top-level names to livox_ros_driver2.egg-info/top_level.txt
[14.774s] writing manifest file 'livox_ros_driver2.egg-info/SOURCES.txt'
[14.775s] reading manifest file 'livox_ros_driver2.egg-info/SOURCES.txt'
[14.775s] writing manifest file 'livox_ros_driver2.egg-info/SOURCES.txt'
[14.803s] [  5%] Built target ament_cmake_python_build_livox_ros_driver2_egg
[14.827s] [  7%] [32mBuilding C object CMakeFiles/livox_interfaces2__rosidl_generator_c.dir/rosidl_generator_c/livox_ros_driver2/msg/detail/custom_point__functions.c.o[0m
[14.827s] [  8%] [32mBuilding C object CMakeFiles/livox_interfaces2__rosidl_generator_c.dir/rosidl_generator_c/livox_ros_driver2/msg/detail/custom_msg__functions.c.o[0m
[14.838s] [  8%] Built target livox_interfaces2__cpp
[14.861s] [ 14%] [34m[1mGenerating C++ type support for eProsima Fast-RTPS[0m
[14.861s] [ 14%] [34m[1mGenerating C++ introspection for ROS interfaces[0m
[14.861s] [ 14%] [34m[1mGenerating C++ type support dispatch for ROS interfaces[0m
[14.880s] [ 15%] [32m[1mLinking C shared library liblivox_ros_driver2__rosidl_generator_c.so[0m
[14.935s] [ 15%] Built target livox_interfaces2__rosidl_generator_c
[14.951s] [ 17%] [34m[1mGenerating C type support for eProsima Fast-RTPS[0m
[14.956s] [ 19%] [34m[1mGenerating C introspection for ROS interfaces[0m
[14.957s] [ 21%] [34m[1mGenerating C type support dispatch for ROS interfaces[0m
[15.228s] [ 24%] [32mBuilding CXX object CMakeFiles/livox_interfaces2__rosidl_typesupport_cpp.dir/rosidl_typesupport_cpp/livox_ros_driver2/msg/custom_point__type_support.cpp.o[0m
[15.228s] [ 24%] [32mBuilding CXX object CMakeFiles/livox_interfaces2__rosidl_typesupport_cpp.dir/rosidl_typesupport_cpp/livox_ros_driver2/msg/custom_msg__type_support.cpp.o[0m
[15.234s] [ 26%] [32mBuilding CXX object CMakeFiles/livox_interfaces2__rosidl_typesupport_introspection_cpp.dir/rosidl_typesupport_introspection_cpp/livox_ros_driver2/msg/detail/custom_point__type_support.cpp.o[0m
[15.241s] [ 28%] [32mBuilding CXX object CMakeFiles/livox_interfaces2__rosidl_typesupport_introspection_cpp.dir/rosidl_typesupport_introspection_cpp/livox_ros_driver2/msg/detail/custom_msg__type_support.cpp.o[0m
[15.347s] [ 29%] [32mBuilding C object CMakeFiles/livox_interfaces2__rosidl_typesupport_introspection_c.dir/rosidl_typesupport_introspection_c/livox_ros_driver2/msg/detail/custom_msg__type_support.c.o[0m
[15.356s] [ 31%] [32mBuilding C object CMakeFiles/livox_interfaces2__rosidl_typesupport_introspection_c.dir/rosidl_typesupport_introspection_c/livox_ros_driver2/msg/detail/custom_point__type_support.c.o[0m
[15.414s] [ 33%] [32m[1mLinking C shared library liblivox_ros_driver2__rosidl_typesupport_introspection_c.so[0m
[15.460s] [ 35%] [32mBuilding CXX object CMakeFiles/livox_interfaces2__rosidl_typesupport_fastrtps_c.dir/rosidl_typesupport_fastrtps_c/livox_ros_driver2/msg/detail/custom_msg__type_support_c.cpp.o[0m
[15.463s] [ 36%] [32mBuilding CXX object CMakeFiles/livox_interfaces2__rosidl_typesupport_fastrtps_c.dir/rosidl_typesupport_fastrtps_c/livox_ros_driver2/msg/detail/custom_point__type_support_c.cpp.o[0m
[15.482s] [ 36%] Built target livox_interfaces2__rosidl_typesupport_introspection_c
[15.504s] [ 38%] [32mBuilding CXX object CMakeFiles/livox_interfaces2__rosidl_typesupport_fastrtps_cpp.dir/rosidl_typesupport_fastrtps_cpp/livox_ros_driver2/msg/detail/dds_fastrtps/custom_msg__type_support.cpp.o[0m
[15.510s] [ 40%] [32mBuilding CXX object CMakeFiles/livox_interfaces2__rosidl_typesupport_fastrtps_cpp.dir/rosidl_typesupport_fastrtps_cpp/livox_ros_driver2/msg/detail/dds_fastrtps/custom_point__type_support.cpp.o[0m
[15.555s] [ 42%] [32m[1mLinking CXX shared library liblivox_ros_driver2__rosidl_typesupport_cpp.so[0m
[15.559s] [ 43%] [32mBuilding CXX object CMakeFiles/livox_interfaces2__rosidl_typesupport_c.dir/rosidl_typesupport_c/livox_ros_driver2/msg/custom_msg__type_support.cpp.o[0m
[15.565s] [ 47%] [32m[1mLinking CXX shared library liblivox_ros_driver2__rosidl_typesupport_introspection_cpp.so[0m
[15.565s] [ 47%] [32mBuilding CXX object CMakeFiles/livox_interfaces2__rosidl_typesupport_c.dir/rosidl_typesupport_c/livox_ros_driver2/msg/custom_point__type_support.cpp.o[0m
[15.622s] [ 49%] [32m[1mLinking CXX shared library liblivox_ros_driver2__rosidl_typesupport_c.so[0m
[15.636s] [ 49%] Built target livox_interfaces2__rosidl_typesupport_cpp
[15.637s] [ 49%] Built target livox_interfaces2__rosidl_typesupport_introspection_cpp
[15.691s] [ 52%] [32mBuilding CXX object CMakeFiles/livox_ros_driver2.dir/src/comm/ldq.cpp.o[0m
[15.692s] [ 52%] [32mBuilding CXX object CMakeFiles/livox_ros_driver2.dir/src/comm/lidar_imu_data_queue.cpp.o[0m
[15.692s] [ 54%] [32mBuilding CXX object CMakeFiles/livox_ros_driver2.dir/src/comm/semaphore.cpp.o[0m
[15.692s] [ 56%] [32mBuilding CXX object CMakeFiles/livox_ros_driver2.dir/src/driver_node.cpp.o[0m
[15.692s] [ 59%] [32mBuilding CXX object CMakeFiles/livox_ros_driver2.dir/src/comm/comm.cpp.o[0m
[15.694s] [ 59%] [32mBuilding CXX object CMakeFiles/livox_ros_driver2.dir/src/lds.cpp.o[0m
[15.695s] [ 61%] [32mBuilding CXX object CMakeFiles/livox_ros_driver2.dir/src/parse_cfg_file/parse_cfg_file.cpp.o[0m
[15.695s] [ 63%] [32mBuilding CXX object CMakeFiles/livox_ros_driver2.dir/src/comm/pub_handler.cpp.o[0m
[15.696s] [ 64%] [32mBuilding CXX object CMakeFiles/livox_ros_driver2.dir/src/lddc.cpp.o[0m
[15.696s] [ 66%] [32mBuilding CXX object CMakeFiles/livox_ros_driver2.dir/src/lds_lidar.cpp.o[0m
[15.697s] [ 68%] [32mBuilding CXX object CMakeFiles/livox_ros_driver2.dir/src/parse_cfg_file/parse_livox_lidar_cfg.cpp.o[0m
[15.698s] [ 68%] Built target livox_interfaces2__rosidl_typesupport_c
[15.698s] [ 70%] [32mBuilding CXX object CMakeFiles/livox_ros_driver2.dir/src/livox_ros_driver2.cpp.o[0m
[15.701s] [ 71%] [32mBuilding CXX object CMakeFiles/livox_ros_driver2.dir/src/comm/cache_index.cpp.o[0m
[15.718s] [ 73%] [32m[1mLinking CXX shared library liblivox_ros_driver2__rosidl_typesupport_fastrtps_c.so[0m
[15.718s] [ 75%] [32mBuilding CXX object CMakeFiles/livox_ros_driver2.dir/src/call_back/lidar_common_callback.cpp.o[0m
[15.837s] [ 75%] Built target livox_interfaces2__rosidl_typesupport_fastrtps_c
[15.859s] [ 77%] [32mBuilding CXX object CMakeFiles/livox_ros_driver2.dir/src/call_back/livox_lidar_callback.cpp.o[0m
[16.173s] [ 78%] [32m[1mLinking CXX shared library liblivox_ros_driver2__rosidl_typesupport_fastrtps_cpp.so[0m
[16.319s] [ 78%] Built target livox_interfaces2__rosidl_typesupport_fastrtps_cpp
[16.353s] [ 78%] Built target livox_interfaces2
[16.387s] [ 80%] [34m[1mGenerating Python code for ROS interfaces[0m
[16.932s] [ 80%] Built target livox_interfaces2__py
[16.967s] [ 82%] [32mBuilding C object CMakeFiles/livox_interfaces2__rosidl_generator_py.dir/rosidl_generator_py/livox_ros_driver2/msg/_custom_msg_s.c.o[0m
[16.972s] [ 84%] [32mBuilding C object CMakeFiles/livox_interfaces2__rosidl_generator_py.dir/rosidl_generator_py/livox_ros_driver2/msg/_custom_point_s.c.o[0m
[17.078s] [ 85%] [32m[1mLinking C shared library rosidl_generator_py/livox_ros_driver2/liblivox_interfaces2__rosidl_generator_py.so[0m
[17.125s] [ 85%] Built target livox_interfaces2__rosidl_generator_py
[17.168s] [ 87%] [32mBuilding C object CMakeFiles/livox_ros_driver2__rosidl_typesupport_c__pyext.dir/rosidl_generator_py/livox_ros_driver2/_livox_ros_driver2_s.ep.rosidl_typesupport_c.c.o[0m
[17.169s] [ 89%] [32mBuilding C object CMakeFiles/livox_ros_driver2__rosidl_typesupport_fastrtps_c__pyext.dir/rosidl_generator_py/livox_ros_driver2/_livox_ros_driver2_s.ep.rosidl_typesupport_fastrtps_c.c.o[0m
[17.170s] [ 91%] [32mBuilding C object CMakeFiles/livox_ros_driver2__rosidl_typesupport_introspection_c__pyext.dir/rosidl_generator_py/livox_ros_driver2/_livox_ros_driver2_s.ep.rosidl_typesupport_introspection_c.c.o[0m
[17.254s] [ 92%] [32m[1mLinking C shared library rosidl_generator_py/livox_ros_driver2/livox_ros_driver2_s__rosidl_typesupport_introspection_c.cpython-310-x86_64-linux-gnu.so[0m
[17.287s] [ 94%] [32m[1mLinking C shared library rosidl_generator_py/livox_ros_driver2/livox_ros_driver2_s__rosidl_typesupport_c.cpython-310-x86_64-linux-gnu.so[0m
[17.289s] [ 96%] [32m[1mLinking C shared library rosidl_generator_py/livox_ros_driver2/livox_ros_driver2_s__rosidl_typesupport_fastrtps_c.cpython-310-x86_64-linux-gnu.so[0m
[17.325s] [ 96%] Built target livox_ros_driver2__rosidl_typesupport_introspection_c__pyext
[17.344s] [ 96%] Built target livox_ros_driver2__rosidl_typesupport_c__pyext
[17.364s] [ 96%] Built target livox_ros_driver2__rosidl_typesupport_fastrtps_c__pyext
[17.457s] [ 98%] [32m[1mLinking CXX executable livox_ros_driver2_node[0m
[17.812s] [ 98%] Built target livox_ros_driver2_node
[21.334s] [100%] [32m[1mLinking CXX shared library liblivox_ros_driver2.so[0m
[22.310s] [100%] Built target livox_ros_driver2
[22.324s] Invoked command in '/home/talon/ros2_ws/src/Sensor_drivers/ws_livox/build/livox_ros_driver2' returned '0': CMAKE_PREFIX_PATH=${CMAKE_PREFIX_PATH}:/home/talon/ros2_ws/install/talon_sensors:/home/talon/ros2_ws/install/nmea_navsat_driver:/home/talon/ros2_ws/install/imu_rviz:/home/talon/ros2_humble/install/rqt_bag_plugins:/home/talon/ros2_humble/install/rqt_bag:/home/talon/ros2_humble/install/launch_testing_examples:/home/talon/ros2_humble/install/ros2bag:/home/talon/ros2_humble/install/tracetools_test:/home/talon/ros2_humble/install/tracetools_launch:/home/talon/ros2_humble/install/topic_monitor:/home/talon/ros2_humble/install/tf2_tools:/home/talon/ros2_humble/install/examples_tf2_py:/home/talon/ros2_humble/install/tf2_ros_py:/home/talon/ros2_humble/install/sros2:/home/talon/ros2_humble/install/rqt_topic:/home/talon/ros2_humble/install/rqt_srv:/home/talon/ros2_humble/install/rqt_shell:/home/talon/ros2_humble/install/rqt_service_caller:/home/talon/ros2_humble/install/rqt_reconfigure:/home/talon/ros2_humble/install/rqt_py_console:/home/talon/ros2_humble/install/rqt_publisher:/home/talon/ros2_humble/install/rqt_plot:/home/talon/ros2_humble/install/rqt_action:/home/talon/ros2_humble/install/rqt_msg:/home/talon/ros2_humble/install/rqt_console:/home/talon/ros2_humble/install/rqt:/home/talon/ros2_humble/install/rqt_graph:/home/talon/ros2_humble/install/rqt_gui_py:/home/talon/ros2_humble/install/rqt_gui:/home/talon/ros2_humble/install/ros2trace:/home/talon/ros2_humble/install/ros2topic:/home/talon/ros2_humble/install/ros2test:/home/talon/ros2_humble/install/ros2component:/home/talon/ros2_humble/install/ros2param:/home/talon/ros2_humble/install/ros2lifecycle:/home/talon/ros2_humble/install/ros2service:/home/talon/ros2_humble/install/ros2run:/home/talon/ros2_humble/install/ros2launch:/home/talon/ros2_humble/install/ros2pkg:/home/talon/ros2_humble/install/ros2node:/home/talon/ros2_humble/install/ros2multicast:/home/talon/ros2_humble/install/ros2interface:/home/talon/ros2_humble/install/ros2doctor:/home/talon/ros2_humble/install/ros2action:/home/talon/ros2_humble/install/ros2cli:/home/talon/ros2_humble/install/quality_of_service_demo_py:/home/talon/ros2_humble/install/lifecycle_py:/home/talon/ros2_humble/install/launch_testing_ros:/home/talon/ros2_humble/install/launch_ros:/home/talon/ros2_humble/install/examples_rclpy_pointcloud_publisher:/home/talon/ros2_humble/install/examples_rclpy_minimal_subscriber:/home/talon/ros2_humble/install/examples_rclpy_minimal_service:/home/talon/ros2_humble/install/examples_rclpy_minimal_publisher:/home/talon/ros2_humble/install/examples_rclpy_minimal_client:/home/talon/ros2_humble/install/examples_rclpy_minimal_action_server:/home/talon/ros2_humble/install/examples_rclpy_minimal_action_client:/home/talon/ros2_humble/install/examples_rclpy_guard_conditions:/home/talon/ros2_humble/install/examples_rclpy_executors:/home/talon/ros2_humble/install/demo_nodes_py:/home/talon/ros2_humble/install/camera_info_manager_py:/home/talon/ros2_humble/install/action_tutorials_py:/home/talon/ros2_humble/install/ament_uncrustify:/home/talon/ros2_humble/install/tracetools_trace:/home/talon/ros2_humble/install/tracetools_read:/home/talon/ros2_humble/install/test_tracetools_launch:/home/talon/ros2_humble/install/test_launch_ros:/home/talon/ros2_humble/install/sensor_msgs_py:/home/talon/ros2_humble/install/rpyutils:/home/talon/ros2_humble/install/rosidl_runtime_py:/home/talon/ros2_humble/install/rosidl_cli:/home/talon/ros2_humble/install/launch_pytest:/home/talon/ros2_humble/install/launch_testing:/home/talon/ros2_humble/install/launch_yaml:/home/talon/ros2_humble/install/launch_xml:/home/talon/ros2_humble/install/launch:/home/talon/ros2_humble/install/osrf_pycommon:/home/talon/ros2_humble/install/domain_coordinator:/home/talon/ros2_humble/install/ament_xmllint:/home/talon/ros2_humble/install/ament_pyflakes:/home/talon/ros2_humble/install/ament_pycodestyle:/home/talon/ros2_humble/install/ament_pep257:/home/talon/ros2_humble/install/ament_pclint:/home/talon/ros2_humble/install/ament_package:/home/talon/ros2_humble/install/ament_mypy:/home/talon/ros2_humble/install/ament_lint_cmake:/home/talon/ros2_humble/install/ament_flake8:/home/talon/ros2_humble/install/ament_copyright:/home/talon/ros2_humble/install/ament_lint:/home/talon/ros2_humble/install/ament_index_python:/home/talon/ros2_humble/install/ament_cpplint:/home/talon/ros2_humble/install/ament_cppcheck:/home/talon/ros2_humble/install/ament_clang_tidy:/home/talon/ros2_humble/install/ament_clang_format:/opt/ros/humble /usr/bin/cmake --build /home/talon/ros2_ws/src/Sensor_drivers/ws_livox/build/livox_ros_driver2 -- -j18 -l18
[22.325s] Invoking command in '/home/talon/ros2_ws/src/Sensor_drivers/ws_livox/build/livox_ros_driver2': CMAKE_PREFIX_PATH=${CMAKE_PREFIX_PATH}:/home/talon/ros2_ws/install/talon_sensors:/home/talon/ros2_ws/install/nmea_navsat_driver:/home/talon/ros2_ws/install/imu_rviz:/home/talon/ros2_humble/install/rqt_bag_plugins:/home/talon/ros2_humble/install/rqt_bag:/home/talon/ros2_humble/install/launch_testing_examples:/home/talon/ros2_humble/install/ros2bag:/home/talon/ros2_humble/install/tracetools_test:/home/talon/ros2_humble/install/tracetools_launch:/home/talon/ros2_humble/install/topic_monitor:/home/talon/ros2_humble/install/tf2_tools:/home/talon/ros2_humble/install/examples_tf2_py:/home/talon/ros2_humble/install/tf2_ros_py:/home/talon/ros2_humble/install/sros2:/home/talon/ros2_humble/install/rqt_topic:/home/talon/ros2_humble/install/rqt_srv:/home/talon/ros2_humble/install/rqt_shell:/home/talon/ros2_humble/install/rqt_service_caller:/home/talon/ros2_humble/install/rqt_reconfigure:/home/talon/ros2_humble/install/rqt_py_console:/home/talon/ros2_humble/install/rqt_publisher:/home/talon/ros2_humble/install/rqt_plot:/home/talon/ros2_humble/install/rqt_action:/home/talon/ros2_humble/install/rqt_msg:/home/talon/ros2_humble/install/rqt_console:/home/talon/ros2_humble/install/rqt:/home/talon/ros2_humble/install/rqt_graph:/home/talon/ros2_humble/install/rqt_gui_py:/home/talon/ros2_humble/install/rqt_gui:/home/talon/ros2_humble/install/ros2trace:/home/talon/ros2_humble/install/ros2topic:/home/talon/ros2_humble/install/ros2test:/home/talon/ros2_humble/install/ros2component:/home/talon/ros2_humble/install/ros2param:/home/talon/ros2_humble/install/ros2lifecycle:/home/talon/ros2_humble/install/ros2service:/home/talon/ros2_humble/install/ros2run:/home/talon/ros2_humble/install/ros2launch:/home/talon/ros2_humble/install/ros2pkg:/home/talon/ros2_humble/install/ros2node:/home/talon/ros2_humble/install/ros2multicast:/home/talon/ros2_humble/install/ros2interface:/home/talon/ros2_humble/install/ros2doctor:/home/talon/ros2_humble/install/ros2action:/home/talon/ros2_humble/install/ros2cli:/home/talon/ros2_humble/install/quality_of_service_demo_py:/home/talon/ros2_humble/install/lifecycle_py:/home/talon/ros2_humble/install/launch_testing_ros:/home/talon/ros2_humble/install/launch_ros:/home/talon/ros2_humble/install/examples_rclpy_pointcloud_publisher:/home/talon/ros2_humble/install/examples_rclpy_minimal_subscriber:/home/talon/ros2_humble/install/examples_rclpy_minimal_service:/home/talon/ros2_humble/install/examples_rclpy_minimal_publisher:/home/talon/ros2_humble/install/examples_rclpy_minimal_client:/home/talon/ros2_humble/install/examples_rclpy_minimal_action_server:/home/talon/ros2_humble/install/examples_rclpy_minimal_action_client:/home/talon/ros2_humble/install/examples_rclpy_guard_conditions:/home/talon/ros2_humble/install/examples_rclpy_executors:/home/talon/ros2_humble/install/demo_nodes_py:/home/talon/ros2_humble/install/camera_info_manager_py:/home/talon/ros2_humble/install/action_tutorials_py:/home/talon/ros2_humble/install/ament_uncrustify:/home/talon/ros2_humble/install/tracetools_trace:/home/talon/ros2_humble/install/tracetools_read:/home/talon/ros2_humble/install/test_tracetools_launch:/home/talon/ros2_humble/install/test_launch_ros:/home/talon/ros2_humble/install/sensor_msgs_py:/home/talon/ros2_humble/install/rpyutils:/home/talon/ros2_humble/install/rosidl_runtime_py:/home/talon/ros2_humble/install/rosidl_cli:/home/talon/ros2_humble/install/launch_pytest:/home/talon/ros2_humble/install/launch_testing:/home/talon/ros2_humble/install/launch_yaml:/home/talon/ros2_humble/install/launch_xml:/home/talon/ros2_humble/install/launch:/home/talon/ros2_humble/install/osrf_pycommon:/home/talon/ros2_humble/install/domain_coordinator:/home/talon/ros2_humble/install/ament_xmllint:/home/talon/ros2_humble/install/ament_pyflakes:/home/talon/ros2_humble/install/ament_pycodestyle:/home/talon/ros2_humble/install/ament_pep257:/home/talon/ros2_humble/install/ament_pclint:/home/talon/ros2_humble/install/ament_package:/home/talon/ros2_humble/install/ament_mypy:/home/talon/ros2_humble/install/ament_lint_cmake:/home/talon/ros2_humble/install/ament_flake8:/home/talon/ros2_humble/install/ament_copyright:/home/talon/ros2_humble/install/ament_lint:/home/talon/ros2_humble/install/ament_index_python:/home/talon/ros2_humble/install/ament_cpplint:/home/talon/ros2_humble/install/ament_cppcheck:/home/talon/ros2_humble/install/ament_clang_tidy:/home/talon/ros2_humble/install/ament_clang_format:/opt/ros/humble /usr/bin/cmake --install /home/talon/ros2_ws/src/Sensor_drivers/ws_livox/build/livox_ros_driver2
[22.336s] -- Install configuration: ""
[22.336s] -- Installing: /home/talon/ros2_ws/src/Sensor_drivers/ws_livox/install/livox_ros_driver2/share/ament_index/resource_index/rosidl_interfaces/livox_ros_driver2
[22.336s] -- Installing: /home/talon/ros2_ws/src/Sensor_drivers/ws_livox/install/livox_ros_driver2/include/livox_ros_driver2/livox_ros_driver2
[22.336s] -- Installing: /home/talon/ros2_ws/src/Sensor_drivers/ws_livox/install/livox_ros_driver2/include/livox_ros_driver2/livox_ros_driver2/msg
[22.337s] -- Installing: /home/talon/ros2_ws/src/Sensor_drivers/ws_livox/install/livox_ros_driver2/include/livox_ros_driver2/livox_ros_driver2/msg/detail
[22.337s] -- Installing: /home/talon/ros2_ws/src/Sensor_drivers/ws_livox/install/livox_ros_driver2/include/livox_ros_driver2/livox_ros_driver2/msg/detail/custom_msg__struct.h
[22.337s] -- Installing: /home/talon/ros2_ws/src/Sensor_drivers/ws_livox/install/livox_ros_driver2/include/livox_ros_driver2/livox_ros_driver2/msg/detail/custom_point__type_support.h
[22.337s] -- Installing: /home/talon/ros2_ws/src/Sensor_drivers/ws_livox/install/livox_ros_driver2/include/livox_ros_driver2/livox_ros_driver2/msg/detail/custom_msg__type_support.h
[22.337s] -- Installing: /home/talon/ros2_ws/src/Sensor_drivers/ws_livox/install/livox_ros_driver2/include/livox_ros_driver2/livox_ros_driver2/msg/detail/custom_msg__functions.c
[22.337s] -- Installing: /home/talon/ros2_ws/src/Sensor_drivers/ws_livox/install/livox_ros_driver2/include/livox_ros_driver2/livox_ros_driver2/msg/detail/custom_point__functions.c
[22.337s] -- Installing: /home/talon/ros2_ws/src/Sensor_drivers/ws_livox/install/livox_ros_driver2/include/livox_ros_driver2/livox_ros_driver2/msg/detail/custom_point__struct.h
[22.337s] -- Installing: /home/talon/ros2_ws/src/Sensor_drivers/ws_livox/install/livox_ros_driver2/include/livox_ros_driver2/livox_ros_driver2/msg/detail/custom_msg__functions.h
[22.337s] -- Installing: /home/talon/ros2_ws/src/Sensor_drivers/ws_livox/install/livox_ros_driver2/include/livox_ros_driver2/livox_ros_driver2/msg/detail/custom_point__functions.h
[22.337s] -- Installing: /home/talon/ros2_ws/src/Sensor_drivers/ws_livox/install/livox_ros_driver2/include/livox_ros_driver2/livox_ros_driver2/msg/custom_msg.h
[22.337s] -- Installing: /home/talon/ros2_ws/src/Sensor_drivers/ws_livox/install/livox_ros_driver2/include/livox_ros_driver2/livox_ros_driver2/msg/custom_point.h
[22.337s] -- Installing: /home/talon/ros2_ws/src/Sensor_drivers/ws_livox/install/livox_ros_driver2/include/livox_ros_driver2/livox_ros_driver2/msg/rosidl_generator_c__visibility_control.h
[22.337s] -- Installing: /home/talon/ros2_ws/src/Sensor_drivers/ws_livox/install/livox_ros_driver2/share/livox_ros_driver2/environment/library_path.sh
[22.337s] -- Installing: /home/talon/ros2_ws/src/Sensor_drivers/ws_livox/install/livox_ros_driver2/share/livox_ros_driver2/environment/library_path.dsv
[22.337s] -- Installing: /home/talon/ros2_ws/src/Sensor_drivers/ws_livox/install/livox_ros_driver2/lib/liblivox_ros_driver2__rosidl_generator_c.so
[22.338s] -- Set runtime path of "/home/talon/ros2_ws/src/Sensor_drivers/ws_livox/install/livox_ros_driver2/lib/liblivox_ros_driver2__rosidl_generator_c.so" to ""
[22.338s] -- Up-to-date: /home/talon/ros2_ws/src/Sensor_drivers/ws_livox/install/livox_ros_driver2/include/livox_ros_driver2/livox_ros_driver2
[22.338s] -- Up-to-date: /home/talon/ros2_ws/src/Sensor_drivers/ws_livox/install/livox_ros_driver2/include/livox_ros_driver2/livox_ros_driver2/msg
[22.338s] -- Up-to-date: /home/talon/ros2_ws/src/Sensor_drivers/ws_livox/install/livox_ros_driver2/include/livox_ros_driver2/livox_ros_driver2/msg/detail
[22.338s] -- Installing: /home/talon/ros2_ws/src/Sensor_drivers/ws_livox/install/livox_ros_driver2/include/livox_ros_driver2/livox_ros_driver2/msg/detail/custom_msg__type_support.c
[22.338s] -- Installing: /home/talon/ros2_ws/src/Sensor_drivers/ws_livox/install/livox_ros_driver2/include/livox_ros_driver2/livox_ros_driver2/msg/detail/custom_point__type_support.c
[22.338s] -- Installing: /home/talon/ros2_ws/src/Sensor_drivers/ws_livox/install/livox_ros_driver2/include/livox_ros_driver2/livox_ros_driver2/msg/detail/custom_point__rosidl_typesupport_introspection_c.h
[22.338s] -- Installing: /home/talon/ros2_ws/src/Sensor_drivers/ws_livox/install/livox_ros_driver2/include/livox_ros_driver2/livox_ros_driver2/msg/detail/custom_msg__rosidl_typesupport_introspection_c.h
[22.338s] -- Installing: /home/talon/ros2_ws/src/Sensor_drivers/ws_livox/install/livox_ros_driver2/include/livox_ros_driver2/livox_ros_driver2/msg/rosidl_typesupport_introspection_c__visibility_control.h
[22.338s] -- Installing: /home/talon/ros2_ws/src/Sensor_drivers/ws_livox/install/livox_ros_driver2/lib/liblivox_ros_driver2__rosidl_typesupport_introspection_c.so
[22.338s] -- Set runtime path of "/home/talon/ros2_ws/src/Sensor_drivers/ws_livox/install/livox_ros_driver2/lib/liblivox_ros_driver2__rosidl_typesupport_introspection_c.so" to ""
[22.338s] -- Up-to-date: /home/talon/ros2_ws/src/Sensor_drivers/ws_livox/install/livox_ros_driver2/include/livox_ros_driver2/livox_ros_driver2
[22.338s] -- Up-to-date: /home/talon/ros2_ws/src/Sensor_drivers/ws_livox/install/livox_ros_driver2/include/livox_ros_driver2/livox_ros_driver2/msg
[22.338s] -- Installing: /home/talon/ros2_ws/src/Sensor_drivers/ws_livox/install/livox_ros_driver2/include/livox_ros_driver2/livox_ros_driver2/msg/rosidl_typesupport_fastrtps_c__visibility_control.h
[22.338s] -- Up-to-date: /home/talon/ros2_ws/src/Sensor_drivers/ws_livox/install/livox_ros_driver2/include/livox_ros_driver2/livox_ros_driver2/msg/detail
[22.339s] -- Installing: /home/talon/ros2_ws/src/Sensor_drivers/ws_livox/install/livox_ros_driver2/include/livox_ros_driver2/livox_ros_driver2/msg/detail/custom_point__rosidl_typesupport_fastrtps_c.h
[22.339s] -- Installing: /home/talon/ros2_ws/src/Sensor_drivers/ws_livox/install/livox_ros_driver2/include/livox_ros_driver2/livox_ros_driver2/msg/detail/custom_msg__rosidl_typesupport_fastrtps_c.h
[22.339s] -- Installing: /home/talon/ros2_ws/src/Sensor_drivers/ws_livox/install/livox_ros_driver2/lib/liblivox_ros_driver2__rosidl_typesupport_fastrtps_c.so
[22.339s] -- Set runtime path of "/home/talon/ros2_ws/src/Sensor_drivers/ws_livox/install/livox_ros_driver2/lib/liblivox_ros_driver2__rosidl_typesupport_fastrtps_c.so" to ""
[22.339s] -- Installing: /home/talon/ros2_ws/src/Sensor_drivers/ws_livox/install/livox_ros_driver2/lib/liblivox_ros_driver2__rosidl_typesupport_c.so
[22.339s] -- Set runtime path of "/home/talon/ros2_ws/src/Sensor_drivers/ws_livox/install/livox_ros_driver2/lib/liblivox_ros_driver2__rosidl_typesupport_c.so" to ""
[22.339s] -- Up-to-date: /home/talon/ros2_ws/src/Sensor_drivers/ws_livox/install/livox_ros_driver2/include/livox_ros_driver2/livox_ros_driver2
[22.339s] -- Up-to-date: /home/talon/ros2_ws/src/Sensor_drivers/ws_livox/install/livox_ros_driver2/include/livox_ros_driver2/livox_ros_driver2/msg
[22.339s] -- Installing: /home/talon/ros2_ws/src/Sensor_drivers/ws_livox/install/livox_ros_driver2/include/livox_ros_driver2/livox_ros_driver2/msg/custom_msg.hpp
[22.339s] -- Installing: /home/talon/ros2_ws/src/Sensor_drivers/ws_livox/install/livox_ros_driver2/include/livox_ros_driver2/livox_ros_driver2/msg/custom_point.hpp
[22.339s] -- Up-to-date: /home/talon/ros2_ws/src/Sensor_drivers/ws_livox/install/livox_ros_driver2/include/livox_ros_driver2/livox_ros_driver2/msg/detail
[22.339s] -- Installing: /home/talon/ros2_ws/src/Sensor_drivers/ws_livox/install/livox_ros_driver2/include/livox_ros_driver2/livox_ros_driver2/msg/detail/custom_point__traits.hpp
[22.339s] -- Installing: /home/talon/ros2_ws/src/Sensor_drivers/ws_livox/install/livox_ros_driver2/include/livox_ros_driver2/livox_ros_driver2/msg/detail/custom_point__type_support.hpp
[22.339s] -- Installing: /home/talon/ros2_ws/src/Sensor_drivers/ws_livox/install/livox_ros_driver2/include/livox_ros_driver2/livox_ros_driver2/msg/detail/custom_msg__builder.hpp
[22.339s] -- Installing: /home/talon/ros2_ws/src/Sensor_drivers/ws_livox/install/livox_ros_driver2/include/livox_ros_driver2/livox_ros_driver2/msg/detail/custom_msg__traits.hpp
[22.339s] -- Installing: /home/talon/ros2_ws/src/Sensor_drivers/ws_livox/install/livox_ros_driver2/include/livox_ros_driver2/livox_ros_driver2/msg/detail/custom_point__builder.hpp
[22.339s] -- Installing: /home/talon/ros2_ws/src/Sensor_drivers/ws_livox/install/livox_ros_driver2/include/livox_ros_driver2/livox_ros_driver2/msg/detail/custom_msg__type_support.hpp
[22.339s] -- Installing: /home/talon/ros2_ws/src/Sensor_drivers/ws_livox/install/livox_ros_driver2/include/livox_ros_driver2/livox_ros_driver2/msg/detail/custom_point__struct.hpp
[22.340s] -- Installing: /home/talon/ros2_ws/src/Sensor_drivers/ws_livox/install/livox_ros_driver2/include/livox_ros_driver2/livox_ros_driver2/msg/detail/custom_msg__struct.hpp
[22.340s] -- Installing: /home/talon/ros2_ws/src/Sensor_drivers/ws_livox/install/livox_ros_driver2/include/livox_ros_driver2/livox_ros_driver2/msg/rosidl_generator_cpp__visibility_control.hpp
[22.340s] -- Up-to-date: /home/talon/ros2_ws/src/Sensor_drivers/ws_livox/install/livox_ros_driver2/include/livox_ros_driver2/livox_ros_driver2
[22.340s] -- Up-to-date: /home/talon/ros2_ws/src/Sensor_drivers/ws_livox/install/livox_ros_driver2/include/livox_ros_driver2/livox_ros_driver2/msg
[22.340s] -- Up-to-date: /home/talon/ros2_ws/src/Sensor_drivers/ws_livox/install/livox_ros_driver2/include/livox_ros_driver2/livox_ros_driver2/msg/detail
[22.340s] -- Installing: /home/talon/ros2_ws/src/Sensor_drivers/ws_livox/install/livox_ros_driver2/include/livox_ros_driver2/livox_ros_driver2/msg/detail/custom_point__type_support.cpp
[22.340s] -- Installing: /home/talon/ros2_ws/src/Sensor_drivers/ws_livox/install/livox_ros_driver2/include/livox_ros_driver2/livox_ros_driver2/msg/detail/custom_msg__type_support.cpp
[22.340s] -- Installing: /home/talon/ros2_ws/src/Sensor_drivers/ws_livox/install/livox_ros_driver2/include/livox_ros_driver2/livox_ros_driver2/msg/detail/custom_msg__rosidl_typesupport_introspection_cpp.hpp
[22.340s] -- Installing: /home/talon/ros2_ws/src/Sensor_drivers/ws_livox/install/livox_ros_driver2/include/livox_ros_driver2/livox_ros_driver2/msg/detail/custom_point__rosidl_typesupport_introspection_cpp.hpp
[22.340s] -- Installing: /home/talon/ros2_ws/src/Sensor_drivers/ws_livox/install/livox_ros_driver2/lib/liblivox_ros_driver2__rosidl_typesupport_introspection_cpp.so
[22.340s] -- Set runtime path of "/home/talon/ros2_ws/src/Sensor_drivers/ws_livox/install/livox_ros_driver2/lib/liblivox_ros_driver2__rosidl_typesupport_introspection_cpp.so" to ""
[22.340s] -- Up-to-date: /home/talon/ros2_ws/src/Sensor_drivers/ws_livox/install/livox_ros_driver2/include/livox_ros_driver2/livox_ros_driver2
[22.340s] -- Up-to-date: /home/talon/ros2_ws/src/Sensor_drivers/ws_livox/install/livox_ros_driver2/include/livox_ros_driver2/livox_ros_driver2/msg
[22.340s] -- Up-to-date: /home/talon/ros2_ws/src/Sensor_drivers/ws_livox/install/livox_ros_driver2/include/livox_ros_driver2/livox_ros_driver2/msg/detail
[22.340s] -- Installing: /home/talon/ros2_ws/src/Sensor_drivers/ws_livox/install/livox_ros_driver2/include/livox_ros_driver2/livox_ros_driver2/msg/detail/custom_msg__rosidl_typesupport_fastrtps_cpp.hpp
[22.340s] -- Installing: /home/talon/ros2_ws/src/Sensor_drivers/ws_livox/install/livox_ros_driver2/include/livox_ros_driver2/livox_ros_driver2/msg/detail/custom_point__rosidl_typesupport_fastrtps_cpp.hpp
[22.340s] -- Installing: /home/talon/ros2_ws/src/Sensor_drivers/ws_livox/install/livox_ros_driver2/include/livox_ros_driver2/livox_ros_driver2/msg/detail/dds_fastrtps
[22.340s] -- Installing: /home/talon/ros2_ws/src/Sensor_drivers/ws_livox/install/livox_ros_driver2/include/livox_ros_driver2/livox_ros_driver2/msg/rosidl_typesupport_fastrtps_cpp__visibility_control.h
[22.340s] -- Installing: /home/talon/ros2_ws/src/Sensor_drivers/ws_livox/install/livox_ros_driver2/lib/liblivox_ros_driver2__rosidl_typesupport_fastrtps_cpp.so
[22.340s] -- Set runtime path of "/home/talon/ros2_ws/src/Sensor_drivers/ws_livox/install/livox_ros_driver2/lib/liblivox_ros_driver2__rosidl_typesupport_fastrtps_cpp.so" to ""
[22.340s] -- Installing: /home/talon/ros2_ws/src/Sensor_drivers/ws_livox/install/livox_ros_driver2/lib/liblivox_ros_driver2__rosidl_typesupport_cpp.so
[22.340s] -- Set runtime path of "/home/talon/ros2_ws/src/Sensor_drivers/ws_livox/install/livox_ros_driver2/lib/liblivox_ros_driver2__rosidl_typesupport_cpp.so" to ""
[22.340s] -- Installing: /home/talon/ros2_ws/src/Sensor_drivers/ws_livox/install/livox_ros_driver2/share/livox_ros_driver2/environment/pythonpath.sh
[22.340s] -- Installing: /home/talon/ros2_ws/src/Sensor_drivers/ws_livox/install/livox_ros_driver2/share/livox_ros_driver2/environment/pythonpath.dsv
[22.341s] -- Installing: /home/talon/ros2_ws/src/Sensor_drivers/ws_livox/install/livox_ros_driver2/local/lib/python3.10/dist-packages/livox_ros_driver2-1.0.0-py3.10.egg-info
[22.341s] -- Installing: /home/talon/ros2_ws/src/Sensor_drivers/ws_livox/install/livox_ros_driver2/local/lib/python3.10/dist-packages/livox_ros_driver2-1.0.0-py3.10.egg-info/PKG-INFO
[22.341s] -- Installing: /home/talon/ros2_ws/src/Sensor_drivers/ws_livox/install/livox_ros_driver2/local/lib/python3.10/dist-packages/livox_ros_driver2-1.0.0-py3.10.egg-info/top_level.txt
[22.341s] -- Installing: /home/talon/ros2_ws/src/Sensor_drivers/ws_livox/install/livox_ros_driver2/local/lib/python3.10/dist-packages/livox_ros_driver2-1.0.0-py3.10.egg-info/SOURCES.txt
[22.341s] -- Installing: /home/talon/ros2_ws/src/Sensor_drivers/ws_livox/install/livox_ros_driver2/local/lib/python3.10/dist-packages/livox_ros_driver2-1.0.0-py3.10.egg-info/dependency_links.txt
[22.341s] -- Installing: /home/talon/ros2_ws/src/Sensor_drivers/ws_livox/install/livox_ros_driver2/local/lib/python3.10/dist-packages/livox_ros_driver2
[22.341s] -- Installing: /home/talon/ros2_ws/src/Sensor_drivers/ws_livox/install/livox_ros_driver2/local/lib/python3.10/dist-packages/livox_ros_driver2/_livox_ros_driver2_s.ep.rosidl_typesupport_introspection_c.c
[22.341s] -- Installing: /home/talon/ros2_ws/src/Sensor_drivers/ws_livox/install/livox_ros_driver2/local/lib/python3.10/dist-packages/livox_ros_driver2/livox_ros_driver2_s__rosidl_typesupport_introspection_c.cpython-310-x86_64-linux-gnu.so
[22.341s] -- Installing: /home/talon/ros2_ws/src/Sensor_drivers/ws_livox/install/livox_ros_driver2/local/lib/python3.10/dist-packages/livox_ros_driver2/liblivox_interfaces2__rosidl_generator_py.so
[22.341s] -- Installing: /home/talon/ros2_ws/src/Sensor_drivers/ws_livox/install/livox_ros_driver2/local/lib/python3.10/dist-packages/livox_ros_driver2/__init__.py
[22.341s] -- Installing: /home/talon/ros2_ws/src/Sensor_drivers/ws_livox/install/livox_ros_driver2/local/lib/python3.10/dist-packages/livox_ros_driver2/msg
[22.341s] -- Installing: /home/talon/ros2_ws/src/Sensor_drivers/ws_livox/install/livox_ros_driver2/local/lib/python3.10/dist-packages/livox_ros_driver2/msg/_custom_msg.py
[22.341s] -- Installing: /home/talon/ros2_ws/src/Sensor_drivers/ws_livox/install/livox_ros_driver2/local/lib/python3.10/dist-packages/livox_ros_driver2/msg/__init__.py
[22.341s] -- Installing: /home/talon/ros2_ws/src/Sensor_drivers/ws_livox/install/livox_ros_driver2/local/lib/python3.10/dist-packages/livox_ros_driver2/msg/_custom_msg_s.c
[22.341s] -- Installing: /home/talon/ros2_ws/src/Sensor_drivers/ws_livox/install/livox_ros_driver2/local/lib/python3.10/dist-packages/livox_ros_driver2/msg/_custom_point.py
[22.341s] -- Installing: /home/talon/ros2_ws/src/Sensor_drivers/ws_livox/install/livox_ros_driver2/local/lib/python3.10/dist-packages/livox_ros_driver2/msg/_custom_point_s.c
[22.341s] -- Installing: /home/talon/ros2_ws/src/Sensor_drivers/ws_livox/install/livox_ros_driver2/local/lib/python3.10/dist-packages/livox_ros_driver2/_livox_ros_driver2_s.ep.rosidl_typesupport_fastrtps_c.c
[22.341s] -- Installing: /home/talon/ros2_ws/src/Sensor_drivers/ws_livox/install/livox_ros_driver2/local/lib/python3.10/dist-packages/livox_ros_driver2/_livox_ros_driver2_s.ep.rosidl_typesupport_c.c
[22.341s] -- Installing: /home/talon/ros2_ws/src/Sensor_drivers/ws_livox/install/livox_ros_driver2/local/lib/python3.10/dist-packages/livox_ros_driver2/livox_ros_driver2_s__rosidl_typesupport_c.cpython-310-x86_64-linux-gnu.so
[22.341s] -- Installing: /home/talon/ros2_ws/src/Sensor_drivers/ws_livox/install/livox_ros_driver2/local/lib/python3.10/dist-packages/livox_ros_driver2/livox_ros_driver2_s__rosidl_typesupport_fastrtps_c.cpython-310-x86_64-linux-gnu.so
[22.429s] Listing '/home/talon/ros2_ws/src/Sensor_drivers/ws_livox/install/livox_ros_driver2/local/lib/python3.10/dist-packages/livox_ros_driver2'...
[22.429s] Compiling '/home/talon/ros2_ws/src/Sensor_drivers/ws_livox/install/livox_ros_driver2/local/lib/python3.10/dist-packages/livox_ros_driver2/__init__.py'...
[22.429s] Listing '/home/talon/ros2_ws/src/Sensor_drivers/ws_livox/install/livox_ros_driver2/local/lib/python3.10/dist-packages/livox_ros_driver2/msg'...
[22.429s] Compiling '/home/talon/ros2_ws/src/Sensor_drivers/ws_livox/install/livox_ros_driver2/local/lib/python3.10/dist-packages/livox_ros_driver2/msg/__init__.py'...
[22.429s] Compiling '/home/talon/ros2_ws/src/Sensor_drivers/ws_livox/install/livox_ros_driver2/local/lib/python3.10/dist-packages/livox_ros_driver2/msg/_custom_msg.py'...
[22.429s] Compiling '/home/talon/ros2_ws/src/Sensor_drivers/ws_livox/install/livox_ros_driver2/local/lib/python3.10/dist-packages/livox_ros_driver2/msg/_custom_point.py'...
[22.432s] -- Installing: /home/talon/ros2_ws/src/Sensor_drivers/ws_livox/install/livox_ros_driver2/local/lib/python3.10/dist-packages/livox_ros_driver2/livox_ros_driver2_s__rosidl_typesupport_introspection_c.cpython-310-x86_64-linux-gnu.so
[22.433s] -- Set runtime path of "/home/talon/ros2_ws/src/Sensor_drivers/ws_livox/install/livox_ros_driver2/local/lib/python3.10/dist-packages/livox_ros_driver2/livox_ros_driver2_s__rosidl_typesupport_introspection_c.cpython-310-x86_64-linux-gnu.so" to ""
[22.433s] -- Installing: /home/talon/ros2_ws/src/Sensor_drivers/ws_livox/install/livox_ros_driver2/local/lib/python3.10/dist-packages/livox_ros_driver2/livox_ros_driver2_s__rosidl_typesupport_fastrtps_c.cpython-310-x86_64-linux-gnu.so
[22.433s] -- Set runtime path of "/home/talon/ros2_ws/src/Sensor_drivers/ws_livox/install/livox_ros_driver2/local/lib/python3.10/dist-packages/livox_ros_driver2/livox_ros_driver2_s__rosidl_typesupport_fastrtps_c.cpython-310-x86_64-linux-gnu.so" to ""
[22.434s] -- Installing: /home/talon/ros2_ws/src/Sensor_drivers/ws_livox/install/livox_ros_driver2/local/lib/python3.10/dist-packages/livox_ros_driver2/livox_ros_driver2_s__rosidl_typesupport_c.cpython-310-x86_64-linux-gnu.so
[22.434s] -- Set runtime path of "/home/talon/ros2_ws/src/Sensor_drivers/ws_livox/install/livox_ros_driver2/local/lib/python3.10/dist-packages/livox_ros_driver2/livox_ros_driver2_s__rosidl_typesupport_c.cpython-310-x86_64-linux-gnu.so" to ""
[22.434s] -- Installing: /home/talon/ros2_ws/src/Sensor_drivers/ws_livox/install/livox_ros_driver2/lib/liblivox_interfaces2__rosidl_generator_py.so
[22.434s] -- Set runtime path of "/home/talon/ros2_ws/src/Sensor_drivers/ws_livox/install/livox_ros_driver2/lib/liblivox_interfaces2__rosidl_generator_py.so" to ""
[22.434s] -- Installing: /home/talon/ros2_ws/src/Sensor_drivers/ws_livox/install/livox_ros_driver2/share/livox_ros_driver2/msg/CustomPoint.idl
[22.435s] -- Installing: /home/talon/ros2_ws/src/Sensor_drivers/ws_livox/install/livox_ros_driver2/share/livox_ros_driver2/msg/CustomMsg.idl
[22.435s] -- Installing: /home/talon/ros2_ws/src/Sensor_drivers/ws_livox/install/livox_ros_driver2/share/livox_ros_driver2/msg/CustomPoint.msg
[22.435s] -- Installing: /home/talon/ros2_ws/src/Sensor_drivers/ws_livox/install/livox_ros_driver2/share/livox_ros_driver2/msg/CustomMsg.msg
[22.435s] -- Installing: /home/talon/ros2_ws/src/Sensor_drivers/ws_livox/install/livox_ros_driver2/lib/livox_ros_driver2/livox_ros_driver2_node
[22.436s] -- Set runtime path of "/home/talon/ros2_ws/src/Sensor_drivers/ws_livox/install/livox_ros_driver2/lib/livox_ros_driver2/livox_ros_driver2_node" to ""
[22.436s] -- Installing: /home/talon/ros2_ws/src/Sensor_drivers/ws_livox/install/livox_ros_driver2/lib/liblivox_ros_driver2.so
[22.439s] -- Set runtime path of "/home/talon/ros2_ws/src/Sensor_drivers/ws_livox/install/livox_ros_driver2/lib/liblivox_ros_driver2.so" to ""
[22.439s] -- Installing: /home/talon/ros2_ws/src/Sensor_drivers/ws_livox/install/livox_ros_driver2/share/livox_ros_driver2/config
[22.439s] -- Installing: /home/talon/ros2_ws/src/Sensor_drivers/ws_livox/install/livox_ros_driver2/share/livox_ros_driver2/config/display_point_cloud_ROS2_front.rviz
[22.439s] -- Installing: /home/talon/ros2_ws/src/Sensor_drivers/ws_livox/install/livox_ros_driver2/share/livox_ros_driver2/config/display_point_cloud_ROS2_rear.rviz
[22.439s] -- Installing: /home/talon/ros2_ws/src/Sensor_drivers/ws_livox/install/livox_ros_driver2/share/livox_ros_driver2/config/mixed_HAP_MID360_config.json
[22.439s] -- Installing: /home/talon/ros2_ws/src/Sensor_drivers/ws_livox/install/livox_ros_driver2/share/livox_ros_driver2/config/display_point_cloud_ROS1.rviz
[22.439s] -- Installing: /home/talon/ros2_ws/src/Sensor_drivers/ws_livox/install/livox_ros_driver2/share/livox_ros_driver2/config/HAP_config.json
[22.439s] -- Installing: /home/talon/ros2_ws/src/Sensor_drivers/ws_livox/install/livox_ros_driver2/share/livox_ros_driver2/config/MID360_front_config.json
[22.439s] -- Installing: /home/talon/ros2_ws/src/Sensor_drivers/ws_livox/install/livox_ros_driver2/share/livox_ros_driver2/config/MID360_rear_config.json
[22.439s] -- Installing: /home/talon/ros2_ws/src/Sensor_drivers/ws_livox/install/livox_ros_driver2/share/livox_ros_driver2/launch_ROS2
[22.440s] -- Installing: /home/talon/ros2_ws/src/Sensor_drivers/ws_livox/install/livox_ros_driver2/share/livox_ros_driver2/launch_ROS2/rviz_MID360_front_launch.py
[22.440s] -- Installing: /home/talon/ros2_ws/src/Sensor_drivers/ws_livox/install/livox_ros_driver2/share/livox_ros_driver2/launch_ROS2/msg_HAP_launch.py
[22.440s] -- Installing: /home/talon/ros2_ws/src/Sensor_drivers/ws_livox/install/livox_ros_driver2/share/livox_ros_driver2/launch_ROS2/msg_MID360_launch.py
[22.440s] -- Installing: /home/talon/ros2_ws/src/Sensor_drivers/ws_livox/install/livox_ros_driver2/share/livox_ros_driver2/launch_ROS2/rviz_HAP_launch.py
[22.440s] -- Installing: /home/talon/ros2_ws/src/Sensor_drivers/ws_livox/install/livox_ros_driver2/share/livox_ros_driver2/launch_ROS2/rviz_mixed.py
[22.440s] -- Installing: /home/talon/ros2_ws/src/Sensor_drivers/ws_livox/install/livox_ros_driver2/share/livox_ros_driver2/launch_ROS2/rviz_MID360_rear_launch.py
[22.440s] -- Installing: /home/talon/ros2_ws/src/Sensor_drivers/ws_livox/install/livox_ros_driver2/share/ament_index/resource_index/package_run_dependencies/livox_ros_driver2
[22.440s] -- Installing: /home/talon/ros2_ws/src/Sensor_drivers/ws_livox/install/livox_ros_driver2/share/ament_index/resource_index/parent_prefix_path/livox_ros_driver2
[22.440s] -- Installing: /home/talon/ros2_ws/src/Sensor_drivers/ws_livox/install/livox_ros_driver2/share/livox_ros_driver2/environment/ament_prefix_path.sh
[22.440s] -- Installing: /home/talon/ros2_ws/src/Sensor_drivers/ws_livox/install/livox_ros_driver2/share/livox_ros_driver2/environment/ament_prefix_path.dsv
[22.440s] -- Installing: /home/talon/ros2_ws/src/Sensor_drivers/ws_livox/install/livox_ros_driver2/share/livox_ros_driver2/environment/path.sh
[22.440s] -- Installing: /home/talon/ros2_ws/src/Sensor_drivers/ws_livox/install/livox_ros_driver2/share/livox_ros_driver2/environment/path.dsv
[22.440s] -- Installing: /home/talon/ros2_ws/src/Sensor_drivers/ws_livox/install/livox_ros_driver2/share/livox_ros_driver2/local_setup.bash
[22.440s] -- Installing: /home/talon/ros2_ws/src/Sensor_drivers/ws_livox/install/livox_ros_driver2/share/livox_ros_driver2/local_setup.sh
[22.440s] -- Installing: /home/talon/ros2_ws/src/Sensor_drivers/ws_livox/install/livox_ros_driver2/share/livox_ros_driver2/local_setup.zsh
[22.440s] -- Installing: /home/talon/ros2_ws/src/Sensor_drivers/ws_livox/install/livox_ros_driver2/share/livox_ros_driver2/local_setup.dsv
[22.440s] -- Installing: /home/talon/ros2_ws/src/Sensor_drivers/ws_livox/install/livox_ros_driver2/share/livox_ros_driver2/package.dsv
[22.440s] -- Installing: /home/talon/ros2_ws/src/Sensor_drivers/ws_livox/install/livox_ros_driver2/share/ament_index/resource_index/packages/livox_ros_driver2
[22.440s] -- Installing: /home/talon/ros2_ws/src/Sensor_drivers/ws_livox/install/livox_ros_driver2/share/livox_ros_driver2/cmake/export_livox_interfaces2__rosidl_generator_cExport.cmake
[22.440s] -- Installing: /home/talon/ros2_ws/src/Sensor_drivers/ws_livox/install/livox_ros_driver2/share/livox_ros_driver2/cmake/export_livox_interfaces2__rosidl_generator_cExport-noconfig.cmake
[22.440s] -- Installing: /home/talon/ros2_ws/src/Sensor_drivers/ws_livox/install/livox_ros_driver2/share/livox_ros_driver2/cmake/livox_interfaces2__rosidl_typesupport_introspection_cExport.cmake
[22.440s] -- Installing: /home/talon/ros2_ws/src/Sensor_drivers/ws_livox/install/livox_ros_driver2/share/livox_ros_driver2/cmake/livox_interfaces2__rosidl_typesupport_introspection_cExport-noconfig.cmake
[22.441s] -- Installing: /home/talon/ros2_ws/src/Sensor_drivers/ws_livox/install/livox_ros_driver2/share/livox_ros_driver2/cmake/export_livox_interfaces2__rosidl_typesupport_fastrtps_cExport.cmake
[22.441s] -- Installing: /home/talon/ros2_ws/src/Sensor_drivers/ws_livox/install/livox_ros_driver2/share/livox_ros_driver2/cmake/export_livox_interfaces2__rosidl_typesupport_fastrtps_cExport-noconfig.cmake
[22.441s] -- Installing: /home/talon/ros2_ws/src/Sensor_drivers/ws_livox/install/livox_ros_driver2/share/livox_ros_driver2/cmake/livox_interfaces2__rosidl_typesupport_cExport.cmake
[22.441s] -- Installing: /home/talon/ros2_ws/src/Sensor_drivers/ws_livox/install/livox_ros_driver2/share/livox_ros_driver2/cmake/livox_interfaces2__rosidl_typesupport_cExport-noconfig.cmake
[22.441s] -- Installing: /home/talon/ros2_ws/src/Sensor_drivers/ws_livox/install/livox_ros_driver2/share/livox_ros_driver2/cmake/export_livox_interfaces2__rosidl_generator_cppExport.cmake
[22.441s] -- Installing: /home/talon/ros2_ws/src/Sensor_drivers/ws_livox/install/livox_ros_driver2/share/livox_ros_driver2/cmake/livox_interfaces2__rosidl_typesupport_introspection_cppExport.cmake
[22.441s] -- Installing: /home/talon/ros2_ws/src/Sensor_drivers/ws_livox/install/livox_ros_driver2/share/livox_ros_driver2/cmake/livox_interfaces2__rosidl_typesupport_introspection_cppExport-noconfig.cmake
[22.441s] -- Installing: /home/talon/ros2_ws/src/Sensor_drivers/ws_livox/install/livox_ros_driver2/share/livox_ros_driver2/cmake/export_livox_interfaces2__rosidl_typesupport_fastrtps_cppExport.cmake
[22.441s] -- Installing: /home/talon/ros2_ws/src/Sensor_drivers/ws_livox/install/livox_ros_driver2/share/livox_ros_driver2/cmake/export_livox_interfaces2__rosidl_typesupport_fastrtps_cppExport-noconfig.cmake
[22.441s] -- Installing: /home/talon/ros2_ws/src/Sensor_drivers/ws_livox/install/livox_ros_driver2/share/livox_ros_driver2/cmake/livox_interfaces2__rosidl_typesupport_cppExport.cmake
[22.441s] -- Installing: /home/talon/ros2_ws/src/Sensor_drivers/ws_livox/install/livox_ros_driver2/share/livox_ros_driver2/cmake/livox_interfaces2__rosidl_typesupport_cppExport-noconfig.cmake
[22.441s] -- Installing: /home/talon/ros2_ws/src/Sensor_drivers/ws_livox/install/livox_ros_driver2/share/livox_ros_driver2/cmake/export_livox_interfaces2__rosidl_generator_pyExport.cmake
[22.441s] -- Installing: /home/talon/ros2_ws/src/Sensor_drivers/ws_livox/install/livox_ros_driver2/share/livox_ros_driver2/cmake/export_livox_interfaces2__rosidl_generator_pyExport-noconfig.cmake
[22.441s] -- Installing: /home/talon/ros2_ws/src/Sensor_drivers/ws_livox/install/livox_ros_driver2/share/ament_index/resource_index/rclcpp_components/livox_ros_driver2
[22.441s] -- Installing: /home/talon/ros2_ws/src/Sensor_drivers/ws_livox/install/livox_ros_driver2/share/livox_ros_driver2/cmake/rosidl_cmake-extras.cmake
[22.441s] -- Installing: /home/talon/ros2_ws/src/Sensor_drivers/ws_livox/install/livox_ros_driver2/share/livox_ros_driver2/cmake/ament_cmake_export_dependencies-extras.cmake
[22.441s] -- Installing: /home/talon/ros2_ws/src/Sensor_drivers/ws_livox/install/livox_ros_driver2/share/livox_ros_driver2/cmake/ament_cmake_export_include_directories-extras.cmake
[22.441s] -- Installing: /home/talon/ros2_ws/src/Sensor_drivers/ws_livox/install/livox_ros_driver2/share/livox_ros_driver2/cmake/ament_cmake_export_libraries-extras.cmake
[22.442s] -- Installing: /home/talon/ros2_ws/src/Sensor_drivers/ws_livox/install/livox_ros_driver2/share/livox_ros_driver2/cmake/ament_cmake_export_targets-extras.cmake
[22.442s] -- Installing: /home/talon/ros2_ws/src/Sensor_drivers/ws_livox/install/livox_ros_driver2/share/livox_ros_driver2/cmake/rosidl_cmake_export_typesupport_targets-extras.cmake
[22.442s] -- Installing: /home/talon/ros2_ws/src/Sensor_drivers/ws_livox/install/livox_ros_driver2/share/livox_ros_driver2/cmake/rosidl_cmake_export_typesupport_libraries-extras.cmake
[22.442s] -- Installing: /home/talon/ros2_ws/src/Sensor_drivers/ws_livox/install/livox_ros_driver2/share/livox_ros_driver2/cmake/livox_ros_driver2Config.cmake
[22.442s] -- Installing: /home/talon/ros2_ws/src/Sensor_drivers/ws_livox/install/livox_ros_driver2/share/livox_ros_driver2/cmake/livox_ros_driver2Config-version.cmake
[22.442s] -- Installing: /home/talon/ros2_ws/src/Sensor_drivers/ws_livox/install/livox_ros_driver2/share/livox_ros_driver2/package.xml
[22.444s] Invoked command in '/home/talon/ros2_ws/src/Sensor_drivers/ws_livox/build/livox_ros_driver2' returned '0': CMAKE_PREFIX_PATH=${CMAKE_PREFIX_PATH}:/home/talon/ros2_ws/install/talon_sensors:/home/talon/ros2_ws/install/nmea_navsat_driver:/home/talon/ros2_ws/install/imu_rviz:/home/talon/ros2_humble/install/rqt_bag_plugins:/home/talon/ros2_humble/install/rqt_bag:/home/talon/ros2_humble/install/launch_testing_examples:/home/talon/ros2_humble/install/ros2bag:/home/talon/ros2_humble/install/tracetools_test:/home/talon/ros2_humble/install/tracetools_launch:/home/talon/ros2_humble/install/topic_monitor:/home/talon/ros2_humble/install/tf2_tools:/home/talon/ros2_humble/install/examples_tf2_py:/home/talon/ros2_humble/install/tf2_ros_py:/home/talon/ros2_humble/install/sros2:/home/talon/ros2_humble/install/rqt_topic:/home/talon/ros2_humble/install/rqt_srv:/home/talon/ros2_humble/install/rqt_shell:/home/talon/ros2_humble/install/rqt_service_caller:/home/talon/ros2_humble/install/rqt_reconfigure:/home/talon/ros2_humble/install/rqt_py_console:/home/talon/ros2_humble/install/rqt_publisher:/home/talon/ros2_humble/install/rqt_plot:/home/talon/ros2_humble/install/rqt_action:/home/talon/ros2_humble/install/rqt_msg:/home/talon/ros2_humble/install/rqt_console:/home/talon/ros2_humble/install/rqt:/home/talon/ros2_humble/install/rqt_graph:/home/talon/ros2_humble/install/rqt_gui_py:/home/talon/ros2_humble/install/rqt_gui:/home/talon/ros2_humble/install/ros2trace:/home/talon/ros2_humble/install/ros2topic:/home/talon/ros2_humble/install/ros2test:/home/talon/ros2_humble/install/ros2component:/home/talon/ros2_humble/install/ros2param:/home/talon/ros2_humble/install/ros2lifecycle:/home/talon/ros2_humble/install/ros2service:/home/talon/ros2_humble/install/ros2run:/home/talon/ros2_humble/install/ros2launch:/home/talon/ros2_humble/install/ros2pkg:/home/talon/ros2_humble/install/ros2node:/home/talon/ros2_humble/install/ros2multicast:/home/talon/ros2_humble/install/ros2interface:/home/talon/ros2_humble/install/ros2doctor:/home/talon/ros2_humble/install/ros2action:/home/talon/ros2_humble/install/ros2cli:/home/talon/ros2_humble/install/quality_of_service_demo_py:/home/talon/ros2_humble/install/lifecycle_py:/home/talon/ros2_humble/install/launch_testing_ros:/home/talon/ros2_humble/install/launch_ros:/home/talon/ros2_humble/install/examples_rclpy_pointcloud_publisher:/home/talon/ros2_humble/install/examples_rclpy_minimal_subscriber:/home/talon/ros2_humble/install/examples_rclpy_minimal_service:/home/talon/ros2_humble/install/examples_rclpy_minimal_publisher:/home/talon/ros2_humble/install/examples_rclpy_minimal_client:/home/talon/ros2_humble/install/examples_rclpy_minimal_action_server:/home/talon/ros2_humble/install/examples_rclpy_minimal_action_client:/home/talon/ros2_humble/install/examples_rclpy_guard_conditions:/home/talon/ros2_humble/install/examples_rclpy_executors:/home/talon/ros2_humble/install/demo_nodes_py:/home/talon/ros2_humble/install/camera_info_manager_py:/home/talon/ros2_humble/install/action_tutorials_py:/home/talon/ros2_humble/install/ament_uncrustify:/home/talon/ros2_humble/install/tracetools_trace:/home/talon/ros2_humble/install/tracetools_read:/home/talon/ros2_humble/install/test_tracetools_launch:/home/talon/ros2_humble/install/test_launch_ros:/home/talon/ros2_humble/install/sensor_msgs_py:/home/talon/ros2_humble/install/rpyutils:/home/talon/ros2_humble/install/rosidl_runtime_py:/home/talon/ros2_humble/install/rosidl_cli:/home/talon/ros2_humble/install/launch_pytest:/home/talon/ros2_humble/install/launch_testing:/home/talon/ros2_humble/install/launch_yaml:/home/talon/ros2_humble/install/launch_xml:/home/talon/ros2_humble/install/launch:/home/talon/ros2_humble/install/osrf_pycommon:/home/talon/ros2_humble/install/domain_coordinator:/home/talon/ros2_humble/install/ament_xmllint:/home/talon/ros2_humble/install/ament_pyflakes:/home/talon/ros2_humble/install/ament_pycodestyle:/home/talon/ros2_humble/install/ament_pep257:/home/talon/ros2_humble/install/ament_pclint:/home/talon/ros2_humble/install/ament_package:/home/talon/ros2_humble/install/ament_mypy:/home/talon/ros2_humble/install/ament_lint_cmake:/home/talon/ros2_humble/install/ament_flake8:/home/talon/ros2_humble/install/ament_copyright:/home/talon/ros2_humble/install/ament_lint:/home/talon/ros2_humble/install/ament_index_python:/home/talon/ros2_humble/install/ament_cpplint:/home/talon/ros2_humble/install/ament_cppcheck:/home/talon/ros2_humble/install/ament_clang_tidy:/home/talon/ros2_humble/install/ament_clang_format:/opt/ros/humble /usr/bin/cmake --install /home/talon/ros2_ws/src/Sensor_drivers/ws_livox/build/livox_ros_driver2
