[0.054s] DEBUG:colcon:Command line arguments: ['/usr/bin/colcon', 'build', '--cmake-args', '-DROS_EDITION=ROS2', '-DHUMBLE_ROS=humble']
[0.054s] DEBUG:colcon:Parsed command line arguments: Namespace(log_base=None, log_level=None, verb_name='build', build_base='build', install_base='install', merge_install=False, symlink_install=False, test_result_base=None, continue_on_error=False, executor='parallel', parallel_workers=32, event_handlers=None, ignore_user_meta=False, metas=['./colcon.meta'], base_paths=['.'], packages_ignore=None, packages_ignore_regex=None, paths=None, packages_up_to=None, packages_up_to_regex=None, packages_above=None, packages_above_and_dependencies=None, packages_above_depth=None, packages_select_by_dep=None, packages_skip_by_dep=None, packages_skip_up_to=None, packages_select_build_failed=False, packages_skip_build_finished=False, packages_select_test_failures=False, packages_skip_test_passed=False, packages_select=None, packages_skip=None, packages_select_regex=None, packages_skip_regex=None, packages_start=None, packages_end=None, allow_overriding=[], cmake_args=['-DROS_EDITION=ROS2', '-DHUMBLE_ROS=humble'], cmake_target=None, cmake_target_skip_unavailable=False, cmake_clean_cache=False, cmake_clean_first=False, cmake_force_configure=False, ament_cmake_args=None, catkin_cmake_args=None, catkin_skip_building_tests=False, mixin_files=None, mixin=None, verb_parser=<colcon_mixin.mixin.mixin_argument.MixinArgumentDecorator object at 0x7792a5e69d50>, verb_extension=<colcon_core.verb.build.BuildVerb object at 0x7792a5e69840>, main=<bound method BuildVerb.main of <colcon_core.verb.build.BuildVerb object at 0x7792a5e69840>>, mixin_verb=('build',))
[0.160s] Level 1:colcon.colcon_core.package_discovery:discover_packages(colcon_meta) check parameters
[0.160s] Level 1:colcon.colcon_core.package_discovery:discover_packages(recursive) check parameters
[0.160s] Level 1:colcon.colcon_core.package_discovery:discover_packages(ignore) check parameters
[0.160s] Level 1:colcon.colcon_core.package_discovery:discover_packages(path) check parameters
[0.160s] Level 1:colcon.colcon_core.package_discovery:discover_packages(colcon_meta) discover
[0.160s] Level 1:colcon.colcon_core.package_discovery:discover_packages(recursive) discover
[0.160s] INFO:colcon.colcon_core.package_discovery:Crawling recursively for packages in '/home/smarthc/ros2_ws/src/Sensor_drivers/ws_livox'
[0.160s] Level 1:colcon.colcon_core.package_identification:_identify(.) by extensions ['ignore', 'ignore_ament_install']
[0.160s] Level 1:colcon.colcon_core.package_identification:_identify(.) by extension 'ignore'
[0.160s] Level 1:colcon.colcon_core.package_identification:_identify(.) by extension 'ignore_ament_install'
[0.160s] Level 1:colcon.colcon_core.package_identification:_identify(.) by extensions ['colcon_pkg']
[0.160s] Level 1:colcon.colcon_core.package_identification:_identify(.) by extension 'colcon_pkg'
[0.160s] Level 1:colcon.colcon_core.package_identification:_identify(.) by extensions ['colcon_meta']
[0.160s] Level 1:colcon.colcon_core.package_identification:_identify(.) by extension 'colcon_meta'
[0.160s] Level 1:colcon.colcon_core.package_identification:_identify(.) by extensions ['ros']
[0.160s] Level 1:colcon.colcon_core.package_identification:_identify(.) by extension 'ros'
[0.171s] Level 1:colcon.colcon_core.package_identification:_identify(.) by extensions ['cmake', 'python']
[0.171s] Level 1:colcon.colcon_core.package_identification:_identify(.) by extension 'cmake'
[0.171s] Level 1:colcon.colcon_core.package_identification:_identify(.) by extension 'python'
[0.171s] Level 1:colcon.colcon_core.package_identification:_identify(.) by extensions ['python_setup_py']
[0.171s] Level 1:colcon.colcon_core.package_identification:_identify(.) by extension 'python_setup_py'
[0.171s] Level 1:colcon.colcon_core.package_identification:_identify(build) by extensions ['ignore', 'ignore_ament_install']
[0.171s] Level 1:colcon.colcon_core.package_identification:_identify(build) by extension 'ignore'
[0.171s] Level 1:colcon.colcon_core.package_identification:_identify(build) ignored
[0.171s] Level 1:colcon.colcon_core.package_identification:_identify(install) by extensions ['ignore', 'ignore_ament_install']
[0.171s] Level 1:colcon.colcon_core.package_identification:_identify(install) by extension 'ignore'
[0.171s] Level 1:colcon.colcon_core.package_identification:_identify(install) ignored
[0.171s] Level 1:colcon.colcon_core.package_identification:_identify(log) by extensions ['ignore', 'ignore_ament_install']
[0.171s] Level 1:colcon.colcon_core.package_identification:_identify(log) by extension 'ignore'
[0.171s] Level 1:colcon.colcon_core.package_identification:_identify(log) ignored
[0.171s] Level 1:colcon.colcon_core.package_identification:_identify(src) by extensions ['ignore', 'ignore_ament_install']
[0.171s] Level 1:colcon.colcon_core.package_identification:_identify(src) by extension 'ignore'
[0.171s] Level 1:colcon.colcon_core.package_identification:_identify(src) by extension 'ignore_ament_install'
[0.171s] Level 1:colcon.colcon_core.package_identification:_identify(src) by extensions ['colcon_pkg']
[0.171s] Level 1:colcon.colcon_core.package_identification:_identify(src) by extension 'colcon_pkg'
[0.171s] Level 1:colcon.colcon_core.package_identification:_identify(src) by extensions ['colcon_meta']
[0.171s] Level 1:colcon.colcon_core.package_identification:_identify(src) by extension 'colcon_meta'
[0.171s] Level 1:colcon.colcon_core.package_identification:_identify(src) by extensions ['ros']
[0.171s] Level 1:colcon.colcon_core.package_identification:_identify(src) by extension 'ros'
[0.171s] Level 1:colcon.colcon_core.package_identification:_identify(src) by extensions ['cmake', 'python']
[0.171s] Level 1:colcon.colcon_core.package_identification:_identify(src) by extension 'cmake'
[0.171s] Level 1:colcon.colcon_core.package_identification:_identify(src) by extension 'python'
[0.171s] Level 1:colcon.colcon_core.package_identification:_identify(src) by extensions ['python_setup_py']
[0.171s] Level 1:colcon.colcon_core.package_identification:_identify(src) by extension 'python_setup_py'
[0.171s] Level 1:colcon.colcon_core.package_identification:_identify(src/Livox-SDK2) by extensions ['ignore', 'ignore_ament_install']
[0.171s] Level 1:colcon.colcon_core.package_identification:_identify(src/Livox-SDK2) by extension 'ignore'
[0.171s] Level 1:colcon.colcon_core.package_identification:_identify(src/Livox-SDK2) by extension 'ignore_ament_install'
[0.171s] Level 1:colcon.colcon_core.package_identification:_identify(src/Livox-SDK2) by extensions ['colcon_pkg']
[0.172s] Level 1:colcon.colcon_core.package_identification:_identify(src/Livox-SDK2) by extension 'colcon_pkg'
[0.172s] Level 1:colcon.colcon_core.package_identification:_identify(src/Livox-SDK2) by extensions ['colcon_meta']
[0.172s] Level 1:colcon.colcon_core.package_identification:_identify(src/Livox-SDK2) by extension 'colcon_meta'
[0.172s] Level 1:colcon.colcon_core.package_identification:_identify(src/Livox-SDK2) by extensions ['ros']
[0.172s] Level 1:colcon.colcon_core.package_identification:_identify(src/Livox-SDK2) by extension 'ros'
[0.172s] Level 1:colcon.colcon_core.package_identification:_identify(src/Livox-SDK2) by extensions ['cmake', 'python']
[0.172s] Level 1:colcon.colcon_core.package_identification:_identify(src/Livox-SDK2) by extension 'cmake'
[0.176s] Level 1:colcon.colcon_core.package_identification:_identify(src/Livox-SDK2) by extension 'python'
[0.176s] DEBUG:colcon.colcon_core.package_identification:Package 'src/Livox-SDK2' with type 'cmake' and name 'livox_sdk2'
[0.176s] Level 1:colcon.colcon_core.package_identification:_identify(src/livox_ros_driver2) by extensions ['ignore', 'ignore_ament_install']
[0.176s] Level 1:colcon.colcon_core.package_identification:_identify(src/livox_ros_driver2) by extension 'ignore'
[0.176s] Level 1:colcon.colcon_core.package_identification:_identify(src/livox_ros_driver2) by extension 'ignore_ament_install'
[0.176s] Level 1:colcon.colcon_core.package_identification:_identify(src/livox_ros_driver2) by extensions ['colcon_pkg']
[0.176s] Level 1:colcon.colcon_core.package_identification:_identify(src/livox_ros_driver2) by extension 'colcon_pkg'
[0.176s] Level 1:colcon.colcon_core.package_identification:_identify(src/livox_ros_driver2) by extensions ['colcon_meta']
[0.176s] Level 1:colcon.colcon_core.package_identification:_identify(src/livox_ros_driver2) by extension 'colcon_meta'
[0.176s] Level 1:colcon.colcon_core.package_identification:_identify(src/livox_ros_driver2) by extensions ['ros']
[0.176s] Level 1:colcon.colcon_core.package_identification:_identify(src/livox_ros_driver2) by extension 'ros'
[0.178s] DEBUG:colcon.colcon_core.package_identification:Package 'src/livox_ros_driver2' with type 'ros.ament_cmake' and name 'livox_ros_driver2'
[0.178s] Level 1:colcon.colcon_core.package_discovery:discover_packages(recursive) using defaults
[0.178s] Level 1:colcon.colcon_core.package_discovery:discover_packages(ignore) discover
[0.178s] Level 1:colcon.colcon_core.package_discovery:discover_packages(ignore) using defaults
[0.178s] Level 1:colcon.colcon_core.package_discovery:discover_packages(path) discover
[0.178s] Level 1:colcon.colcon_core.package_discovery:discover_packages(path) using defaults
[0.187s] Level 1:colcon.colcon_core.package_discovery:discover_packages(prefix_path) check parameters
[0.187s] Level 1:colcon.colcon_core.package_discovery:discover_packages(prefix_path) discover
[0.188s] DEBUG:colcon.colcon_installed_package_information.package_discovery:Found 16 installed packages in /home/smarthc/ros2_ws/install
[0.189s] DEBUG:colcon.colcon_installed_package_information.package_discovery:Found 323 installed packages in /opt/ros/humble
[0.190s] Level 1:colcon.colcon_core.package_discovery:discover_packages(prefix_path) using defaults
[0.207s] Level 5:colcon.colcon_core.verb:set package 'livox_ros_driver2' build argument 'cmake_args' from command line to '['-DROS_EDITION=ROS2', '-DHUMBLE_ROS=humble']'
[0.207s] Level 5:colcon.colcon_core.verb:set package 'livox_ros_driver2' build argument 'cmake_target' from command line to 'None'
[0.207s] Level 5:colcon.colcon_core.verb:set package 'livox_ros_driver2' build argument 'cmake_target_skip_unavailable' from command line to 'False'
[0.207s] Level 5:colcon.colcon_core.verb:set package 'livox_ros_driver2' build argument 'cmake_clean_cache' from command line to 'False'
[0.207s] Level 5:colcon.colcon_core.verb:set package 'livox_ros_driver2' build argument 'cmake_clean_first' from command line to 'False'
[0.207s] Level 5:colcon.colcon_core.verb:set package 'livox_ros_driver2' build argument 'cmake_force_configure' from command line to 'False'
[0.207s] Level 5:colcon.colcon_core.verb:set package 'livox_ros_driver2' build argument 'ament_cmake_args' from command line to 'None'
[0.207s] Level 5:colcon.colcon_core.verb:set package 'livox_ros_driver2' build argument 'catkin_cmake_args' from command line to 'None'
[0.207s] Level 5:colcon.colcon_core.verb:set package 'livox_ros_driver2' build argument 'catkin_skip_building_tests' from command line to 'False'
[0.207s] DEBUG:colcon.colcon_core.verb:Building package 'livox_ros_driver2' with the following arguments: {'ament_cmake_args': None, 'build_base': '/home/smarthc/ros2_ws/src/Sensor_drivers/ws_livox/build/livox_ros_driver2', 'catkin_cmake_args': None, 'catkin_skip_building_tests': False, 'cmake_args': ['-DROS_EDITION=ROS2', '-DHUMBLE_ROS=humble'], 'cmake_clean_cache': False, 'cmake_clean_first': False, 'cmake_force_configure': False, 'cmake_target': None, 'cmake_target_skip_unavailable': False, 'install_base': '/home/smarthc/ros2_ws/src/Sensor_drivers/ws_livox/install/livox_ros_driver2', 'merge_install': False, 'path': '/home/smarthc/ros2_ws/src/Sensor_drivers/ws_livox/src/livox_ros_driver2', 'symlink_install': False, 'test_result_base': None}
[0.207s] Level 5:colcon.colcon_core.verb:set package 'livox_sdk2' build argument 'cmake_args' from command line to '['-DROS_EDITION=ROS2', '-DHUMBLE_ROS=humble']'
[0.207s] Level 5:colcon.colcon_core.verb:set package 'livox_sdk2' build argument 'cmake_target' from command line to 'None'
[0.207s] Level 5:colcon.colcon_core.verb:set package 'livox_sdk2' build argument 'cmake_target_skip_unavailable' from command line to 'False'
[0.207s] Level 5:colcon.colcon_core.verb:set package 'livox_sdk2' build argument 'cmake_clean_cache' from command line to 'False'
[0.207s] Level 5:colcon.colcon_core.verb:set package 'livox_sdk2' build argument 'cmake_clean_first' from command line to 'False'
[0.207s] Level 5:colcon.colcon_core.verb:set package 'livox_sdk2' build argument 'cmake_force_configure' from command line to 'False'
[0.207s] Level 5:colcon.colcon_core.verb:set package 'livox_sdk2' build argument 'ament_cmake_args' from command line to 'None'
[0.207s] Level 5:colcon.colcon_core.verb:set package 'livox_sdk2' build argument 'catkin_cmake_args' from command line to 'None'
[0.207s] Level 5:colcon.colcon_core.verb:set package 'livox_sdk2' build argument 'catkin_skip_building_tests' from command line to 'False'
[0.207s] DEBUG:colcon.colcon_core.verb:Building package 'livox_sdk2' with the following arguments: {'ament_cmake_args': None, 'build_base': '/home/smarthc/ros2_ws/src/Sensor_drivers/ws_livox/build/livox_sdk2', 'catkin_cmake_args': None, 'catkin_skip_building_tests': False, 'cmake_args': ['-DROS_EDITION=ROS2', '-DHUMBLE_ROS=humble'], 'cmake_clean_cache': False, 'cmake_clean_first': False, 'cmake_force_configure': False, 'cmake_target': None, 'cmake_target_skip_unavailable': False, 'install_base': '/home/smarthc/ros2_ws/src/Sensor_drivers/ws_livox/install/livox_sdk2', 'merge_install': False, 'path': '/home/smarthc/ros2_ws/src/Sensor_drivers/ws_livox/src/Livox-SDK2', 'symlink_install': False, 'test_result_base': None}
[0.207s] INFO:colcon.colcon_core.executor:Executing jobs using 'parallel' executor
[0.208s] DEBUG:colcon.colcon_parallel_executor.executor.parallel:run_until_complete
[0.209s] INFO:colcon.colcon_ros.task.ament_cmake.build:Building ROS package in '/home/smarthc/ros2_ws/src/Sensor_drivers/ws_livox/src/livox_ros_driver2' with build type 'ament_cmake'
[0.209s] INFO:colcon.colcon_cmake.task.cmake.build:Building CMake package in '/home/smarthc/ros2_ws/src/Sensor_drivers/ws_livox/src/livox_ros_driver2'
[0.210s] INFO:colcon.colcon_core.plugin_system:Skipping extension 'colcon_core.shell.bat': Not used on non-Windows systems
[0.210s] INFO:colcon.colcon_core.shell:Skip shell extension 'powershell' for command environment: Not usable outside of PowerShell
[0.210s] DEBUG:colcon.colcon_core.shell:Skip shell extension 'dsv' for command environment
[0.212s] INFO:colcon.colcon_cmake.task.cmake.build:Building CMake package in '/home/smarthc/ros2_ws/src/Sensor_drivers/ws_livox/src/Livox-SDK2'
[0.212s] INFO:colcon.colcon_core.shell:Skip shell extension 'powershell' for command environment: Not usable outside of PowerShell
[0.212s] DEBUG:colcon.colcon_core.shell:Skip shell extension 'dsv' for command environment
[0.216s] DEBUG:colcon.colcon_core.event_handler.log_command:Invoking command in '/home/smarthc/ros2_ws/src/Sensor_drivers/ws_livox/build/livox_ros_driver2': CMAKE_PREFIX_PATH=${CMAKE_PREFIX_PATH}:/home/smarthc/ros2_ws/install/utils:/home/smarthc/ros2_ws/install/object_detection:/home/smarthc/ros2_ws/install/local_pkg:/opt/ros/humble /usr/bin/cmake /home/smarthc/ros2_ws/src/Sensor_drivers/ws_livox/src/livox_ros_driver2 -DROS_EDITION=ROS2 -DHUMBLE_ROS=humble -DCMAKE_INSTALL_PREFIX=/home/smarthc/ros2_ws/src/Sensor_drivers/ws_livox/install/livox_ros_driver2
[0.218s] DEBUG:colcon.colcon_core.event_handler.log_command:Invoking command in '/home/smarthc/ros2_ws/src/Sensor_drivers/ws_livox/build/livox_sdk2': /usr/bin/cmake /home/smarthc/ros2_ws/src/Sensor_drivers/ws_livox/src/Livox-SDK2 -DROS_EDITION=ROS2 -DHUMBLE_ROS=humble -DCMAKE_INSTALL_PREFIX=/home/smarthc/ros2_ws/src/Sensor_drivers/ws_livox/install/livox_sdk2
[0.470s] DEBUG:colcon.colcon_core.event_handler.log_command:Invoked command in '/home/smarthc/ros2_ws/src/Sensor_drivers/ws_livox/build/livox_sdk2' returned '0': /usr/bin/cmake /home/smarthc/ros2_ws/src/Sensor_drivers/ws_livox/src/Livox-SDK2 -DROS_EDITION=ROS2 -DHUMBLE_ROS=humble -DCMAKE_INSTALL_PREFIX=/home/smarthc/ros2_ws/src/Sensor_drivers/ws_livox/install/livox_sdk2
[0.471s] DEBUG:colcon.colcon_core.event_handler.log_command:Invoking command in '/home/smarthc/ros2_ws/src/Sensor_drivers/ws_livox/build/livox_sdk2': /usr/bin/cmake --build /home/smarthc/ros2_ws/src/Sensor_drivers/ws_livox/build/livox_sdk2
[2.915s] DEBUG:colcon.colcon_core.event_handler.log_command:Invoked command in '/home/smarthc/ros2_ws/src/Sensor_drivers/ws_livox/build/livox_ros_driver2' returned '0': CMAKE_PREFIX_PATH=${CMAKE_PREFIX_PATH}:/home/smarthc/ros2_ws/install/utils:/home/smarthc/ros2_ws/install/object_detection:/home/smarthc/ros2_ws/install/local_pkg:/opt/ros/humble /usr/bin/cmake /home/smarthc/ros2_ws/src/Sensor_drivers/ws_livox/src/livox_ros_driver2 -DROS_EDITION=ROS2 -DHUMBLE_ROS=humble -DCMAKE_INSTALL_PREFIX=/home/smarthc/ros2_ws/src/Sensor_drivers/ws_livox/install/livox_ros_driver2
[2.917s] DEBUG:colcon.colcon_core.event_handler.log_command:Invoking command in '/home/smarthc/ros2_ws/src/Sensor_drivers/ws_livox/build/livox_ros_driver2': CMAKE_PREFIX_PATH=${CMAKE_PREFIX_PATH}:/home/smarthc/ros2_ws/install/utils:/home/smarthc/ros2_ws/install/object_detection:/home/smarthc/ros2_ws/install/local_pkg:/opt/ros/humble /usr/bin/cmake --build /home/smarthc/ros2_ws/src/Sensor_drivers/ws_livox/build/livox_ros_driver2
[22.535s] DEBUG:colcon.colcon_core.event_handler.log_command:Invoked command in '/home/smarthc/ros2_ws/src/Sensor_drivers/ws_livox/build/livox_ros_driver2' returned '0': CMAKE_PREFIX_PATH=${CMAKE_PREFIX_PATH}:/home/smarthc/ros2_ws/install/utils:/home/smarthc/ros2_ws/install/object_detection:/home/smarthc/ros2_ws/install/local_pkg:/opt/ros/humble /usr/bin/cmake --build /home/smarthc/ros2_ws/src/Sensor_drivers/ws_livox/build/livox_ros_driver2
[22.543s] DEBUG:colcon.colcon_core.event_handler.log_command:Invoking command in '/home/smarthc/ros2_ws/src/Sensor_drivers/ws_livox/build/livox_ros_driver2': CMAKE_PREFIX_PATH=${CMAKE_PREFIX_PATH}:/home/smarthc/ros2_ws/install/utils:/home/smarthc/ros2_ws/install/object_detection:/home/smarthc/ros2_ws/install/local_pkg:/opt/ros/humble /usr/bin/cmake --install /home/smarthc/ros2_ws/src/Sensor_drivers/ws_livox/build/livox_ros_driver2
[22.578s] Level 1:colcon.colcon_core.environment:create_environment_scripts_only(livox_ros_driver2)
[22.578s] DEBUG:colcon.colcon_core.event_handler.log_command:Invoked command in '/home/smarthc/ros2_ws/src/Sensor_drivers/ws_livox/build/livox_ros_driver2' returned '0': CMAKE_PREFIX_PATH=${CMAKE_PREFIX_PATH}:/home/smarthc/ros2_ws/install/utils:/home/smarthc/ros2_ws/install/object_detection:/home/smarthc/ros2_ws/install/local_pkg:/opt/ros/humble /usr/bin/cmake --install /home/smarthc/ros2_ws/src/Sensor_drivers/ws_livox/build/livox_ros_driver2
[22.580s] Level 1:colcon.colcon_core.environment:checking '/home/smarthc/ros2_ws/src/Sensor_drivers/ws_livox/install/livox_ros_driver2' for CMake module files
[22.581s] Level 1:colcon.colcon_core.environment:checking '/home/smarthc/ros2_ws/src/Sensor_drivers/ws_livox/install/livox_ros_driver2' for CMake config files
[22.581s] Level 1:colcon.colcon_core.shell:create_environment_hook('livox_ros_driver2', 'cmake_prefix_path')
[22.581s] INFO:colcon.colcon_core.shell:Creating environment hook '/home/smarthc/ros2_ws/src/Sensor_drivers/ws_livox/install/livox_ros_driver2/share/livox_ros_driver2/hook/cmake_prefix_path.ps1'
[22.582s] INFO:colcon.colcon_core.shell:Creating environment descriptor '/home/smarthc/ros2_ws/src/Sensor_drivers/ws_livox/install/livox_ros_driver2/share/livox_ros_driver2/hook/cmake_prefix_path.dsv'
[22.582s] INFO:colcon.colcon_core.shell:Creating environment hook '/home/smarthc/ros2_ws/src/Sensor_drivers/ws_livox/install/livox_ros_driver2/share/livox_ros_driver2/hook/cmake_prefix_path.sh'
[22.582s] Level 1:colcon.colcon_core.environment:checking '/home/smarthc/ros2_ws/src/Sensor_drivers/ws_livox/install/livox_ros_driver2/lib'
[22.583s] Level 1:colcon.colcon_core.shell:create_environment_hook('livox_ros_driver2', 'ld_library_path_lib')
[22.583s] INFO:colcon.colcon_core.shell:Creating environment hook '/home/smarthc/ros2_ws/src/Sensor_drivers/ws_livox/install/livox_ros_driver2/share/livox_ros_driver2/hook/ld_library_path_lib.ps1'
[22.583s] INFO:colcon.colcon_core.shell:Creating environment descriptor '/home/smarthc/ros2_ws/src/Sensor_drivers/ws_livox/install/livox_ros_driver2/share/livox_ros_driver2/hook/ld_library_path_lib.dsv'
[22.583s] INFO:colcon.colcon_core.shell:Creating environment hook '/home/smarthc/ros2_ws/src/Sensor_drivers/ws_livox/install/livox_ros_driver2/share/livox_ros_driver2/hook/ld_library_path_lib.sh'
[22.584s] Level 1:colcon.colcon_core.environment:checking '/home/smarthc/ros2_ws/src/Sensor_drivers/ws_livox/install/livox_ros_driver2/bin'
[22.584s] Level 1:colcon.colcon_core.environment:checking '/home/smarthc/ros2_ws/src/Sensor_drivers/ws_livox/install/livox_ros_driver2/lib/pkgconfig/livox_ros_driver2.pc'
[22.584s] Level 1:colcon.colcon_core.environment:checking '/home/smarthc/ros2_ws/src/Sensor_drivers/ws_livox/install/livox_ros_driver2/lib/python3.10/site-packages'
[22.584s] Level 1:colcon.colcon_core.environment:checking '/home/smarthc/ros2_ws/src/Sensor_drivers/ws_livox/install/livox_ros_driver2/bin'
[22.584s] INFO:colcon.colcon_core.shell:Creating package script '/home/smarthc/ros2_ws/src/Sensor_drivers/ws_livox/install/livox_ros_driver2/share/livox_ros_driver2/package.ps1'
[22.585s] INFO:colcon.colcon_core.shell:Creating package descriptor '/home/smarthc/ros2_ws/src/Sensor_drivers/ws_livox/install/livox_ros_driver2/share/livox_ros_driver2/package.dsv'
[22.585s] INFO:colcon.colcon_core.shell:Creating package script '/home/smarthc/ros2_ws/src/Sensor_drivers/ws_livox/install/livox_ros_driver2/share/livox_ros_driver2/package.sh'
[22.585s] INFO:colcon.colcon_core.shell:Creating package script '/home/smarthc/ros2_ws/src/Sensor_drivers/ws_livox/install/livox_ros_driver2/share/livox_ros_driver2/package.bash'
[22.585s] INFO:colcon.colcon_core.shell:Creating package script '/home/smarthc/ros2_ws/src/Sensor_drivers/ws_livox/install/livox_ros_driver2/share/livox_ros_driver2/package.zsh'
[22.586s] Level 1:colcon.colcon_core.environment:create_file_with_runtime_dependencies(/home/smarthc/ros2_ws/src/Sensor_drivers/ws_livox/install/livox_ros_driver2/share/colcon-core/packages/livox_ros_driver2)
[22.586s] Level 1:colcon.colcon_core.environment:create_environment_scripts_only(livox_ros_driver2)
[22.586s] Level 1:colcon.colcon_core.environment:checking '/home/smarthc/ros2_ws/src/Sensor_drivers/ws_livox/install/livox_ros_driver2' for CMake module files
[22.586s] Level 1:colcon.colcon_core.environment:checking '/home/smarthc/ros2_ws/src/Sensor_drivers/ws_livox/install/livox_ros_driver2' for CMake config files
[22.586s] Level 1:colcon.colcon_core.shell:create_environment_hook('livox_ros_driver2', 'cmake_prefix_path')
[22.587s] INFO:colcon.colcon_core.shell:Creating environment hook '/home/smarthc/ros2_ws/src/Sensor_drivers/ws_livox/install/livox_ros_driver2/share/livox_ros_driver2/hook/cmake_prefix_path.ps1'
[22.587s] INFO:colcon.colcon_core.shell:Creating environment descriptor '/home/smarthc/ros2_ws/src/Sensor_drivers/ws_livox/install/livox_ros_driver2/share/livox_ros_driver2/hook/cmake_prefix_path.dsv'
[22.587s] INFO:colcon.colcon_core.shell:Creating environment hook '/home/smarthc/ros2_ws/src/Sensor_drivers/ws_livox/install/livox_ros_driver2/share/livox_ros_driver2/hook/cmake_prefix_path.sh'
[22.587s] Level 1:colcon.colcon_core.environment:checking '/home/smarthc/ros2_ws/src/Sensor_drivers/ws_livox/install/livox_ros_driver2/lib'
[22.587s] Level 1:colcon.colcon_core.shell:create_environment_hook('livox_ros_driver2', 'ld_library_path_lib')
[22.587s] INFO:colcon.colcon_core.shell:Creating environment hook '/home/smarthc/ros2_ws/src/Sensor_drivers/ws_livox/install/livox_ros_driver2/share/livox_ros_driver2/hook/ld_library_path_lib.ps1'
[22.587s] INFO:colcon.colcon_core.shell:Creating environment descriptor '/home/smarthc/ros2_ws/src/Sensor_drivers/ws_livox/install/livox_ros_driver2/share/livox_ros_driver2/hook/ld_library_path_lib.dsv'
[22.588s] INFO:colcon.colcon_core.shell:Creating environment hook '/home/smarthc/ros2_ws/src/Sensor_drivers/ws_livox/install/livox_ros_driver2/share/livox_ros_driver2/hook/ld_library_path_lib.sh'
[22.588s] Level 1:colcon.colcon_core.environment:checking '/home/smarthc/ros2_ws/src/Sensor_drivers/ws_livox/install/livox_ros_driver2/bin'
[22.588s] Level 1:colcon.colcon_core.environment:checking '/home/smarthc/ros2_ws/src/Sensor_drivers/ws_livox/install/livox_ros_driver2/lib/pkgconfig/livox_ros_driver2.pc'
[22.588s] Level 1:colcon.colcon_core.environment:checking '/home/smarthc/ros2_ws/src/Sensor_drivers/ws_livox/install/livox_ros_driver2/lib/python3.10/site-packages'
[22.588s] Level 1:colcon.colcon_core.environment:checking '/home/smarthc/ros2_ws/src/Sensor_drivers/ws_livox/install/livox_ros_driver2/bin'
[22.588s] INFO:colcon.colcon_core.shell:Creating package script '/home/smarthc/ros2_ws/src/Sensor_drivers/ws_livox/install/livox_ros_driver2/share/livox_ros_driver2/package.ps1'
[22.588s] INFO:colcon.colcon_core.shell:Creating package descriptor '/home/smarthc/ros2_ws/src/Sensor_drivers/ws_livox/install/livox_ros_driver2/share/livox_ros_driver2/package.dsv'
[22.588s] INFO:colcon.colcon_core.shell:Creating package script '/home/smarthc/ros2_ws/src/Sensor_drivers/ws_livox/install/livox_ros_driver2/share/livox_ros_driver2/package.sh'
[22.589s] INFO:colcon.colcon_core.shell:Creating package script '/home/smarthc/ros2_ws/src/Sensor_drivers/ws_livox/install/livox_ros_driver2/share/livox_ros_driver2/package.bash'
[22.589s] INFO:colcon.colcon_core.shell:Creating package script '/home/smarthc/ros2_ws/src/Sensor_drivers/ws_livox/install/livox_ros_driver2/share/livox_ros_driver2/package.zsh'
[22.589s] Level 1:colcon.colcon_core.environment:create_file_with_runtime_dependencies(/home/smarthc/ros2_ws/src/Sensor_drivers/ws_livox/install/livox_ros_driver2/share/colcon-core/packages/livox_ros_driver2)
[50.916s] DEBUG:colcon.colcon_core.event_handler.log_command:Invoked command in '/home/smarthc/ros2_ws/src/Sensor_drivers/ws_livox/build/livox_sdk2' returned '0': /usr/bin/cmake --build /home/smarthc/ros2_ws/src/Sensor_drivers/ws_livox/build/livox_sdk2
[50.917s] DEBUG:colcon.colcon_core.event_handler.log_command:Invoking command in '/home/smarthc/ros2_ws/src/Sensor_drivers/ws_livox/build/livox_sdk2': /usr/bin/cmake --install /home/smarthc/ros2_ws/src/Sensor_drivers/ws_livox/build/livox_sdk2
[50.937s] Level 1:colcon.colcon_core.environment:create_environment_scripts_only(livox_sdk2)
[50.937s] Level 1:colcon.colcon_core.environment:checking '/home/smarthc/ros2_ws/src/Sensor_drivers/ws_livox/install/livox_sdk2' for CMake module files
[50.937s] Level 1:colcon.colcon_core.environment:checking '/home/smarthc/ros2_ws/src/Sensor_drivers/ws_livox/install/livox_sdk2' for CMake config files
[50.938s] DEBUG:colcon.colcon_core.event_handler.log_command:Invoked command in '/home/smarthc/ros2_ws/src/Sensor_drivers/ws_livox/build/livox_sdk2' returned '0': /usr/bin/cmake --install /home/smarthc/ros2_ws/src/Sensor_drivers/ws_livox/build/livox_sdk2
[50.938s] Level 1:colcon.colcon_core.environment:checking '/home/smarthc/ros2_ws/src/Sensor_drivers/ws_livox/install/livox_sdk2/lib'
[50.938s] Level 1:colcon.colcon_core.shell:create_environment_hook('livox_sdk2', 'ld_library_path_lib')
[50.938s] INFO:colcon.colcon_core.shell:Creating environment hook '/home/smarthc/ros2_ws/src/Sensor_drivers/ws_livox/install/livox_sdk2/share/livox_sdk2/hook/ld_library_path_lib.ps1'
[50.938s] INFO:colcon.colcon_core.shell:Creating environment descriptor '/home/smarthc/ros2_ws/src/Sensor_drivers/ws_livox/install/livox_sdk2/share/livox_sdk2/hook/ld_library_path_lib.dsv'
[50.938s] INFO:colcon.colcon_core.shell:Creating environment hook '/home/smarthc/ros2_ws/src/Sensor_drivers/ws_livox/install/livox_sdk2/share/livox_sdk2/hook/ld_library_path_lib.sh'
[50.938s] Level 1:colcon.colcon_core.environment:checking '/home/smarthc/ros2_ws/src/Sensor_drivers/ws_livox/install/livox_sdk2/bin'
[50.938s] Level 1:colcon.colcon_core.environment:checking '/home/smarthc/ros2_ws/src/Sensor_drivers/ws_livox/install/livox_sdk2/lib/pkgconfig/livox_sdk2.pc'
[50.939s] Level 1:colcon.colcon_core.environment:checking '/home/smarthc/ros2_ws/src/Sensor_drivers/ws_livox/install/livox_sdk2/lib/python3.10/site-packages'
[50.939s] Level 1:colcon.colcon_core.environment:checking '/home/smarthc/ros2_ws/src/Sensor_drivers/ws_livox/install/livox_sdk2/bin'
[50.939s] INFO:colcon.colcon_core.shell:Creating package script '/home/smarthc/ros2_ws/src/Sensor_drivers/ws_livox/install/livox_sdk2/share/livox_sdk2/package.ps1'
[50.939s] INFO:colcon.colcon_core.shell:Creating package descriptor '/home/smarthc/ros2_ws/src/Sensor_drivers/ws_livox/install/livox_sdk2/share/livox_sdk2/package.dsv'
[50.939s] INFO:colcon.colcon_core.shell:Creating package script '/home/smarthc/ros2_ws/src/Sensor_drivers/ws_livox/install/livox_sdk2/share/livox_sdk2/package.sh'
[50.939s] INFO:colcon.colcon_core.shell:Creating package script '/home/smarthc/ros2_ws/src/Sensor_drivers/ws_livox/install/livox_sdk2/share/livox_sdk2/package.bash'
[50.939s] INFO:colcon.colcon_core.shell:Creating package script '/home/smarthc/ros2_ws/src/Sensor_drivers/ws_livox/install/livox_sdk2/share/livox_sdk2/package.zsh'
[50.939s] Level 1:colcon.colcon_core.environment:create_file_with_runtime_dependencies(/home/smarthc/ros2_ws/src/Sensor_drivers/ws_livox/install/livox_sdk2/share/colcon-core/packages/livox_sdk2)
[50.940s] DEBUG:colcon.colcon_parallel_executor.executor.parallel:closing loop
[50.940s] DEBUG:colcon.colcon_parallel_executor.executor.parallel:loop closed
[50.940s] DEBUG:colcon.colcon_parallel_executor.executor.parallel:run_until_complete finished with '0'
[50.940s] DEBUG:colcon.colcon_core.event_reactor:joining thread
[50.944s] INFO:colcon.colcon_core.plugin_system:Skipping extension 'colcon_notification.desktop_notification.terminal_notifier': Not used on non-Darwin systems
[50.944s] INFO:colcon.colcon_core.plugin_system:Skipping extension 'colcon_notification.desktop_notification.win32': Not used on non-Windows systems
[50.944s] INFO:colcon.colcon_notification.desktop_notification:Sending desktop notification using 'notify2'
[50.951s] DEBUG:colcon.colcon_core.event_reactor:joined thread
[50.951s] INFO:colcon.colcon_core.shell:Creating prefix script '/home/smarthc/ros2_ws/src/Sensor_drivers/ws_livox/install/local_setup.ps1'
[50.952s] INFO:colcon.colcon_core.shell:Creating prefix util module '/home/smarthc/ros2_ws/src/Sensor_drivers/ws_livox/install/_local_setup_util_ps1.py'
[50.953s] INFO:colcon.colcon_core.shell:Creating prefix chain script '/home/smarthc/ros2_ws/src/Sensor_drivers/ws_livox/install/setup.ps1'
[50.954s] INFO:colcon.colcon_core.shell:Creating prefix script '/home/smarthc/ros2_ws/src/Sensor_drivers/ws_livox/install/local_setup.sh'
[50.955s] INFO:colcon.colcon_core.shell:Creating prefix util module '/home/smarthc/ros2_ws/src/Sensor_drivers/ws_livox/install/_local_setup_util_sh.py'
[50.955s] INFO:colcon.colcon_core.shell:Creating prefix chain script '/home/smarthc/ros2_ws/src/Sensor_drivers/ws_livox/install/setup.sh'
[50.956s] INFO:colcon.colcon_core.shell:Creating prefix script '/home/smarthc/ros2_ws/src/Sensor_drivers/ws_livox/install/local_setup.bash'
[50.956s] INFO:colcon.colcon_core.shell:Creating prefix chain script '/home/smarthc/ros2_ws/src/Sensor_drivers/ws_livox/install/setup.bash'
[50.957s] INFO:colcon.colcon_core.shell:Creating prefix script '/home/smarthc/ros2_ws/src/Sensor_drivers/ws_livox/install/local_setup.zsh'
[50.957s] INFO:colcon.colcon_core.shell:Creating prefix chain script '/home/smarthc/ros2_ws/src/Sensor_drivers/ws_livox/install/setup.zsh'
